Component: ARM Compiler 5.06 update 1 (build 61) Tool: armlink [4d35a8]

==============================================================================

Section Cross References

    main.o(.text) refers to _printf_percent.o(.ARM.Collect$$_printf_percent$$00000000) for _printf_percent
    main.o(.text) refers to _printf_x.o(.ARM.Collect$$_printf_percent$$0000000C) for _printf_x
    main.o(.text) refers to _printf_hex_int_ll_ptr.o(.text) for _printf_longlong_hex
    main.o(.text) refers to _printf_d.o(.ARM.Collect$$_printf_percent$$00000009) for _printf_d
    main.o(.text) refers to _printf_dec.o(.text) for _printf_int_dec
    main.o(.text) refers to _printf_s.o(.ARM.Collect$$_printf_percent$$00000014) for _printf_s
    main.o(.text) refers to _printf_str.o(.text) for _printf_str
    main.o(.text) refers to stm32f10x_rcc.o(.text) for RCC_APB2PeriphClockCmd
    main.o(.text) refers to stm32f10x_gpio.o(.text) for GPIO_Init
    main.o(.text) refers to gpio.o(.text) for gpio_config
    main.o(.text) refers to delay.o(.text) for delay_init
    main.o(.text) refers to adc.o(.text) for adc1_config
    main.o(.text) refers to misc.o(.text) for NVIC_PriorityGroupConfig
    main.o(.text) refers to usart.o(.text) for uart_init
    main.o(.text) refers to usart1.o(.text) for usart3_init
    main.o(.text) refers to __2printf.o(.text) for __2printf
    main.o(.text) refers to time6.o(.text) for TIM6_Int_Init
    main.o(.text) refers to esp8266.o(.text) for esp8266_Config
    main.o(.text) refers to h1_alloc.o(.text) for malloc
    main.o(.text) refers to dataprocessing.o(.text) for set_data
    main.o(.text) refers to h1_free.o(.text) for free
    main.o(.text) refers to __2sprintf.o(.text) for __2sprintf
    main.o(.text) refers to usart.o(.data) for USART_RX_STA
    main.o(.text) refers to usart.o(.bss) for USART_RX_BUF
    main.o(.text) refers to main.o(.data) for processOK
    main.o(.text) refers to usart1.o(.data) for USART3_RX_STA
    main.o(.text) refers to usart1.o(.bss) for USART3_RX_BUF
    main.o(.text) refers to main.o(.bss) for sendAllData
    system_stm32f10x.o(.text) refers to system_stm32f10x.o(.data) for SystemCoreClock
    startup_stm32f10x_hd.o(STACK) refers (Special) to heapauxi.o(.text) for __use_two_region_memory
    startup_stm32f10x_hd.o(HEAP) refers (Special) to heapauxi.o(.text) for __use_two_region_memory
    startup_stm32f10x_hd.o(RESET) refers (Special) to heapauxi.o(.text) for __use_two_region_memory
    startup_stm32f10x_hd.o(RESET) refers to startup_stm32f10x_hd.o(STACK) for __initial_sp
    startup_stm32f10x_hd.o(RESET) refers to startup_stm32f10x_hd.o(.text) for Reset_Handler
    startup_stm32f10x_hd.o(RESET) refers to stm32f10x_it.o(.text) for NMI_Handler
    startup_stm32f10x_hd.o(RESET) refers to usart.o(.text) for USART1_IRQHandler
    startup_stm32f10x_hd.o(RESET) refers to usart1.o(.text) for USART3_IRQHandler
    startup_stm32f10x_hd.o(RESET) refers to time6.o(.text) for TIM6_IRQHandler
    startup_stm32f10x_hd.o(RESET) refers to timer7.o(.text) for TIM7_IRQHandler
    startup_stm32f10x_hd.o(.text) refers (Special) to heapauxi.o(.text) for __use_two_region_memory
    startup_stm32f10x_hd.o(.text) refers to system_stm32f10x.o(.text) for SystemInit
    startup_stm32f10x_hd.o(.text) refers to __main.o(!!!main) for __main
    startup_stm32f10x_hd.o(.text) refers to startup_stm32f10x_hd.o(HEAP) for Heap_Mem
    startup_stm32f10x_hd.o(.text) refers to startup_stm32f10x_hd.o(STACK) for Stack_Mem
    stm32f10x_adc.o(.text) refers to stm32f10x_rcc.o(.text) for RCC_APB2PeriphResetCmd
    stm32f10x_bkp.o(.text) refers to stm32f10x_rcc.o(.text) for RCC_BackupResetCmd
    stm32f10x_can.o(.text) refers to stm32f10x_rcc.o(.text) for RCC_APB1PeriphResetCmd
    stm32f10x_cec.o(.text) refers to stm32f10x_rcc.o(.text) for RCC_APB1PeriphResetCmd
    stm32f10x_dac.o(.text) refers to stm32f10x_rcc.o(.text) for RCC_APB1PeriphResetCmd
    stm32f10x_gpio.o(.text) refers to stm32f10x_rcc.o(.text) for RCC_APB2PeriphResetCmd
    stm32f10x_i2c.o(.text) refers to stm32f10x_rcc.o(.text) for RCC_APB1PeriphResetCmd
    stm32f10x_pwr.o(.text) refers to stm32f10x_rcc.o(.text) for RCC_APB1PeriphResetCmd
    stm32f10x_rcc.o(.text) refers to stm32f10x_rcc.o(.data) for APBAHBPrescTable
    stm32f10x_spi.o(.text) refers to stm32f10x_rcc.o(.text) for RCC_APB2PeriphResetCmd
    stm32f10x_tim.o(.text) refers to stm32f10x_rcc.o(.text) for RCC_APB2PeriphResetCmd
    stm32f10x_usart.o(.text) refers to stm32f10x_rcc.o(.text) for RCC_APB2PeriphResetCmd
    stm32f10x_wwdg.o(.text) refers to stm32f10x_rcc.o(.text) for RCC_APB1PeriphResetCmd
    delay.o(.text) refers to misc.o(.text) for SysTick_CLKSourceConfig
    delay.o(.text) refers to system_stm32f10x.o(.data) for SystemCoreClock
    delay.o(.text) refers to delay.o(.data) for fac_us
    usart.o(.text) refers to stm32f10x_rcc.o(.text) for RCC_APB2PeriphClockCmd
    usart.o(.text) refers to stm32f10x_gpio.o(.text) for GPIO_Init
[...]
    UART4_IRQHandler                         0x08000a17   Thumb Code     0  startup_stm32f10x_hd.o(.text)
    UART5_IRQHandler                         0x08000a17   Thumb Code     0  startup_stm32f10x_hd.o(.text)
    USART2_IRQHandler                        0x08000a17   Thumb Code     0  startup_stm32f10x_hd.o(.text)
    USBWakeUp_IRQHandler                     0x08000a17   Thumb Code     0  startup_stm32f10x_hd.o(.text)
    USB_HP_CAN1_TX_IRQHandler                0x08000a17   Thumb Code     0  startup_stm32f10x_hd.o(.text)
    USB_LP_CAN1_RX0_IRQHandler               0x08000a17   Thumb Code     0  startup_stm32f10x_hd.o(.text)
    WWDG_IRQHandler                          0x08000a17   Thumb Code     0  startup_stm32f10x_hd.o(.text)
    __user_initial_stackheap                 0x08000a19   Thumb Code     0  startup_stm32f10x_hd.o(.text)
    NVIC_PriorityGroupConfig                 0x08000a3d   Thumb Code    10  misc.o(.text)
    NVIC_Init                                0x08000a47   Thumb Code   100  misc.o(.text)
    NVIC_SetVectorTable                      0x08000aab   Thumb Code    14  misc.o(.text)
    NVIC_SystemLPConfig                      0x08000ab9   Thumb Code    34  misc.o(.text)
    SysTick_CLKSourceConfig                  0x08000adb   Thumb Code    40  misc.o(.text)
    ADC_DeInit                               0x08000b19   Thumb Code    78  stm32f10x_adc.o(.text)
    ADC_Init                                 0x08000b67   Thumb Code    70  stm32f10x_adc.o(.text)
    ADC_StructInit                           0x08000bad   Thumb Code    18  stm32f10x_adc.o(.text)
    ADC_Cmd                                  0x08000bbf   Thumb Code    22  stm32f10x_adc.o(.text)
    ADC_DMACmd                               0x08000bd5   Thumb Code    22  stm32f10x_adc.o(.text)
    ADC_ITConfig                             0x08000beb   Thumb Code    24  stm32f10x_adc.o(.text)
    ADC_ResetCalibration                     0x08000c03   Thumb Code    10  stm32f10x_adc.o(.text)
    ADC_GetResetCalibrationStatus            0x08000c0d   Thumb Code    20  stm32f10x_adc.o(.text)
    ADC_StartCalibration                     0x08000c21   Thumb Code    10  stm32f10x_adc.o(.text)
    ADC_GetCalibrationStatus                 0x08000c2b   Thumb Code    20  stm32f10x_adc.o(.text)
    ADC_SoftwareStartConvCmd                 0x08000c3f   Thumb Code    22  stm32f10x_adc.o(.text)
    ADC_GetSoftwareStartConvStatus           0x08000c55   Thumb Code    20  stm32f10x_adc.o(.text)
    ADC_DiscModeChannelCountConfig           0x08000c69   Thumb Code    24  stm32f10x_adc.o(.text)
    ADC_DiscModeCmd                          0x08000c81   Thumb Code    22  stm32f10x_adc.o(.text)
    ADC_RegularChannelConfig                 0x08000c97   Thumb Code   184  stm32f10x_adc.o(.text)
    ADC_ExternalTrigConvCmd                  0x08000d4f   Thumb Code    22  stm32f10x_adc.o(.text)
    ADC_GetConversionValue                   0x08000d65   Thumb Code     8  stm32f10x_adc.o(.text)
    ADC_GetDualModeConversionValue           0x08000d6d   Thumb Code     8  stm32f10x_adc.o(.text)
    ADC_AutoInjectedConvCmd                  0x08000d75   Thumb Code    22  stm32f10x_adc.o(.text)
    ADC_InjectedDiscModeCmd                  0x08000d8b   Thumb Code    22  stm32f10x_adc.o(.text)
    ADC_ExternalTrigInjectedConvConfig       0x08000da1   Thumb Code    16  stm32f10x_adc.o(.text)
    ADC_ExternalTrigInjectedConvCmd          0x08000db1   Thumb Code    22  stm32f10x_adc.o(.text)
    ADC_SoftwareStartInjectedConvCmd         0x08000dc7   Thumb Code    22  stm32f10x_adc.o(.text)
    ADC_GetSoftwareStartInjectedConvCmdStatus 0x08000ddd   Thumb Code    20  stm32f10x_adc.o(.text)
    ADC_InjectedChannelConfig                0x08000df1   Thumb Code   130  stm32f10x_adc.o(.text)
    ADC_InjectedSequencerLengthConfig        0x08000e73   Thumb Code    24  stm32f10x_adc.o(.text)
    ADC_SetInjectedOffset                    0x08000e8b   Thumb Code    20  stm32f10x_adc.o(.text)
    ADC_GetInjectedConversionValue           0x08000e9f   Thumb Code    28  stm32f10x_adc.o(.text)
    ADC_AnalogWatchdogCmd                    0x08000ebb   Thumb Code    16  stm32f10x_adc.o(.text)
    ADC_AnalogWatchdogThresholdsConfig       0x08000ecb   Thumb Code     6  stm32f10x_adc.o(.text)
    ADC_AnalogWatchdogSingleChannelConfig    0x08000ed1   Thumb Code    16  stm32f10x_adc.o(.text)
    ADC_TempSensorVrefintCmd                 0x08000ee1   Thumb Code    64  stm32f10x_adc.o(.text)
    ADC_GetFlagStatus                        0x08000f21   Thumb Code    18  stm32f10x_adc.o(.text)
    ADC_ClearFlag                            0x08000f33   Thumb Code     6  stm32f10x_adc.o(.text)
    ADC_GetITStatus                          0x08000f39   Thumb Code    36  stm32f10x_adc.o(.text)
    ADC_ClearITPendingBit                    0x08000f5d   Thumb Code    10  stm32f10x_adc.o(.text)
    GPIO_DeInit                              0x08000f69   Thumb Code   172  stm32f10x_gpio.o(.text)
    GPIO_AFIODeInit                          0x08001015   Thumb Code    20  stm32f10x_gpio.o(.text)
    GPIO_Init                                0x08001029   Thumb Code   278  stm32f10x_gpio.o(.text)
    GPIO_StructInit                          0x0800113f   Thumb Code    16  stm32f10x_gpio.o(.text)
    GPIO_ReadInputDataBit                    0x0800114f   Thumb Code    18  stm32f10x_gpio.o(.text)
    GPIO_ReadInputData                       0x08001161   Thumb Code     8  stm32f10x_gpio.o(.text)
    GPIO_ReadOutputDataBit                   0x08001169   Thumb Code    18  stm32f10x_gpio.o(.text)
    GPIO_ReadOutputData                      0x0800117b   Thumb Code     8  stm32f10x_gpio.o(.text)
    GPIO_SetBits                             0x08001183   Thumb Code     4  stm32f10x_gpio.o(.text)
    GPIO_ResetBits                           0x08001187   Thumb Code     4  stm32f10x_gpio.o(.text)
    GPIO_WriteBit                            0x0800118b   Thumb Code    10  stm32f10x_gpio.o(.text)
    GPIO_Write                               0x08001195   Thumb Code     4  stm32f10x_gpio.o(.text)
    GPIO_PinLockConfig                       0x08001199   Thumb Code    18  stm32f10x_gpio.o(.text)
    GPIO_EventOutputConfig                   0x080011ab   Thumb Code    26  stm32f10x_gpio.o(.text)
    GPIO_EventOutputCmd                      0x080011c5   Thumb Code     6  stm32f10x_gpio.o(.text)
    GPIO_PinRemapConfig                      0x080011cb   Thumb Code   138  stm32f10x_gpio.o(.text)
    GPIO_EXTILineConfig                      0x08001255   Thumb Code    66  stm32f10x_gpio.o(.text)
    GPIO_ETH_MediaInterfaceConfig            0x08001297   Thumb Code     8  stm32f10x_gpio.o(.text)
    RCC_DeInit                               0x080012c5   Thumb Code    64  stm32f10x_rcc.o(.text)
    RCC_HSEConfig                            0x08001305   Thumb Code    70  stm32f10x_rcc.o(.text)
    RCC_GetFlagStatus                        0x0800134b   Thumb Code    56  stm32f10x_rcc.o(.text)
    RCC_WaitForHSEStartUp                    0x08001383   Thumb Code    56  stm32f10x_rcc.o(.text)
    RCC_AdjustHSICalibrationValue            0x080013bb   Thumb Code    20  stm32f10x_rcc.o(.text)
    RCC_HSICmd                               0x080013cf   Thumb Code     6  stm32f10x_rcc.o(.text)
    RCC_PLLConfig                            0x080013d5   Thumb Code    24  stm32f10x_rcc.o(.text)
    RCC_PLLCmd                               0x080013ed   Thumb Code     6  stm32f10x_rcc.o(.text)
    RCC_SYSCLKConfig                         0x080013f3   Thumb Code    18  stm32f10x_rcc.o(.text)
    RCC_GetSYSCLKSource                      0x08001405   Thumb Code    10  stm32f10x_rcc.o(.text)
    RCC_HCLKConfig                           0x0800140f   Thumb Code    18  stm32f10x_rcc.o(.text)
    RCC_PCLK1Config                          0x08001421   Thumb Code    18  stm32f10x_rcc.o(.text)
    RCC_PCLK2Config                          0x08001433   Thumb Code    20  stm32f10x_rcc.o(.text)
    RCC_ITConfig                             0x08001447   Thumb Code    26  stm32f10x_rcc.o(.text)
    RCC_USBCLKConfig                         0x08001461   Thumb Code     8  stm32f10x_rcc.o(.text)
    RCC_ADCCLKConfig                         0x08001469   Thumb Code    18  stm32f10x_rcc.o(.text)
    RCC_LSEConfig                            0x0800147b   Thumb Code    50  stm32f10x_rcc.o(.text)
    RCC_LSICmd                               0x080014ad   Thumb Code     6  stm32f10x_rcc.o(.text)
    RCC_RTCCLKConfig                         0x080014b3   Thumb Code    12  stm32f10x_rcc.o(.text)
    RCC_RTCCLKCmd                            0x080014bf   Thumb Code     8  stm32f10x_rcc.o(.text)
    RCC_GetClocksFreq                        0x080014c7   Thumb Code   192  stm32f10x_rcc.o(.text)
    RCC_AHBPeriphClockCmd                    0x08001587   Thumb Code    26  stm32f10x_rcc.o(.text)
    RCC_APB2PeriphClockCmd                   0x080015a1   Thumb Code    26  stm32f10x_rcc.o(.text)
    RCC_APB1PeriphClockCmd                   0x080015bb   Thumb Code    26  stm32f10x_rcc.o(.text)
    RCC_APB2PeriphResetCmd                   0x080015d5   Thumb Code    26  stm32f10x_rcc.o(.text)
    RCC_APB1PeriphResetCmd                   0x080015ef   Thumb Code    26  stm32f10x_rcc.o(.text)
    RCC_BackupResetCmd                       0x08001609   Thumb Code     8  stm32f10x_rcc.o(.text)
    RCC_ClockSecuritySystemCmd               0x08001611   Thumb Code     6  stm32f10x_rcc.o(.text)
    RCC_MCOConfig                            0x08001617   Thumb Code     6  stm32f10x_rcc.o(.text)
    RCC_ClearFlag                            0x0800161d   Thumb Code    14  stm32f10x_rcc.o(.text)
    RCC_GetITStatus                          0x0800162b   Thumb Code    20  stm32f10x_rcc.o(.text)
    RCC_ClearITPendingBit                    0x0800163f   Thumb Code     6  stm32f10x_rcc.o(.text)
    TIM_DeInit                               0x08001669   Thumb Code   424  stm32f10x_tim.o(.text)
    TIM_TimeBaseInit                         0x08001811   Thumb Code   122  stm32f10x_tim.o(.text)
    TIM_OC1Init                              0x0800188b   Thumb Code   132  stm32f10x_tim.o(.text)
    TIM_OC2Init                              0x0800190f   Thumb Code   154  stm32f10x_tim.o(.text)
    TIM_OC3Init                              0x080019a9   Thumb Code   150  stm32f10x_tim.o(.text)
    TIM_OC4Init                              0x08001a3f   Thumb Code   182  stm32f10x_tim.o(.text)
    TIM_SetIC4Prescaler                      0x08001af5   Thumb Code    26  stm32f10x_tim.o(.text)
    TIM_SetIC3Prescaler                      0x08001b91   Thumb Code    18  stm32f10x_tim.o(.text)
    TIM_SetIC2Prescaler                      0x08001c1d   Thumb Code    26  stm32f10x_tim.o(.text)
    TIM_SetIC1Prescaler                      0x08001cb9   Thumb Code    18  stm32f10x_tim.o(.text)
    TIM_ICInit                               0x08001d37   Thumb Code   150  stm32f10x_tim.o(.text)
    TIM_PWMIConfig                           0x08001dcd   Thumb Code   124  stm32f10x_tim.o(.text)
    TIM_BDTRConfig                           0x08001e49   Thumb Code    32  stm32f10x_tim.o(.text)
    TIM_TimeBaseStructInit                   0x08001e69   Thumb Code    18  stm32f10x_tim.o(.text)
    TIM_OCStructInit                         0x08001e7b   Thumb Code    20  stm32f10x_tim.o(.text)
    TIM_ICStructInit                         0x08001e8f   Thumb Code    18  stm32f10x_tim.o(.text)
    TIM_BDTRStructInit                       0x08001ea1   Thumb Code    40  stm32f10x_tim.o(.text)
    TIM_Cmd                                  0x08001ec9   Thumb Code    24  stm32f10x_tim.o(.text)
    TIM_CtrlPWMOutputs                       0x08001ee1   Thumb Code    30  stm32f10x_tim.o(.text)
    TIM_ITConfig                             0x08001eff   Thumb Code    18  stm32f10x_tim.o(.text)
    TIM_GenerateEvent                        0x08001f11   Thumb Code     4  stm32f10x_tim.o(.text)
    TIM_DMAConfig                            0x08001f15   Thumb Code    10  stm32f10x_tim.o(.text)
    TIM_DMACmd                               0x08001f1f   Thumb Code    18  stm32f10x_tim.o(.text)
    TIM_InternalClockConfig                  0x08001f31   Thumb Code    12  stm32f10x_tim.o(.text)
    TIM_SelectInputTrigger                   0x08001f3d   Thumb Code    18  stm32f10x_tim.o(.text)
    TIM_ITRxExternalClockConfig              0x08001f4f   Thumb Code    24  stm32f10x_tim.o(.text)
    TIM_TIxExternalClockConfig               0x08001f67   Thumb Code    62  stm32f10x_tim.o(.text)
    TIM_ETRConfig                            0x08001fa5   Thumb Code    28  stm32f10x_tim.o(.text)
    TIM_ETRClockMode1Config                  0x08001fc1   Thumb Code    54  stm32f10x_tim.o(.text)
    TIM_ETRClockMode2Config                  0x08001ff7   Thumb Code    32  stm32f10x_tim.o(.text)
    TIM_PrescalerConfig                      0x08002017   Thumb Code     6  stm32f10x_tim.o(.text)
    TIM_CounterModeConfig                    0x0800201d   Thumb Code    18  stm32f10x_tim.o(.text)
    TIM_EncoderInterfaceConfig               0x0800202f   Thumb Code    66  stm32f10x_tim.o(.text)
    TIM_ForcedOC1Config                      0x08002071   Thumb Code    18  stm32f10x_tim.o(.text)
    TIM_ForcedOC2Config                      0x08002083   Thumb Code    26  stm32f10x_tim.o(.text)
    TIM_ForcedOC3Config                      0x0800209d   Thumb Code    18  stm32f10x_tim.o(.text)
    TIM_ForcedOC4Config                      0x080020af   Thumb Code    26  stm32f10x_tim.o(.text)
    TIM_ARRPreloadConfig                     0x080020c9   Thumb Code    24  stm32f10x_tim.o(.text)
    TIM_SelectCOM                            0x080020e1   Thumb Code    24  stm32f10x_tim.o(.text)
    TIM_SelectCCDMA                          0x080020f9   Thumb Code    24  stm32f10x_tim.o(.text)
    TIM_CCPreloadControl                     0x08002111   Thumb Code    24  stm32f10x_tim.o(.text)
    TIM_OC1PreloadConfig                     0x08002129   Thumb Code    18  stm32f10x_tim.o(.text)
    TIM_OC2PreloadConfig                     0x0800213b   Thumb Code    26  stm32f10x_tim.o(.text)
    TIM_OC3PreloadConfig                     0x08002155   Thumb Code    18  stm32f10x_tim.o(.text)
    TIM_OC4PreloadConfig                     0x08002167   Thumb Code    26  stm32f10x_tim.o(.text)
    TIM_OC1FastConfig                        0x08002181   Thumb Code    18  stm32f10x_tim.o(.text)
    TIM_OC2FastConfig                        0x08002193   Thumb Code    26  stm32f10x_tim.o(.text)
    TIM_OC3FastConfig                        0x080021ad   Thumb Code    18  stm32f10x_tim.o(.text)
    TIM_OC4FastConfig                        0x080021bf   Thumb Code    26  stm32f10x_tim.o(.text)
    TIM_ClearOC1Ref                          0x080021d9   Thumb Code    18  stm32f10x_tim.o(.text)
    TIM_ClearOC2Ref                          0x080021eb   Thumb Code    24  stm32f10x_tim.o(.text)
    TIM_ClearOC3Ref                          0x08002203   Thumb Code    18  stm32f10x_tim.o(.text)
    TIM_ClearOC4Ref                          0x08002215   Thumb Code    24  stm32f10x_tim.o(.text)
    TIM_OC1PolarityConfig                    0x0800222d   Thumb Code    18  stm32f10x_tim.o(.text)
    TIM_OC1NPolarityConfig                   0x0800223f   Thumb Code    18  stm32f10x_tim.o(.text)
    TIM_OC2PolarityConfig                    0x08002251   Thumb Code    26  stm32f10x_tim.o(.text)
    TIM_OC2NPolarityConfig                   0x0800226b   Thumb Code    26  stm32f10x_tim.o(.text)
    TIM_OC3PolarityConfig                    0x08002285   Thumb Code    26  stm32f10x_tim.o(.text)
    TIM_OC3NPolarityConfig                   0x0800229f   Thumb Code    26  stm32f10x_tim.o(.text)
    TIM_OC4PolarityConfig                    0x080022b9   Thumb Code    26  stm32f10x_tim.o(.text)
    TIM_CCxCmd                               0x080022d3   Thumb Code    30  stm32f10x_tim.o(.text)
    TIM_CCxNCmd                              0x080022f1   Thumb Code    30  stm32f10x_tim.o(.text)
    TIM_SelectOCxM                           0x0800230f   Thumb Code    82  stm32f10x_tim.o(.text)
    TIM_UpdateDisableConfig                  0x08002361   Thumb Code    24  stm32f10x_tim.o(.text)
    TIM_UpdateRequestConfig                  0x08002379   Thumb Code    24  stm32f10x_tim.o(.text)
    TIM_SelectHallSensor                     0x08002391   Thumb Code    24  stm32f10x_tim.o(.text)
    TIM_SelectOnePulseMode                   0x080023a9   Thumb Code    18  stm32f10x_tim.o(.text)
    TIM_SelectOutputTrigger                  0x080023bb   Thumb Code    18  stm32f10x_tim.o(.text)
    TIM_SelectSlaveMode                      0x080023cd   Thumb Code    18  stm32f10x_tim.o(.text)
    TIM_SelectMasterSlaveMode                0x080023df   Thumb Code    18  stm32f10x_tim.o(.text)
    TIM_SetCounter                           0x080023f1   Thumb Code     4  stm32f10x_tim.o(.text)
    TIM_SetAutoreload                        0x080023f5   Thumb Code     4  stm32f10x_tim.o(.text)
    TIM_SetCompare1                          0x080023f9   Thumb Code     4  stm32f10x_tim.o(.text)
    TIM_SetCompare2                          0x080023fd   Thumb Code     4  stm32f10x_tim.o(.text)
    TIM_SetCompare3                          0x08002401   Thumb Code     4  stm32f10x_tim.o(.text)
    TIM_SetCompare4                          0x08002405   Thumb Code     6  stm32f10x_tim.o(.text)
    TIM_SetClockDivision                     0x0800240b   Thumb Code    18  stm32f10x_tim.o(.text)
    TIM_GetCapture1                          0x0800241d   Thumb Code     6  stm32f10x_tim.o(.text)
    TIM_GetCapture2                          0x08002423   Thumb Code     6  stm32f10x_tim.o(.text)
    TIM_GetCapture3                          0x08002429   Thumb Code     6  stm32f10x_tim.o(.text)
    TIM_GetCapture4                          0x0800242f   Thumb Code     8  stm32f10x_tim.o(.text)
    TIM_GetCounter                           0x08002437   Thumb Code     6  stm32f10x_tim.o(.text)
    TIM_GetPrescaler                         0x0800243d   Thumb Code     6  stm32f10x_tim.o(.text)
    TIM_GetFlagStatus                        0x08002443   Thumb Code    18  stm32f10x_tim.o(.text)
    TIM_ClearFlag                            0x08002455   Thumb Code     6  stm32f10x_tim.o(.text)
    TIM_GetITStatus                          0x0800245b   Thumb Code    34  stm32f10x_tim.o(.text)
    TIM_ClearITPendingBit                    0x0800247d   Thumb Code     6  stm32f10x_tim.o(.text)
    USART_DeInit                             0x08002485   Thumb Code   134  stm32f10x_usart.o(.text)
    USART_Init                               0x0800250b   Thumb Code   210  stm32f10x_usart.o(.text)
    USART_StructInit                         0x080025dd   Thumb Code    24  stm32f10x_usart.o(.text)
    USART_ClockInit                          0x080025f5   Thumb Code    34  stm32f10x_usart.o(.text)
    USART_ClockStructInit                    0x08002617   Thumb Code    12  stm32f10x_usart.o(.text)
    USART_Cmd                                0x08002623   Thumb Code    24  stm32f10x_usart.o(.text)
    USART_ITConfig                           0x0800263b   Thumb Code    74  stm32f10x_usart.o(.text)
    USART_DMACmd                             0x08002685   Thumb Code    18  stm32f10x_usart.o(.text)
    USART_SetAddress                         0x08002697   Thumb Code    18  stm32f10x_usart.o(.text)
    USART_WakeUpConfig                       0x080026a9   Thumb Code    18  stm32f10x_usart.o(.text)
    USART_ReceiverWakeUpCmd                  0x080026bb   Thumb Code    24  stm32f10x_usart.o(.text)
    USART_LINBreakDetectLengthConfig         0x080026d3   Thumb Code    18  stm32f10x_usart.o(.text)
    USART_LINCmd                             0x080026e5   Thumb Code    24  stm32f10x_usart.o(.text)
    USART_SendData                           0x080026fd   Thumb Code     8  stm32f10x_usart.o(.text)
    USART_ReceiveData                        0x08002705   Thumb Code    10  stm32f10x_usart.o(.text)
    USART_SendBreak                          0x0800270f   Thumb Code    10  stm32f10x_usart.o(.text)
    USART_SetGuardTime                       0x08002719   Thumb Code    16  stm32f10x_usart.o(.text)
    USART_SetPrescaler                       0x08002729   Thumb Code    16  stm32f10x_usart.o(.text)
    USART_SmartCardCmd                       0x08002739   Thumb Code    24  stm32f10x_usart.o(.text)
    USART_SmartCardNACKCmd                   0x08002751   Thumb Code    24  stm32f10x_usart.o(.text)
    USART_HalfDuplexCmd                      0x08002769   Thumb Code    24  stm32f10x_usart.o(.text)
    USART_OverSampling8Cmd                   0x08002781   Thumb Code    22  stm32f10x_usart.o(.text)
    USART_OneBitMethodCmd                    0x08002797   Thumb Code    24  stm32f10x_usart.o(.text)
    USART_IrDAConfig                         0x080027af   Thumb Code    18  stm32f10x_usart.o(.text)
    USART_IrDACmd                            0x080027c1   Thumb Code    24  stm32f10x_usart.o(.text)
    USART_GetFlagStatus                      0x080027d9   Thumb Code    26  stm32f10x_usart.o(.text)
    USART_ClearFlag                          0x080027f3   Thumb Code    18  stm32f10x_usart.o(.text)
    USART_GetITStatus                        0x08002805   Thumb Code    84  stm32f10x_usart.o(.text)
    USART_ClearITPendingBit                  0x08002859   Thumb Code    52  stm32f10x_usart.o(.text)
    delay_init                               0x0800288d   Thumb Code    50  delay.o(.text)
    delay_us                                 0x080028bf   Thumb Code    72  delay.o(.text)
    delay_ms                                 0x08002907   Thumb Code    72  delay.o(.text)
    _sys_exit                                0x08002961   Thumb Code     4  usart.o(.text)
    fputc                                    0x08002965   Thumb Code    24  usart.o(.text)
    uart_init                                0x0800297d   Thumb Code   152  usart.o(.text)
    USART1_IRQHandler                        0x08002a15   Thumb Code   122  usart.o(.text)
    uart_send_buff                           0x08002a8f   Thumb Code    40  usart.o(.text)
    Delay                                    0x08002ac9   Thumb Code    12  esp8266.o(.text)
    esp8266_check_cmd                        0x08002ad5   Thumb Code    72  esp8266.o(.text)
    esp8266_send_cmd                         0x08002b1d   Thumb Code   110  esp8266.o(.text)
    esp8266_Config                           0x08002b8b   Thumb Code   158  esp8266.o(.text)
    esp8266_start_trans                      0x08002c29   Thumb Code    40  esp8266.o(.text)
    esp8266_quit_trans                       0x08002c51   Thumb Code   128  esp8266.o(.text)
    esp8266_send_data                        0x08002cd1   Thumb Code    88  esp8266.o(.text)
    TIM7_IRQHandler                          0x08002f55   Thumb Code    42  timer7.o(.text)
    TIM7_Int_Init                            0x08002f7f   Thumb Code    90  timer7.o(.text)
    usart3_init                              0x08002fe1   Thumb Code   192  usart1.o(.text)
    USART3_IRQHandler                        0x080030a1   Thumb Code   116  usart1.o(.text)
    u3_printf                                0x08003115   Thumb Code    78  usart1.o(.text)
    gpio_control_input_config                0x0800318d   Thumb Code    34  gpio.o(.text)
    gpio_control_output_config               0x080031af   Thumb Code    76  gpio.o(.text)
    gpio_config                              0x080031fb   Thumb Code    12  gpio.o(.text)
    adc1_config                              0x08003215   Thumb Code   146  adc.o(.text)
    adc2_config                              0x080032a7   Thumb Code   146  adc.o(.text)
    get_adc1                                 0x08003339   Thumb Code    44  adc.o(.text)
    get_adc2                                 0x08003365   Thumb Code    44  adc.o(.text)
    TIM6_Int_Init                            0x0800339d   Thumb Code    90  time6.o(.text)
    TIM6_IRQHandler                          0x080033f7   Thumb Code    80  time6.o(.text)
    set_data                                 0x08003459   Thumb Code    16  dataprocessing.o(.text)
    get_adc                                  0x08003469   Thumb Code    14  dataprocessing.o(.text)
    get_gpioc09_data                         0x08003477   Thumb Code    34  dataprocessing.o(.text)
    get_gpioc08_data                         0x08003499   Thumb Code    34  dataprocessing.o(.text)
    gpio_input_data_process                  0x080034bb   Thumb Code    72  dataprocessing.o(.text)
    gpio_a13a15_b0b4_binaryDataSet           0x08003503   Thumb Code   210  dataprocessing.o(.text)
    gpio_a3a8_a11a12_binaryDataSet           0x080035d5   Thumb Code   210  dataprocessing.o(.text)
    gpiob_control                            0x080036a7   Thumb Code   366  dataprocessing.o(.text)
    gpioa_control                            0x08003815   Thumb Code   424  dataprocessing.o(.text)
    gpio_output_control                      0x080039bd   Thumb Code    78  dataprocessing.o(.text)
    data_process                             0x08003a0b   Thumb Code  1210  dataprocessing.o(.text)
    get_gpioc_data                           0x08003ec5   Thumb Code   208  dataprocessing.o(.text)
    cJSON_GetErrorPtr                        0x08003f99   Thumb Code    12  cjson.o(.text)
    cJSON_IsString                           0x08003fa5   Thumb Code    22  cjson.o(.text)
    cJSON_GetStringValue                     0x08003fbb   Thumb Code    20  cjson.o(.text)
    cJSON_IsNumber                           0x08003fcf   Thumb Code    22  cjson.o(.text)
    cJSON_GetNumberValue                     0x08003fe5   Thumb Code    24  cjson.o(.text)
    cJSON_Version                            0x08003ffd   Thumb Code    22  cjson.o(.text)
    cJSON_InitHooks                          0x08004093   Thumb Code    82  cjson.o(.text)
    cJSON_Delete                             0x080040ff   Thumb Code    84  cjson.o(.text)
    cJSON_SetNumberHelper                    0x08004281   Thumb Code    72  cjson.o(.text)
    cJSON_free                               0x080042c9   Thumb Code    14  cjson.o(.text)
    cJSON_SetValuestring                     0x080042d7   Thumb Code    94  cjson.o(.text)
    cJSON_ParseWithLengthOpts                0x08004e85   Thumb Code   204  cjson.o(.text)
    cJSON_ParseWithOpts                      0x08004f51   Thumb Code    40  cjson.o(.text)
    cJSON_Parse                              0x08004f79   Thumb Code    16  cjson.o(.text)
    cJSON_ParseWithLength                    0x08004f89   Thumb Code    20  cjson.o(.text)
    cJSON_Print                              0x08005381   Thumb Code    16  cjson.o(.text)
    cJSON_PrintUnformatted                   0x08005391   Thumb Code    16  cjson.o(.text)
    cJSON_PrintBuffered                      0x080053a1   Thumb Code    90  cjson.o(.text)
    cJSON_PrintPreallocated                  0x080053fb   Thumb Code    64  cjson.o(.text)
    cJSON_GetArraySize                       0x0800543b   Thumb Code    28  cjson.o(.text)
    cJSON_GetArrayItem                       0x08005475   Thumb Code    24  cjson.o(.text)
    cJSON_GetObjectItem                      0x080054df   Thumb Code    18  cjson.o(.text)
    cJSON_GetObjectItemCaseSensitive         0x080054f1   Thumb Code    18  cjson.o(.text)
    cJSON_HasObjectItem                      0x08005503   Thumb Code    24  cjson.o(.text)
    cJSON_AddItemToArray                     0x08005593   Thumb Code    16  cjson.o(.text)
    cJSON_AddItemToObject                    0x0800561f   Thumb Code    26  cjson.o(.text)
    cJSON_AddItemToObjectCS                  0x08005639   Thumb Code    26  cjson.o(.text)
    cJSON_AddItemReferenceToArray            0x08005653   Thumb Code    32  cjson.o(.text)
    cJSON_AddItemReferenceToObject           0x08005673   Thumb Code    44  cjson.o(.text)
    cJSON_CreateNull                         0x0800569f   Thumb Code    20  cjson.o(.text)
    cJSON_AddNullToObject                    0x080056b3   Thumb Code    44  cjson.o(.text)
    cJSON_CreateTrue                         0x080056df   Thumb Code    20  cjson.o(.text)
    cJSON_AddTrueToObject                    0x080056f3   Thumb Code    44  cjson.o(.text)
    cJSON_CreateFalse                        0x0800571f   Thumb Code    20  cjson.o(.text)
    cJSON_AddFalseToObject                   0x08005733   Thumb Code    44  cjson.o(.text)
    cJSON_CreateBool                         0x0800575f   Thumb Code    34  cjson.o(.text)
    cJSON_AddBoolToObject                    0x08005781   Thumb Code    48  cjson.o(.text)
    cJSON_CreateNumber                       0x080057b1   Thumb Code    82  cjson.o(.text)
    cJSON_AddNumberToObject                  0x08005803   Thumb Code    56  cjson.o(.text)
    cJSON_CreateString                       0x0800583b   Thumb Code    46  cjson.o(.text)
    cJSON_AddStringToObject                  0x08005869   Thumb Code    48  cjson.o(.text)
    cJSON_CreateRaw                          0x08005899   Thumb Code    46  cjson.o(.text)
    cJSON_AddRawToObject                     0x080058c7   Thumb Code    48  cjson.o(.text)
    cJSON_CreateObject                       0x080058f7   Thumb Code    20  cjson.o(.text)
    cJSON_AddObjectToObject                  0x0800590b   Thumb Code    44  cjson.o(.text)
    cJSON_CreateArray                        0x08005937   Thumb Code    20  cjson.o(.text)
    cJSON_AddArrayToObject                   0x0800594b   Thumb Code    44  cjson.o(.text)
    cJSON_DetachItemViaPointer               0x08005977   Thumb Code    64  cjson.o(.text)
    cJSON_DetachItemFromArray                0x080059b7   Thumb Code    34  cjson.o(.text)
    cJSON_DeleteItemFromArray                0x080059d9   Thumb Code    22  cjson.o(.text)
    cJSON_DetachItemFromObject               0x080059ef   Thumb Code    26  cjson.o(.text)
    cJSON_DetachItemFromObjectCaseSensitive  0x08005a09   Thumb Code    26  cjson.o(.text)
    cJSON_DeleteItemFromObject               0x08005a23   Thumb Code    22  cjson.o(.text)
    cJSON_DeleteItemFromObjectCaseSensitive  0x08005a39   Thumb Code    22  cjson.o(.text)
    cJSON_InsertItemInArray                  0x08005a4f   Thumb Code    70  cjson.o(.text)
    cJSON_ReplaceItemViaPointer              0x08005a95   Thumb Code    96  cjson.o(.text)
    cJSON_ReplaceItemInArray                 0x08005af5   Thumb Code    42  cjson.o(.text)
    cJSON_ReplaceItemInObject                0x08005b89   Thumb Code    22  cjson.o(.text)
    cJSON_ReplaceItemInObjectCaseSensitive   0x08005b9f   Thumb Code    22  cjson.o(.text)
    cJSON_CreateStringReference              0x08005bb5   Thumb Code    32  cjson.o(.text)
    cJSON_CreateObjectReference              0x08005bd5   Thumb Code    32  cjson.o(.text)
    cJSON_CreateArrayReference               0x08005bf5   Thumb Code    32  cjson.o(.text)
    cJSON_CreateIntArray                     0x08005c15   Thumb Code   110  cjson.o(.text)
    cJSON_CreateFloatArray                   0x08005c83   Thumb Code   110  cjson.o(.text)
    cJSON_CreateDoubleArray                  0x08005cf1   Thumb Code   106  cjson.o(.text)
    cJSON_CreateStringArray                  0x08005d5b   Thumb Code   100  cjson.o(.text)
    cJSON_Duplicate                          0x08005dbf   Thumb Code   188  cjson.o(.text)
    cJSON_Minify                             0x08005f4b   Thumb Code   160  cjson.o(.text)
    cJSON_IsInvalid                          0x08005feb   Thumb Code    20  cjson.o(.text)
    cJSON_IsFalse                            0x08005fff   Thumb Code    20  cjson.o(.text)
    cJSON_IsTrue                             0x08006013   Thumb Code    22  cjson.o(.text)
    cJSON_IsBool                             0x08006029   Thumb Code    24  cjson.o(.text)
    cJSON_IsNull                             0x08006041   Thumb Code    22  cjson.o(.text)
    cJSON_IsArray                            0x08006057   Thumb Code    22  cjson.o(.text)
    cJSON_IsObject                           0x0800606d   Thumb Code    22  cjson.o(.text)
    cJSON_IsRaw                              0x08006083   Thumb Code    22  cjson.o(.text)
    cJSON_Compare                            0x08006099   Thumb Code   384  cjson.o(.text)
    cJSON_malloc                             0x08006219   Thumb Code    14  cjson.o(.text)
    malloc                                   0x0800622d   Thumb Code    94  h1_alloc.o(.text)
    free                                     0x0800628b   Thumb Code    78  h1_free.o(.text)
    realloc                                  0x080062d9   Thumb Code   184  h1_realloc.o(.text)
    tolower                                  0x08006391   Thumb Code    26  tolower.o(.text)
    vsprintf                                 0x080063ad   Thumb Code    32  vsprintf.o(.text)
    __2printf                                0x080063d1   Thumb Code    20  __2printf.o(.text)
    __2sprintf                               0x080063e9   Thumb Code    38  __2sprintf.o(.text)
    _printf_pre_padding                      0x08006415   Thumb Code    44  _printf_pad.o(.text)
    _printf_post_padding                     0x08006441   Thumb Code    34  _printf_pad.o(.text)
    _printf_str                              0x08006463   Thumb Code    82  _printf_str.o(.text)
    _printf_int_dec                          0x080064b5   Thumb Code   104  _printf_dec.o(.text)
    _printf_longlong_hex                     0x0800652d   Thumb Code    86  _printf_hex_int_ll_ptr.o(.text)
    _printf_int_hex                          0x08006583   Thumb Code    28  _printf_hex_int_ll_ptr.o(.text)
    _printf_ll_hex                           0x0800659f   Thumb Code    12  _printf_hex_int_ll_ptr.o(.text)
    _printf_hex_ptr                          0x080065ab   Thumb Code    18  _printf_hex_int_ll_ptr.o(.text)
    __printf                                 0x080065c1   Thumb Code   388  __printf_flags_ss_wp.o(.text)
    __0sscanf                                0x08006749   Thumb Code    52  __0sscanf.o(.text)
    strstr                                   0x08006785   Thumb Code    36  strstr.o(.text)
    strcpy                                   0x080067a9   Thumb Code    72  strcpy.o(.text)
    strlen                                   0x080067f1   Thumb Code    62  strlen.o(.text)
    strncmp                                  0x0800682f   Thumb Code   150  strncmp.o(.text)
    __aeabi_memcpy                           0x080068c5   Thumb Code     0  rt_memcpy_v6.o(.text)
    __rt_memcpy                              0x080068c5   Thumb Code   138  rt_memcpy_v6.o(.text)
    _memcpy_lastbytes                        0x0800692b   Thumb Code     0  rt_memcpy_v6.o(.text)
    __aeabi_memcpy4                          0x0800694f   Thumb Code     0  rt_memcpy_w.o(.text)
    __aeabi_memcpy8                          0x0800694f   Thumb Code     0  rt_memcpy_w.o(.text)
    __rt_memcpy_w                            0x0800694f   Thumb Code   100  rt_memcpy_w.o(.text)
    _memcpy_lastbytes_aligned                0x08006997   Thumb Code     0  rt_memcpy_w.o(.text)
    __aeabi_memclr                           0x080069b3   Thumb Code     0  rt_memclr.o(.text)
    __rt_memclr                              0x080069b3   Thumb Code    68  rt_memclr.o(.text)
    _memset                                  0x080069b7   Thumb Code     0  rt_memclr.o(.text)
    __aeabi_memclr4                          0x080069f7   Thumb Code     0  rt_memclr_w.o(.text)
    __aeabi_memclr8                          0x080069f7   Thumb Code     0  rt_memclr_w.o(.text)
    __rt_memclr_w                            0x080069f7   Thumb Code    78  rt_memclr_w.o(.text)
    _memset_w                                0x080069fb   Thumb Code     0  rt_memclr_w.o(.text)
    strcmp                                   0x08006a45   Thumb Code   128  strcmpv7m.o(.text)
    __use_two_region_memory                  0x08006ac5   Thumb Code     2  heapauxi.o(.text)
    __rt_heap_escrow                         0x08006ac7   Thumb Code     2  heapauxi.o(.text)
    __rt_heap_expand                         0x08006ac9   Thumb Code     2  heapauxi.o(.text)
    __rt_ctype_table                         0x08006acd   Thumb Code    16  rt_ctype_table.o(.text)
    __rt_heap_descriptor                     0x08006add   Thumb Code     8  rt_heap_descriptor_intlibspace.o(.text)
    __use_no_heap                            0x08006ae5   Thumb Code     2  hguard.o(.text)
    __heap$guard                             0x08006ae7   Thumb Code     2  hguard.o(.text)
    _terminate_user_alloc                    0x08006ae9   Thumb Code     2  init_alloc.o(.text)
    _init_user_alloc                         0x08006aeb   Thumb Code     2  init_alloc.o(.text)
    __Heap_Full                              0x08006aed   Thumb Code    34  init_alloc.o(.text)
    __Heap_Broken                            0x08006b0f   Thumb Code     6  init_alloc.o(.text)
    _init_alloc                              0x08006b15   Thumb Code    94  init_alloc.o(.text)
    __Heap_Initialize                        0x08006b73   Thumb Code    10  h1_init.o(.text)
    __Heap_DescSize                          0x08006b7d   Thumb Code     4  h1_init.o(.text)
    _printf_truncate_signed                  0x08006b81   Thumb Code    18  _printf_truncate.o(.text)
    _printf_truncate_unsigned                0x08006b93   Thumb Code    18  _printf_truncate.o(.text)
    _printf_int_common                       0x08006ba5   Thumb Code   178  _printf_intcommon.o(.text)
    _printf_charcount                        0x08006c57   Thumb Code    40  _printf_charcount.o(.text)
    __lib_sel_fp_printf                      0x08006c7f   Thumb Code     2  _printf_fp_dec.o(.text)
    _printf_fp_dec_real                      0x08006e2d   Thumb Code   620  _printf_fp_dec.o(.text)
    _printf_char_common                      0x080070a3   Thumb Code    32  _printf_char_common.o(.text)
    _sputc                                   0x080070c9   Thumb Code    10  _sputc.o(.text)
    _printf_cs_common                        0x080070d3   Thumb Code    20  _printf_char.o(.text)
    _printf_char                             0x080070e7   Thumb Code    16  _printf_char.o(.text)
    _printf_string                           0x080070f7   Thumb Code     8  _printf_char.o(.text)
    _printf_char_file                        0x08007101   Thumb Code    32  _printf_char_file.o(.text)
    _printf_wctomb                           0x08007125   Thumb Code   182  _printf_wctomb.o(.text)
    _printf_longlong_dec                     0x080071e1   Thumb Code   108  _printf_longlong_dec.o(.text)
    _printf_longlong_oct                     0x0800725d   Thumb Code    68  _printf_oct_int_ll.o(.text)
    _printf_int_oct                          0x080072a1   Thumb Code    24  _printf_oct_int_ll.o(.text)
    _printf_ll_oct                           0x080072b9   Thumb Code    12  _printf_oct_int_ll.o(.text)
    _scanf_really_real                       0x080074c9   Thumb Code   668  scanf_fp.o(.text)
    __vfscanf_char                           0x0800777d   Thumb Code    24  scanf_char.o(.text)
    _sgetc                                   0x0800779d   Thumb Code    30  _sgetc.o(.text)
    _sbackspace                              0x080077bb   Thumb Code    34  _sgetc.o(.text)
    __strtod_int                             0x08007819   Thumb Code    88  strtod.o(.text)
    __user_libspace                          0x0800787d   Thumb Code     8  libspace.o(.text)
    __user_perproc_libspace                  0x0800787d   Thumb Code     0  libspace.o(.text)
    __user_perthread_libspace                0x0800787d   Thumb Code     0  libspace.o(.text)
    __rt_locale                              0x08007885   Thumb Code     8  rt_locale_intlibspace.o(.text)
    __aeabi_errno_addr                       0x0800788d   Thumb Code     8  rt_errno_addr_intlibspace.o(.text)
    __errno$intlibspace                      0x0800788d   Thumb Code     0  rt_errno_addr_intlibspace.o(.text)
    __rt_errno_addr$intlibspace              0x0800788d   Thumb Code     0  rt_errno_addr_intlibspace.o(.text)
    __Heap_ProvideMemory                     0x08007895   Thumb Code    52  h1_extend.o(.text)
    _ll_udiv10                               0x080078c9   Thumb Code   138  lludiv10.o(.text)
    isspace                                  0x08007953   Thumb Code    18  isspace.o(.text)
    _printf_fp_hex_real                      0x08007965   Thumb Code   754  _printf_fp_hex.o(.text)
    _printf_fp_infnan                        0x08007c61   Thumb Code   112  _printf_fp_infnan.o(.text)
    _printf_lcs_common                       0x08007ce1   Thumb Code    20  _printf_wchar.o(.text)
    _printf_wchar                            0x08007cf5   Thumb Code    16  _printf_wchar.o(.text)
    _printf_wstring                          0x08007d05   Thumb Code     8  _printf_wchar.o(.text)
    __vfscanf                                0x08007d0d   Thumb Code   878  _scanf.o(.text)
    _btod_etento                             0x08008081   Thumb Code   216  bigflt0.o(.text)
    ferror                                   0x0800815d   Thumb Code     8  ferror.o(.text)
    _wcrtomb                                 0x08008165   Thumb Code    64  _wcrtomb.o(.text)
    __rt_SIGRTMEM                            0x080081a5   Thumb Code    14  defsig_rtmem_outer.o(.text)
    __I$use$semihosting                      0x080081b3   Thumb Code     0  use_no_semi.o(.text)
    __use_no_semihosting_swi                 0x080081b3   Thumb Code     2  use_no_semi.o(.text)
    __semihosting_library_function           0x080081b5   Thumb Code     0  indicate_semi.o(.text)
    __user_setup_stackheap                   0x080081b5   Thumb Code    74  sys_stackheap_outer.o(.text)
    __read_errno                             0x080081ff   Thumb Code    10  _rserrno.o(.text)
    __set_errno                              0x08008209   Thumb Code    12  _rserrno.o(.text)
    _scanf_really_hex_real                   0x08008215   Thumb Code   778  scanf_hexfp.o(.text)
    _scanf_really_infnan                     0x0800852d   Thumb Code   292  scanf_infnan.o(.text)
    exit                                     0x08008661   Thumb Code    18  exit.o(.text)
    __sig_exit                               0x08008673   Thumb Code    10  defsig_exit.o(.text)
    __rt_SIGRTMEM_inner                      0x0800867d   Thumb Code    22  defsig_rtmem_inner.o(.text)
    __aeabi_llsl                             0x080086cd   Thumb Code     0  llshl.o(.text)
    _ll_shift_l                              0x080086cd   Thumb Code    38  llshl.o(.text)
    _chval                                   0x080086f3   Thumb Code    28  _chval.o(.text)
    __default_signal_display                 0x0800870f   Thumb Code    50  defsig_general.o(.text)
    _ttywrch                                 0x08008741   Thumb Code    14  sys_wrch.o(.text)
    _btod_d2e                                0x0800874f   Thumb Code    62  btod.o(CL$$btod_d2e)
    _d2e_denorm_low                          0x0800878d   Thumb Code    70  btod.o(CL$$btod_d2e_denorm_low)
    _d2e_norm_op1                            0x080087d3   Thumb Code    96  btod.o(CL$$btod_d2e_norm_op1)
    __btod_div_common                        0x08008833   Thumb Code   696  btod.o(CL$$btod_div_common)
    _e2d                                     0x08008b6d   Thumb Code    80  btod.o(CL$$btod_e2d)
    _e2e                                     0x08008bc1   Thumb Code   198  btod.o(CL$$btod_e2e)
    _btod_ediv                               0x08008c87   Thumb Code    40  btod.o(CL$$btod_ediv)
    _btod_edivd                              0x08008caf   Thumb Code    40  btod.o(CL$$btod_edivd)
    _btod_emul                               0x08008cd7   Thumb Code    40  btod.o(CL$$btod_emul)
    _btod_emuld                              0x08008cff   Thumb Code    40  btod.o(CL$$btod_emuld)
    __btod_mult_common                       0x08008d27   Thumb Code   580  btod.o(CL$$btod_mult_common)
    __ARM_fpclassify                         0x08008f6b   Thumb Code    40  fpclassify.o(i.__ARM_fpclassify)
    __mathlib_dbl_overflow                   0x08008f93   Thumb Code    14  dunder.o(i.__mathlib_dbl_overflow)
    __mathlib_dbl_underflow                  0x08008fa1   Thumb Code    10  dunder.o(i.__mathlib_dbl_underflow)
    __mathlib_narrow                         0x08008fb1   Thumb Code    16  narrow.o(i.__mathlib_narrow)
    __mathlib_tofloat                        0x08008fc1   Thumb Code   132  narrow.o(i.__mathlib_tofloat)
    __support_ldexp                          0x08009049   Thumb Code    22  ldexp.o(i.__support_ldexp)
    _is_digit                                0x0800905f   Thumb Code    14  __printf_wp.o(i._is_digit)
    frexp                                    0x0800906d   Thumb Code    80  frexp.o(i.frexp)
    ldexp                                    0x080090c5   Thumb Code   116  ldexp.o(i.ldexp)
    strtod                                   0x08009139   Thumb Code    28  strtod.o(i.strtod)
    _get_lc_ctype                            0x08009155   Thumb Code    44  lc_ctype_c.o(locale$$code)
    _get_lc_numeric                          0x08009181   Thumb Code    44  lc_numeric_c.o(locale$$code)
    __aeabi_d2f                              0x080091ad   Thumb Code     0  d2f.o(x$fpl$d2f)
    _d2f                                     0x080091ad   Thumb Code    98  d2f.o(x$fpl$d2f)
    __aeabi_dadd                             0x08009211   Thumb Code     0  daddsub_clz.o(x$fpl$dadd)
    _dadd                                    0x08009211   Thumb Code   332  daddsub_clz.o(x$fpl$dadd)
    __fpl_dcheck_NaN1                        0x08009361   Thumb Code    10  dcheck1.o(x$fpl$dcheck1)
    __fpl_dcmp_Inf                           0x08009371   Thumb Code    24  dcmpi.o(x$fpl$dcmpinf)
    __aeabi_cdcmpeq                          0x08009389   Thumb Code     0  deqf.o(x$fpl$deqf)
    _dcmpeq                                  0x08009389   Thumb Code   120  deqf.o(x$fpl$deqf)
    __aeabi_d2iz                             0x08009401   Thumb Code     0  dfix.o(x$fpl$dfix)
    _dfix                                    0x08009401   Thumb Code    94  dfix.o(x$fpl$dfix)
    __aeabi_i2d                              0x0800945f   Thumb Code     0  dflt_clz.o(x$fpl$dflt)
    _dflt                                    0x0800945f   Thumb Code    46  dflt_clz.o(x$fpl$dflt)
    __aeabi_cdcmple                          0x0800948d   Thumb Code     0  dleqf.o(x$fpl$dleqf)
    _dcmple                                  0x0800948d   Thumb Code   120  dleqf.o(x$fpl$dleqf)
    __fpl_dcmple_InfNaN                      0x080094ef   Thumb Code     0  dleqf.o(x$fpl$dleqf)
    __aeabi_dmul                             0x08009505   Thumb Code     0  dmul.o(x$fpl$dmul)
    _dmul                                    0x08009505   Thumb Code   332  dmul.o(x$fpl$dmul)
    __fpl_dnaninf                            0x08009659   Thumb Code   156  dnaninf.o(x$fpl$dnaninf)
    __fpl_dretinf                            0x080096f5   Thumb Code    12  dretinf.o(x$fpl$dretinf)
    __aeabi_cdrcmple                         0x08009701   Thumb Code     0  drleqf.o(x$fpl$drleqf)
    _drcmple                                 0x08009701   Thumb Code   108  drleqf.o(x$fpl$drleqf)
    __aeabi_dsub                             0x0800976d   Thumb Code     0  daddsub_clz.o(x$fpl$dsub)
    _dsub                                    0x0800976d   Thumb Code   464  daddsub_clz.o(x$fpl$dsub)
    __aeabi_f2d                              0x08009941   Thumb Code     0  f2d.o(x$fpl$f2d)
    _f2d                                     0x08009941   Thumb Code    86  f2d.o(x$fpl$f2d)
    __fpl_fnaninf                            0x08009997   Thumb Code   140  fnaninf.o(x$fpl$fnaninf)
    __fpl_fretinf                            0x08009a23   Thumb Code    10  fretinf.o(x$fpl$fretinf)
    _printf_fp_dec                           0x08009a2d   Thumb Code     4  printf1.o(x$fpl$printf1)
    _printf_fp_hex                           0x08009a31   Thumb Code     4  printf2.o(x$fpl$printf2)
    __fpl_return_NaN                         0x08009a35   Thumb Code   100  retnan.o(x$fpl$retnan)
    __ARM_scalbn                             0x08009a99   Thumb Code    92  scalbn.o(x$fpl$scalbn)
    _scanf_real                              0x08009af5   Thumb Code     4  scanf1.o(x$fpl$scanf1)
    _scanf_hex_real                          0x08009af9   Thumb Code     4  scanf2.o(x$fpl$scanf2)
    _scanf_infnan                            0x08009afd   Thumb Code     4  scanf2.o(x$fpl$scanf2)
    __fpl_cmpreturn                          0x08009b01   Thumb Code    48  trapv.o(x$fpl$trapveneer)
    __I$use$fp                               0x08009b30   Number         0  usenofp.o(x$fpl$usenofp)
    Region$$Table$$Base                      0x08009c30   Number         0  anon$$obj.o(Region$$Table)
    Region$$Table$$Limit                     0x08009c50   Number         0  anon$$obj.o(Region$$Table)
    __aeabi_HUGE_VAL                         0x08009c50   Data           0  fpconst.o(c$$dinf)
    __aeabi_HUGE_VALL                        0x08009c50   Data           0  fpconst.o(c$$dinf)
    __aeabi_INFINITY                         0x08009c50   Data           0  fpconst.o(c$$dinf)
    __dInf                                   0x08009c50   Data           0  fpconst.o(c$$dinf)
    __huge_val                               0x08009c50   Data           0  fpconst.o(c$$dinf)
    __ctype                                  0x08009c65   Data           0  lc_ctype_c.o(locale$$data)
    sendGpiocData                            0x20000000   Data           1  main.o(.data)
    processOK                                0x20000001   Data           1  main.o(.data)
    SystemCoreClock                          0x20000004   Data           4  system_stm32f10x.o(.data)
    AHBPrescTable                            0x20000008   Data          16  system_stm32f10x.o(.data)
    __stdout                                 0x20000030   Data           4  usart.o(.data)
    USART_RX_STA                             0x20000034   Data           2  usart.o(.data)
    USART3_RX_STA                            0x20000036   Data           2  usart1.o(.data)
    time                                     0x20000038   Data           2  time6.o(.data)
    esp8266_data                             0x2000003c   Data           4  dataprocessing.o(.data)
    haveData                                 0x20000040   Data           1  dataprocessing.o(.data)
    adc1_data                                0x20000058   Data        1000  main.o(.bss)
    adc2_data                                0x20000440   Data        1000  main.o(.bss)
    sendAdcData                              0x20000828   Data        1000  main.o(.bss)
    sendAllData                              0x20000c10   Data        1500  main.o(.bss)
    USART_RX_BUF                             0x200011ec   Data         200  usart.o(.bss)
    USART3_RX_BUF                            0x200012b4   Data         600  usart1.o(.bss)
    USART3_TX_BUF                            0x2000150c   Data         600  usart1.o(.bss)
    __libspace_start                         0x20001774   Data          96  libspace.o(.bss)
    __temporary_stack_top$libspace           0x200017d4   Data           0  libspace.o(.bss)



==============================================================================

Memory Map of the image

  Image Entry point : 0x08000131

  Load Region LR_IROM1 (Base: 0x08000000, Size: 0x00009ddc, Max: 0x00040000, ABSOLUTE)

    Execution Region ER_IROM1 (Exec base: 0x08000000, Load base: 0x08000000, Size: 0x00009d84, Max: 0x00040000, ABSOLUTE)

    Exec Addr    Load Addr    Size         Type   Attr      Idx    E Section Name        Object

    0x08000000   0x08000000   0x00000130   Data   RO          197    RESET               startup_stm32f10x_hd.o
    0x08000130   0x08000130   0x00000008   Code   RO          896  * !!!main             c_w.l(__main.o)
    0x08000138   0x08000138   0x00000034   Code   RO         1337    !!!scatter          c_w.l(__scatter.o)
    0x0800016c   0x0800016c   0x0000001a   Code   RO         1339    !!handler_copy      c_w.l(__scatter_copy.o)
    0x08000186   0x08000186   0x00000002   PAD
    0x08000188   0x08000188   0x0000001c   Code   RO         1341    !!handler_zi        c_w.l(__scatter_zi.o)
    0x080001a4   0x080001a4   0x00000000   Code   RO          873    .ARM.Collect$$_printf_percent$$00000000  c_w.l(_printf_percent.o)
    0x080001a4   0x080001a4   0x00000006   Code   RO          990    .ARM.Collect$$_printf_percent$$00000001  c_w.l(_printf_n.o)
    0x080001aa   0x080001aa   0x00000006   Code   RO          991    .ARM.Collect$$_printf_percent$$00000002  c_w.l(_printf_p.o)
    0x080001b0   0x080001b0   0x00000006   Code   RO          994    .ARM.Collect$$_printf_percent$$00000003  c_w.l(_printf_f.o)
    0x080001b6   0x080001b6   0x00000006   Code   RO          995    .ARM.Collect$$_printf_percent$$00000004  c_w.l(_printf_e.o)
    0x080001bc   0x080001bc   0x00000006   Code   RO          872    .ARM.Collect$$_printf_percent$$00000005  c_w.l(_printf_g.o)
    0x080001c2   0x080001c2   0x00000006   Code   RO          996    .ARM.Collect$$_printf_percent$$00000006  c_w.l(_printf_a.o)
    0x080001c8   0x080001c8   0x0000000a   Code   RO         1001    .ARM.Collect$$_printf_percent$$00000007  c_w.l(_printf_ll.o)
    0x080001d2   0x080001d2   0x00000006   Code   RO          870    .ARM.Collect$$_printf_percent$$00000008  c_w.l(_printf_i.o)
    0x080001d8   0x080001d8   0x00000006   Code   RO          871    .ARM.Collect$$_printf_percent$$00000009  c_w.l(_printf_d.o)
    0x080001de   0x080001de   0x00000006   Code   RO          993    .ARM.Collect$$_printf_percent$$0000000A  c_w.l(_printf_u.o)
    0x080001e4   0x080001e4   0x00000006   Code   RO          992    .ARM.Collect$$_printf_percent$$0000000B  c_w.l(_printf_o.o)
    0x080001ea   0x080001ea   0x00000006   Code   RO          869    .ARM.Collect$$_printf_percent$$0000000C  c_w.l(_printf_x.o)
    0x080001f0   0x080001f0   0x00000006   Code   RO          998    .ARM.Collect$$_printf_percent$$0000000D  c_w.l(_printf_lli.o)
    0x080001f6   0x080001f6   0x00000006   Code   RO          999    .ARM.Collect$$_printf_percent$$0000000E  c_w.l(_printf_lld.o)
    0x080001fc   0x080001fc   0x00000006   Code   RO         1000    .ARM.Collect$$_printf_percent$$0000000F  c_w.l(_printf_llu.o)
    0x08000202   0x08000202   0x00000006   Code   RO         1005    .ARM.Collect$$_printf_percent$$00000010  c_w.l(_printf_llo.o)
    0x08000208   0x08000208   0x00000006   Code   RO         1006    .ARM.Collect$$_printf_percent$$00000011  c_w.l(_printf_llx.o)
    0x0800020e   0x0800020e   0x0000000a   Code   RO         1002    .ARM.Collect$$_printf_percent$$00000012  c_w.l(_printf_l.o)
    0x08000218   0x08000218   0x00000006   Code   RO          989    .ARM.Collect$$_printf_percent$$00000013  c_w.l(_printf_c.o)
    0x0800021e   0x0800021e   0x00000006   Code   RO          868    .ARM.Collect$$_printf_percent$$00000014  c_w.l(_printf_s.o)
    0x08000224   0x08000224   0x00000006   Code   RO         1003    .ARM.Collect$$_printf_percent$$00000015  c_w.l(_printf_lc.o)
    0x0800022a   0x0800022a   0x00000006   Code   RO         1004    .ARM.Collect$$_printf_percent$$00000016  c_w.l(_printf_ls.o)
    0x08000230   0x08000230   0x00000004   Code   RO          997    .ARM.Collect$$_printf_percent$$00000017  c_w.l(_printf_percent_end.o)
    0x08000234   0x08000234   0x00000002   Code   RO         1227    .ARM.Collect$$libinit$$00000000  c_w.l(libinit.o)
    0x08000236   0x08000236   0x00000000   Code   RO         1018    .ARM.Collect$$libinit$$00000002  c_w.l(libinit2.o)
    0x08000236   0x08000236   0x00000000   Code   RO         1020    .ARM.Collect$$libinit$$00000004  c_w.l(libinit2.o)
    0x08000236   0x08000236   0x00000008   Code   RO         1021    .ARM.Collect$$libinit$$00000005  c_w.l(libinit2.o)
    0x0800023e   0x0800023e   0x00000000   Code   RO         1023    .ARM.Collect$$libinit$$0000000A  c_w.l(libinit2.o)
    0x0800023e   0x0800023e   0x00000000   Code   RO         1025    .ARM.Collect$$libinit$$0000000C  c_w.l(libinit2.o)
    0x0800023e   0x0800023e   0x00000000   Code   RO         1027    .ARM.Collect$$libinit$$0000000E  c_w.l(libinit2.o)
    0x0800023e   0x0800023e   0x00000006   Code   RO         1028    .ARM.Collect$$libinit$$0000000F  c_w.l(libinit2.o)
    0x08000244   0x08000244   0x00000000   Code   RO         1030    .ARM.Collect$$libinit$$00000011  c_w.l(libinit2.o)
    0x08000244   0x08000244   0x0000000c   Code   RO         1031    .ARM.Collect$$libinit$$00000012  c_w.l(libinit2.o)
    0x08000250   0x08000250   0x00000000   Code   RO         1032    .ARM.Collect$$libinit$$00000013  c_w.l(libinit2.o)
    0x08000250   0x08000250   0x00000000   Code   RO         1034    .ARM.Collect$$libinit$$00000015  c_w.l(libinit2.o)
    0x08000250   0x08000250   0x0000000a   Code   RO         1035    .ARM.Collect$$libinit$$00000016  c_w.l(libinit2.o)
    0x0800025a   0x0800025a   0x00000000   Code   RO         1036    .ARM.Collect$$libinit$$00000017  c_w.l(libinit2.o)
    0x0800025a   0x0800025a   0x00000000   Code   RO         1038    .ARM.Collect$$libinit$$00000019  c_w.l(libinit2.o)
    0x0800025a   0x0800025a   0x00000000   Code   RO         1040    .ARM.Collect$$libinit$$0000001B  c_w.l(libinit2.o)
    0x0800025a   0x0800025a   0x00000000   Code   RO         1042    .ARM.Collect$$libinit$$0000001D  c_w.l(libinit2.o)
    0x0800025a   0x0800025a   0x00000000   Code   RO         1044    .ARM.Collect$$libinit$$0000001F  c_w.l(libinit2.o)
    0x0800025a   0x0800025a   0x00000000   Code   RO         1046    .ARM.Collect$$libinit$$00000021  c_w.l(libinit2.o)
    0x0800025a   0x0800025a   0x00000000   Code   RO         1048    .ARM.Collect$$libinit$$00000023  c_w.l(libinit2.o)
    0x0800025a   0x0800025a   0x00000000   Code   RO         1050    .ARM.Collect$$libinit$$00000025  c_w.l(libinit2.o)
    0x0800025a   0x0800025a   0x00000000   Code   RO         1054    .ARM.Collect$$libinit$$0000002C  c_w.l(libinit2.o)
    0x0800025a   0x0800025a   0x00000000   Code   RO         1056    .ARM.Collect$$libinit$$0000002E  c_w.l(libinit2.o)
    0x0800025a   0x0800025a   0x00000000   Code   RO         1058    .ARM.Collect$$libinit$$00000030  c_w.l(libinit2.o)
    0x0800025a   0x0800025a   0x00000000   Code   RO         1060    .ARM.Collect$$libinit$$00000032  c_w.l(libinit2.o)
    0x0800025a   0x0800025a   0x00000002   Code   RO         1061    .ARM.Collect$$libinit$$00000033  c_w.l(libinit2.o)
    0x0800025c   0x0800025c   0x00000002   Code   RO         1326    .ARM.Collect$$libshutdown$$00000000  c_w.l(libshutdown.o)
    0x0800025e   0x0800025e   0x00000000   Code   RO         1249    .ARM.Collect$$libshutdown$$00000002  c_w.l(libshutdown2.o)
    0x0800025e   0x0800025e   0x00000000   Code   RO         1251    .ARM.Collect$$libshutdown$$00000004  c_w.l(libshutdown2.o)
    0x0800025e   0x0800025e   0x00000000   Code   RO         1254    .ARM.Collect$$libshutdown$$00000007  c_w.l(libshutdown2.o)
    0x0800025e   0x0800025e   0x00000000   Code   RO         1257    .ARM.Collect$$libshutdown$$0000000A  c_w.l(libshutdown2.o)
    0x0800025e   0x0800025e   0x00000000   Code   RO         1259    .ARM.Collect$$libshutdown$$0000000C  c_w.l(libshutdown2.o)
    0x0800025e   0x0800025e   0x00000000   Code   RO         1262    .ARM.Collect$$libshutdown$$0000000F  c_w.l(libshutdown2.o)
    0x0800025e   0x0800025e   0x00000002   Code   RO         1263    .ARM.Collect$$libshutdown$$00000010  c_w.l(libshutdown2.o)
    0x08000260   0x08000260   0x00000000   Code   RO          934    .ARM.Collect$$rtentry$$00000000  c_w.l(__rtentry.o)
    0x08000260   0x08000260   0x00000000   Code   RO         1083    .ARM.Collect$$rtentry$$00000002  c_w.l(__rtentry2.o)
    0x08000260   0x08000260   0x00000006   Code   RO         1095    .ARM.Collect$$rtentry$$00000004  c_w.l(__rtentry4.o)
    0x08000266   0x08000266   0x00000000   Code   RO         1085    .ARM.Collect$$rtentry$$00000009  c_w.l(__rtentry2.o)
    0x08000266   0x08000266   0x00000004   Code   RO         1086    .ARM.Collect$$rtentry$$0000000A  c_w.l(__rtentry2.o)
    0x0800026a   0x0800026a   0x00000000   Code   RO         1088    .ARM.Collect$$rtentry$$0000000C  c_w.l(__rtentry2.o)
    0x0800026a   0x0800026a   0x00000008   Code   RO         1089    .ARM.Collect$$rtentry$$0000000D  c_w.l(__rtentry2.o)
    0x08000272   0x08000272   0x00000002   Code   RO         1234    .ARM.Collect$$rtexit$$00000000  c_w.l(rtexit.o)
    0x08000274   0x08000274   0x00000000   Code   RO         1283    .ARM.Collect$$rtexit$$00000002  c_w.l(rtexit2.o)
    0x08000274   0x08000274   0x00000004   Code   RO         1284    .ARM.Collect$$rtexit$$00000003  c_w.l(rtexit2.o)
    0x08000278   0x08000278   0x00000006   Code   RO         1285    .ARM.Collect$$rtexit$$00000004  c_w.l(rtexit2.o)
    0x0800027e   0x0800027e   0x00000002   PAD
    0x08000280   0x08000280   0x00000000   Code   RO         1109    .emb_text           c_w.l(maybetermalloc1.o)
    0x08000280   0x08000280   0x00000580   Code   RO            1    .text               main.o
    0x08000800   0x08000800   0x0000001a   Code   RO          151    .text               stm32f10x_it.o
    0x0800081a   0x0800081a   0x00000002   PAD
    0x0800081c   0x0800081c   0x000001e0   Code   RO          166    .text               system_stm32f10x.o
    0x080009fc   0x080009fc   0x00000040   Code   RO          198    .text               startup_stm32f10x_hd.o
    0x08000a3c   0x08000a3c   0x000000dc   Code   RO          202    .text               misc.o
    0x08000b18   0x08000b18   0x0000044e   Code   RO          240    .text               stm32f10x_adc.o
    0x08000f66   0x08000f66   0x00000002   PAD
    0x08000f68   0x08000f68   0x0000035c   Code   RO          372    .text               stm32f10x_gpio.o
    0x080012c4   0x080012c4   0x000003a4   Code   RO          420    .text               stm32f10x_rcc.o
    0x08001668   0x08001668   0x00000e1a   Code   RO          470    .text               stm32f10x_tim.o
    0x08002482   0x08002482   0x00000002   PAD
    0x08002484   0x08002484   0x00000408   Code   RO          482    .text               stm32f10x_usart.o
    0x0800288c   0x0800288c   0x000000d4   Code   RO          506    .text               delay.o
    0x08002960   0x08002960   0x00000168   Code   RO          536    .text               usart.o
    0x08002ac8   0x08002ac8   0x0000048c   Code   RO          562    .text               esp8266.o
    0x08002f54   0x08002f54   0x0000008c   Code   RO          582    .text               timer7.o
    0x08002fe0   0x08002fe0   0x000001ac   Code   RO          595    .text               usart1.o
    0x0800318c   0x0800318c   0x00000088   Code   RO          621    .text               gpio.o
    0x08003214   0x08003214   0x00000188   Code   RO          633    .text               adc.o
    0x0800339c   0x0800339c   0x000000bc   Code   RO          645    .text               time6.o
    0x08003458   0x08003458   0x00000b40   Code   RO          664    .text               dataprocessing.o
    0x08003f98   0x08003f98   0x00002294   Code   RO          693    .text               cjson.o
    0x0800622c   0x0800622c   0x0000005e   Code   RO          745    .text               c_w.l(h1_alloc.o)
    0x0800628a   0x0800628a   0x0000004e   Code   RO          747    .text               c_w.l(h1_free.o)
    0x080062d8   0x080062d8   0x000000b8   Code   RO          749    .text               c_w.l(h1_realloc.o)
    0x08006390   0x08006390   0x0000001a   Code   RO          807    .text               c_w.l(tolower.o)
    0x080063aa   0x080063aa   0x00000002   PAD
    0x080063ac   0x080063ac   0x00000024   Code   RO          809    .text               c_w.l(vsprintf.o)
    0x080063d0   0x080063d0   0x00000018   Code   RO          811    .text               c_w.l(__2printf.o)
    0x080063e8   0x080063e8   0x0000002c   Code   RO          813    .text               c_w.l(__2sprintf.o)
    0x08006414   0x08006414   0x0000004e   Code   RO          821    .text               c_w.l(_printf_pad.o)
    0x08006462   0x08006462   0x00000052   Code   RO          823    .text               c_w.l(_printf_str.o)
    0x080064b4   0x080064b4   0x00000078   Code   RO          825    .text               c_w.l(_printf_dec.o)
    0x0800652c   0x0800652c   0x00000094   Code   RO          845    .text               c_w.l(_printf_hex_int_ll_ptr.o)
    0x080065c0   0x080065c0   0x00000188   Code   RO          865    .text               c_w.l(__printf_flags_ss_wp.o)
    0x08006748   0x08006748   0x0000003c   Code   RO          874    .text               c_w.l(__0sscanf.o)
    0x08006784   0x08006784   0x00000024   Code   RO          876    .text               c_w.l(strstr.o)
    0x080067a8   0x080067a8   0x00000048   Code   RO          878    .text               c_w.l(strcpy.o)
    0x080067f0   0x080067f0   0x0000003e   Code   RO          880    .text               c_w.l(strlen.o)
    0x0800682e   0x0800682e   0x00000096   Code   RO          882    .text               c_w.l(strncmp.o)
    0x080068c4   0x080068c4   0x0000008a   Code   RO          884    .text               c_w.l(rt_memcpy_v6.o)
    0x0800694e   0x0800694e   0x00000064   Code   RO          886    .text               c_w.l(rt_memcpy_w.o)
    0x080069b2   0x080069b2   0x00000044   Code   RO          888    .text               c_w.l(rt_memclr.o)
    0x080069f6   0x080069f6   0x0000004e   Code   RO          890    .text               c_w.l(rt_memclr_w.o)
    0x08006a44   0x08006a44   0x00000080   Code   RO          892    .text               c_w.l(strcmpv7m.o)
    0x08006ac4   0x08006ac4   0x00000006   Code   RO          894    .text               c_w.l(heapauxi.o)
    0x08006aca   0x08006aca   0x00000002   PAD
    0x08006acc   0x08006acc   0x00000010   Code   RO          935    .text               c_w.l(rt_ctype_table.o)
    0x08006adc   0x08006adc   0x00000008   Code   RO          940    .text               c_w.l(rt_heap_descriptor_intlibspace.o)
    0x08006ae4   0x08006ae4   0x00000004   Code   RO          942    .text               c_w.l(hguard.o)
    0x08006ae8   0x08006ae8   0x0000008a   Code   RO          944    .text               c_w.l(init_alloc.o)
    0x08006b72   0x08006b72   0x0000000e   Code   RO          948    .text               c_w.l(h1_init.o)
    0x08006b80   0x08006b80   0x00000024   Code   RO          962    .text               c_w.l(_printf_truncate.o)
    0x08006ba4   0x08006ba4   0x000000b2   Code   RO          964    .text               c_w.l(_printf_intcommon.o)
    0x08006c56   0x08006c56   0x00000028   Code   RO          966    .text               c_w.l(_printf_charcount.o)
    0x08006c7e   0x08006c7e   0x0000041a   Code   RO          968    .text               c_w.l(_printf_fp_dec.o)
    0x08007098   0x08007098   0x00000030   Code   RO          970    .text               c_w.l(_printf_char_common.o)
    0x080070c8   0x080070c8   0x0000000a   Code   RO          972    .text               c_w.l(_sputc.o)
    0x080070d2   0x080070d2   0x0000002c   Code   RO          974    .text               c_w.l(_printf_char.o)
    0x080070fe   0x080070fe   0x00000002   PAD
    0x08007100   0x08007100   0x00000024   Code   RO          976    .text               c_w.l(_printf_char_file.o)
    0x08007124   0x08007124   0x000000bc   Code   RO          978    .text               c_w.l(_printf_wctomb.o)
    0x080071e0   0x080071e0   0x0000007c   Code   RO          981    .text               c_w.l(_printf_longlong_dec.o)
    0x0800725c   0x0800725c   0x00000070   Code   RO          987    .text               c_w.l(_printf_oct_int_ll.o)
    0x080072cc   0x080072cc   0x000004a4   Code   RO         1007    .text               c_w.l(scanf_fp.o)
    0x08007770   0x08007770   0x0000002c   Code   RO         1009    .text               c_w.l(scanf_char.o)
    0x0800779c   0x0800779c   0x00000040   Code   RO         1011    .text               c_w.l(_sgetc.o)
    0x080077dc   0x080077dc   0x000000a0   Code   RO         1013    .text               c_w.l(strtod.o)
    0x0800787c   0x0800787c   0x00000008   Code   RO         1079    .text               c_w.l(libspace.o)
    0x08007884   0x08007884   0x00000008   Code   RO         1100    .text               c_w.l(rt_locale_intlibspace.o)
    0x0800788c   0x0800788c   0x00000008   Code   RO         1105    .text               c_w.l(rt_errno_addr_intlibspace.o)
    0x08007894   0x08007894   0x00000034   Code   RO         1111    .text               c_w.l(h1_extend.o)
    0x080078c8   0x080078c8   0x0000008a   Code   RO         1115    .text               c_w.l(lludiv10.o)
    0x08007952   0x08007952   0x00000012   Code   RO         1117    .text               c_w.l(isspace.o)
    0x08007964   0x08007964   0x000002fc   Code   RO         1119    .text               c_w.l(_printf_fp_hex.o)
    0x08007c60   0x08007c60   0x00000080   Code   RO         1122    .text               c_w.l(_printf_fp_infnan.o)
    0x08007ce0   0x08007ce0   0x0000002c   Code   RO         1126    .text               c_w.l(_printf_wchar.o)
    0x08007d0c   0x08007d0c   0x00000374   Code   RO         1128    .text               c_w.l(_scanf.o)
    0x08008080   0x08008080   0x000000dc   Code   RO         1130    .text               c_w.l(bigflt0.o)
    0x0800815c   0x0800815c   0x00000008   Code   RO         1155    .text               c_w.l(ferror.o)
    0x08008164   0x08008164   0x00000040   Code   RO         1159    .text               c_w.l(_wcrtomb.o)
    0x080081a4   0x080081a4   0x0000000e   Code   RO         1167    .text               c_w.l(defsig_rtmem_outer.o)
    0x080081b2   0x080081b2   0x00000002   Code   RO         1197    .text               c_w.l(use_no_semi.o)
    0x080081b4   0x080081b4   0x00000000   Code   RO         1199    .text               c_w.l(indicate_semi.o)
    0x080081b4   0x080081b4   0x0000004a   Code   RO         1200    .text               c_w.l(sys_stackheap_outer.o)
    0x080081fe   0x080081fe   0x00000016   Code   RO         1206    .text               c_w.l(_rserrno.o)
    0x08008214   0x08008214   0x00000318   Code   RO         1208    .text               c_w.l(scanf_hexfp.o)
    0x0800852c   0x0800852c   0x00000134   Code   RO         1210    .text               c_w.l(scanf_infnan.o)
    0x08008660   0x08008660   0x00000012   Code   RO         1212    .text               c_w.l(exit.o)
    0x08008672   0x08008672   0x0000000a   Code   RO         1214    .text               c_w.l(defsig_exit.o)
    0x0800867c   0x0800867c   0x00000050   Code   RO         1216    .text               c_w.l(defsig_rtmem_inner.o)
    0x080086cc   0x080086cc   0x00000026   Code   RO         1240    .text               c_w.l(llshl.o)
    0x080086f2   0x080086f2   0x0000001c   Code   RO         1242    .text               c_w.l(_chval.o)
    0x0800870e   0x0800870e   0x00000032   Code   RO         1246    .text               c_w.l(defsig_general.o)
    0x08008740   0x08008740   0x0000000e   Code   RO         1280    .text               c_w.l(sys_wrch.o)
    0x0800874e   0x0800874e   0x0000003e   Code   RO         1133    CL$$btod_d2e        c_w.l(btod.o)
    0x0800878c   0x0800878c   0x00000046   Code   RO         1135    CL$$btod_d2e_denorm_low  c_w.l(btod.o)
    0x080087d2   0x080087d2   0x00000060   Code   RO         1134    CL$$btod_d2e_norm_op1  c_w.l(btod.o)
    0x08008832   0x08008832   0x00000338   Code   RO         1143    CL$$btod_div_common  c_w.l(btod.o)
    0x08008b6a   0x08008b6a   0x00000002   PAD
    0x08008b6c   0x08008b6c   0x00000054   Code   RO         1141    CL$$btod_e2d        c_w.l(btod.o)
    0x08008bc0   0x08008bc0   0x000000c6   Code   RO         1140    CL$$btod_e2e        c_w.l(btod.o)
    0x08008c86   0x08008c86   0x00000028   Code   RO         1137    CL$$btod_ediv       c_w.l(btod.o)
    0x08008cae   0x08008cae   0x00000028   Code   RO         1139    CL$$btod_edivd      c_w.l(btod.o)
    0x08008cd6   0x08008cd6   0x00000028   Code   RO         1136    CL$$btod_emul       c_w.l(btod.o)
    0x08008cfe   0x08008cfe   0x00000028   Code   RO         1138    CL$$btod_emuld      c_w.l(btod.o)
    0x08008d26   0x08008d26   0x00000244   Code   RO         1142    CL$$btod_mult_common  c_w.l(btod.o)
    0x08008f6a   0x08008f6a   0x00000028   Code   RO         1189    i.__ARM_fpclassify  m_ws.l(fpclassify.o)
    0x08008f92   0x08008f92   0x0000000e   Code   RO         1297    i.__mathlib_dbl_overflow  m_ws.l(dunder.o)
    0x08008fa0   0x08008fa0   0x00000010   Code   RO         1299    i.__mathlib_dbl_underflow  m_ws.l(dunder.o)
    0x08008fb0   0x08008fb0   0x00000010   Code   RO         1191    i.__mathlib_narrow  m_ws.l(narrow.o)
    0x08008fc0   0x08008fc0   0x00000088   Code   RO         1192    i.__mathlib_tofloat  m_ws.l(narrow.o)
    0x08009048   0x08009048   0x00000016   Code   RO         1269    i.__support_ldexp   m_ws.l(ldexp.o)
    0x0800905e   0x0800905e   0x0000000e   Code   RO          858    i._is_digit         c_w.l(__printf_wp.o)
    0x0800906c   0x0800906c   0x00000058   Code   RO         1231    i.frexp             m_ws.l(frexp.o)
    0x080090c4   0x080090c4   0x00000074   Code   RO         1270    i.ldexp             m_ws.l(ldexp.o)
    0x08009138   0x08009138   0x0000001c   Code   RO          929    i.strtod            m_ws.l(strtod.o)
    0x08009154   0x08009154   0x0000002c   Code   RO         1162    locale$$code        c_w.l(lc_ctype_c.o)
    0x08009180   0x08009180   0x0000002c   Code   RO         1165    locale$$code        c_w.l(lc_numeric_c.o)
    0x080091ac   0x080091ac   0x00000062   Code   RO         1228    x$fpl$d2f           fz_ws.l(d2f.o)
    0x0800920e   0x0800920e   0x00000002   PAD
    0x08009210   0x08009210   0x00000150   Code   RO          898    x$fpl$dadd          fz_ws.l(daddsub_clz.o)
    0x08009360   0x08009360   0x00000010   Code   RO         1291    x$fpl$dcheck1       fz_ws.l(dcheck1.o)
    0x08009370   0x08009370   0x00000018   Code   RO         1062    x$fpl$dcmpinf       fz_ws.l(dcmpi.o)
    0x08009388   0x08009388   0x00000078   Code   RO          904    x$fpl$deqf          fz_ws.l(deqf.o)
    0x08009400   0x08009400   0x0000005e   Code   RO          906    x$fpl$dfix          fz_ws.l(dfix.o)
    0x0800945e   0x0800945e   0x0000002e   Code   RO          911    x$fpl$dflt          fz_ws.l(dflt_clz.o)
    0x0800948c   0x0800948c   0x00000078   Code   RO          916    x$fpl$dleqf         fz_ws.l(dleqf.o)
    0x08009504   0x08009504   0x00000154   Code   RO          918    x$fpl$dmul          fz_ws.l(dmul.o)
    0x08009658   0x08009658   0x0000009c   Code   RO         1064    x$fpl$dnaninf       fz_ws.l(dnaninf.o)
    0x080096f4   0x080096f4   0x0000000c   Code   RO         1066    x$fpl$dretinf       fz_ws.l(dretinf.o)
    0x08009700   0x08009700   0x0000006c   Code   RO          920    x$fpl$drleqf        fz_ws.l(drleqf.o)
    0x0800976c   0x0800976c   0x000001d4   Code   RO          900    x$fpl$dsub          fz_ws.l(daddsub_clz.o)
    0x08009940   0x08009940   0x00000056   Code   RO          922    x$fpl$f2d           fz_ws.l(f2d.o)
    0x08009996   0x08009996   0x0000008c   Code   RO         1068    x$fpl$fnaninf       fz_ws.l(fnaninf.o)
    0x08009a22   0x08009a22   0x0000000a   Code   RO         1264    x$fpl$fretinf       fz_ws.l(fretinf.o)
    0x08009a2c   0x08009a2c   0x00000004   Code   RO          924    x$fpl$printf1       fz_ws.l(printf1.o)
    0x08009a30   0x08009a30   0x00000004   Code   RO         1070    x$fpl$printf2       fz_ws.l(printf2.o)
    0x08009a34   0x08009a34   0x00000064   Code   RO         1331    x$fpl$retnan        fz_ws.l(retnan.o)
    0x08009a98   0x08009a98   0x0000005c   Code   RO         1266    x$fpl$scalbn        fz_ws.l(scalbn.o)
    0x08009af4   0x08009af4   0x00000004   Code   RO          926    x$fpl$scanf1        fz_ws.l(scanf1.o)
    0x08009af8   0x08009af8   0x00000008   Code   RO         1183    x$fpl$scanf2        fz_ws.l(scanf2.o)
    0x08009b00   0x08009b00   0x00000030   Code   RO         1333    x$fpl$trapveneer    fz_ws.l(trapv.o)
    0x08009b30   0x08009b30   0x00000000   Code   RO         1076    x$fpl$usenofp       fz_ws.l(usenofp.o)
    0x08009b30   0x08009b30   0x00000028   Data   RO          846    .constdata          c_w.l(_printf_hex_int_ll_ptr.o)
    0x08009b58   0x08009b58   0x00000011   Data   RO          866    .constdata          c_w.l(__printf_flags_ss_wp.o)
    0x08009b69   0x08009b69   0x00000003   PAD
    0x08009b6c   0x08009b6c   0x00000008   Data   RO          979    .constdata          c_w.l(_printf_wctomb.o)
    0x08009b74   0x08009b74   0x00000026   Data   RO         1120    .constdata          c_w.l(_printf_fp_hex.o)
    0x08009b9a   0x08009b9a   0x00000002   PAD
    0x08009b9c   0x08009b9c   0x00000094   Data   RO         1131    .constdata          c_w.l(bigflt0.o)
    0x08009c30   0x08009c30   0x00000020   Data   RO         1335    Region$$Table       anon$$obj.o
    0x08009c50   0x08009c50   0x00000008   Data   RO         1176    c$$dinf             fz_ws.l(fpconst.o)
    0x08009c58   0x08009c58   0x00000110   Data   RO         1161    locale$$data        c_w.l(lc_ctype_c.o)
    0x08009d68   0x08009d68   0x0000001c   Data   RO         1164    locale$$data        c_w.l(lc_numeric_c.o)


    Execution Region RW_IRAM1 (Exec base: 0x20000000, Load base: 0x08009d84, Size: 0x000077d8, Max: 0x0000c000, ABSOLUTE)

    Exec Addr    Load Addr    Size         Type   Attr      Idx    E Section Name        Object

    0x20000000   0x08009d84   0x00000002   Data   RW            3    .data               main.o
    0x20000002   0x08009d86   0x00000002   PAD
    0x20000004   0x08009d88   0x00000014   Data   RW          167    .data               system_stm32f10x.o
    0x20000018   0x08009d9c   0x00000014   Data   RW          421    .data               stm32f10x_rcc.o
    0x2000002c   0x08009db0   0x00000004   Data   RW          507    .data               delay.o
    0x20000030   0x08009db4   0x00000006   Data   RW          538    .data               usart.o
    0x20000036   0x08009dba   0x00000002   Data   RW          597    .data               usart1.o
    0x20000038   0x08009dbc   0x00000002   Data   RW          646    .data               time6.o
    0x2000003a   0x08009dbe   0x00000002   PAD
    0x2000003c   0x08009dc0   0x00000005   Data   RW          665    .data               dataprocessing.o
    0x20000041   0x08009dc5   0x00000003   PAD
    0x20000044   0x08009dc8   0x00000014   Data   RW          695    .data               cjson.o
    0x20000058        -       0x00001194   Zero   RW            2    .bss                main.o
    0x200011ec        -       0x000000c8   Zero   RW          537    .bss                usart.o
    0x200012b4        -       0x000004b0   Zero   RW          596    .bss                usart1.o
    0x20001764        -       0x0000000f   Zero   RW          694    .bss                cjson.o
    0x20001773   0x08009ddc   0x00000001   PAD
    0x20001774        -       0x00000060   Zero   RW         1080    .bss                c_w.l(libspace.o)
    0x200017d4   0x08009ddc   0x00000004   PAD
    0x200017d8        -       0x00002000   Zero   RW          196    HEAP                startup_stm32f10x_hd.o
    0x200037d8        -       0x00004000   Zero   RW          195    STACK               startup_stm32f10x_hd.o


==============================================================================

Image component sizes


      Code (inc. data)   RO Data    RW Data    ZI Data      Debug   Object Name

       392         12          0          0          0       1164   adc.o
      8852        180          0         20         15      47015   cjson.o
         0          0          0          0          0         32   core_cm3.o
      2880        232          0          5          0       8803   dataprocessing.o
       212         18          0          4          0        971   delay.o
      1164        556          0          0          0       2547   esp8266.o
       136         14          0          0          0        835   gpio.o
      1408        372          0          2       4500     253901   main.o
       220         22          0          0          0     215441   misc.o
        64         26        304          0      24576        768   startup_stm32f10x_hd.o
      1102         26          0          0          0      10969   stm32f10x_adc.o
       860         38          0          0          0       5661   stm32f10x_gpio.o
        26          0          0          0          0       1146   stm32f10x_it.o
       932         36          0         20          0       8804   stm32f10x_rcc.o
      3610         88          0          0          0      22768   stm32f10x_tim.o
      1032         22          0          0          0       8388   stm32f10x_usart.o
       480         38          0         20          0       1635   system_stm32f10x.o
       188         18          0          2          0       1063   time6.o
       140          8          0          0          0        760   timer7.o
       360         18          0          6        200       3357   usart.o
       428         42          0          2       1200       2514   usart1.o

    ----------------------------------------------------------------------
     24492       1766        336         88      30492     598542   Object Totals
         0          0         32          0          0          0   (incl. Generated)
         6          0          0          7          1          0   (incl. Padding)

    ----------------------------------------------------------------------

      Code (inc. data)   RO Data    RW Data    ZI Data      Debug   Library Member Name

        60          8          0          0          0         84   __0sscanf.o
        24          4          0          0          0         84   __2printf.o
        44          6          0          0          0         84   __2sprintf.o
         8          0          0          0          0         68   __main.o
       392          4         17          0          0         92   __printf_flags_ss_wp.o
        14          0          0          0          0         68   __printf_wp.o
         0          0          0          0          0          0   __rtentry.o
        12          0          0          0          0          0   __rtentry2.o
         6          0          0          0          0          0   __rtentry4.o
        52          8          0          0          0          0   __scatter.o
        26          0          0          0          0          0   __scatter_copy.o
        28          0          0          0          0          0   __scatter_zi.o
        28          0          0          0          0         68   _chval.o
         6          0          0          0          0          0   _printf_a.o
         6          0          0          0          0          0   _printf_c.o
        44          0          0          0          0        108   _printf_char.o
        48          6          0          0          0         96   _printf_char_common.o
        36          4          0          0          0         80   _printf_char_file.o
        40          0          0          0          0         68   _printf_charcount.o
         6          0          0          0          0          0   _printf_d.o
       120         16          0          0          0         92   _printf_dec.o
         6          0          0          0          0          0   _printf_e.o
         6          0          0          0          0          0   _printf_f.o
      1050          0          0          0          0        216   _printf_fp_dec.o
       764         10         38          0          0        100   _printf_fp_hex.o
       128         16          0          0          0         84   _printf_fp_infnan.o
         6          0          0          0          0          0   _printf_g.o
       148          4         40          0          0        160   _printf_hex_int_ll_ptr.o
         6          0          0          0          0          0   _printf_i.o
       178          0          0          0          0         88   _printf_intcommon.o
        10          0          0          0          0          0   _printf_l.o
         6          0          0          0          0          0   _printf_lc.o
        10          0          0          0          0          0   _printf_ll.o
         6          0          0          0          0          0   _printf_lld.o
         6          0          0          0          0          0   _printf_lli.o
         6          0          0          0          0          0   _printf_llo.o
         6          0          0          0          0          0   _printf_llu.o
         6          0          0          0          0          0   _printf_llx.o
       124         16          0          0          0         92   _printf_longlong_dec.o
         6          0          0          0          0          0   _printf_ls.o
         6          0          0          0          0          0   _printf_n.o
         6          0          0          0          0          0   _printf_o.o
       112          8          0          0          0        124   _printf_oct_int_ll.o
         6          0          0          0          0          0   _printf_p.o
        78          0          0          0          0        108   _printf_pad.o
         0          0          0          0          0          0   _printf_percent.o
         4          0          0          0          0          0   _printf_percent_end.o
         6          0          0          0          0          0   _printf_s.o
        82          0          0          0          0         80   _printf_str.o
        36          0          0          0          0         84   _printf_truncate.o
         6          0          0          0          0          0   _printf_u.o
        44          0          0          0          0        108   _printf_wchar.o
       188          6          8          0          0         92   _printf_wctomb.o
         6          0          0          0          0          0   _printf_x.o
        22          0          0          0          0        100   _rserrno.o
       884          6          0          0          0        100   _scanf.o
        64          0          0          0          0         84   _sgetc.o
        10          0          0          0          0         68   _sputc.o
        64          0          0          0          0         92   _wcrtomb.o
       220          4        148          0          0         96   bigflt0.o
      2074        132          0          0          0        940   btod.o
        10          0          0          0          0         68   defsig_exit.o
        50          0          0          0          0         88   defsig_general.o
        80         58          0          0          0         76   defsig_rtmem_inner.o
        14          0          0          0          0         80   defsig_rtmem_outer.o
        18          0          0          0          0         80   exit.o
         8          0          0          0          0         68   ferror.o
        94          0          0          0          0         80   h1_alloc.o
        52          0          0          0          0         68   h1_extend.o
        78          0          0          0          0         80   h1_free.o
        14          0          0          0          0         84   h1_init.o
       184          0          0          0          0         92   h1_realloc.o
         6          0          0          0          0        152   heapauxi.o
         4          0          0          0          0        136   hguard.o
         0          0          0          0          0          0   indicate_semi.o
       138          0          0          0          0        168   init_alloc.o
        18          0          0          0          0         76   isspace.o
        44         10        272          0          0         76   lc_ctype_c.o
        44         10         28          0          0         76   lc_numeric_c.o
         2          0          0          0          0          0   libinit.o
        38          0          0          0          0          0   libinit2.o
         2          0          0          0          0          0   libshutdown.o
         2          0          0          0          0          0   libshutdown2.o
         8          4          0          0         96         68   libspace.o
        38          0          0          0          0         68   llshl.o
       138          0          0          0          0         80   lludiv10.o
         0          0          0          0          0          0   maybetermalloc1.o
        16          4          0          0          0         76   rt_ctype_table.o
         8          4          0          0          0         68   rt_errno_addr_intlibspace.o
         8          4          0          0          0         68   rt_heap_descriptor_intlibspace.o
         8          4          0          0          0         68   rt_locale_intlibspace.o
        68          0          0          0          0         68   rt_memclr.o
        78          0          0          0          0         80   rt_memclr_w.o
       138          0          0          0          0         68   rt_memcpy_v6.o
       100          0          0          0          0         80   rt_memcpy_w.o
         2          0          0          0          0          0   rtexit.o
        10          0          0          0          0          0   rtexit2.o
        44          8          0          0          0         84   scanf_char.o
      1188         12          0          0          0        148   scanf_fp.o
       792         14          0          0          0        100   scanf_hexfp.o
       308         16          0          0          0        100   scanf_infnan.o
       128          0          0          0          0         68   strcmpv7m.o
        72          0          0          0          0         80   strcpy.o
        62          0          0          0          0         76   strlen.o
       150          0          0          0          0         80   strncmp.o
        36          0          0          0          0         80   strstr.o
       160         12          0          0          0        120   strtod.o
        74          0          0          0          0         80   sys_stackheap_outer.o
        14          0          0          0          0         76   sys_wrch.o
        26          0          0          0          0         76   tolower.o
         2          0          0          0          0         68   use_no_semi.o
        36          4          0          0          0         76   vsprintf.o
        98          4          0          0          0         92   d2f.o
       804         16          0          0          0        272   daddsub_clz.o
        16          4          0          0          0         68   dcheck1.o
        24          0          0          0          0         68   dcmpi.o
       120          4          0          0          0         92   deqf.o
        94          4          0          0          0         92   dfix.o
        46          0          0          0          0         68   dflt_clz.o
       120          4          0          0          0         92   dleqf.o
       340         12          0          0          0        104   dmul.o
       156          4          0          0          0         92   dnaninf.o
        12          0          0          0          0         68   dretinf.o
       108          0          0          0          0         80   drleqf.o
        86          4          0          0          0         84   f2d.o
       140          4          0          0          0         84   fnaninf.o
         0          0          8          0          0          0   fpconst.o
        10          0          0          0          0         68   fretinf.o
         4          0          0          0          0         68   printf1.o
         4          0          0          0          0         68   printf2.o
       100          0          0          0          0         68   retnan.o
        92          0          0          0          0         68   scalbn.o
         4          0          0          0          0         68   scanf1.o
         8          0          0          0          0         84   scanf2.o
        48          0          0          0          0         68   trapv.o
         0          0          0          0          0          0   usenofp.o
        30          6          0          0          0        136   dunder.o
        40          0          0          0          0         68   fpclassify.o
        88          8          0          0          0         76   frexp.o
       138          0          0          0          0        160   ldexp.o
       152          4          0          0          0        168   narrow.o
        28          0          0          0          0         80   strtod.o

    ----------------------------------------------------------------------
     14932        502        564          0        100      10064   Library Totals
        14          2          5          0          4          0   (incl. Padding)

    ----------------------------------------------------------------------

      Code (inc. data)   RO Data    RW Data    ZI Data      Debug   Library Name

     12008        422        551          0         96       7460   c_w.l
      2434         60          8          0          0       1916   fz_ws.l
       476         18          0          0          0        688   m_ws.l

    ----------------------------------------------------------------------
     14932        502        564          0        100      10064   Library Totals

    ----------------------------------------------------------------------

==============================================================================


      Code (inc. data)   RO Data    RW Data    ZI Data      Debug   

     39424       2268        900         88      30592     600958   Grand Totals
     39424       2268        900         88      30592     600958   ELF Image Totals
     39424       2268        900         88          0          0   ROM Totals

==============================================================================

    Total RO  Size (Code + RO Data)                40324 (  39.38kB)
    Total RW  Size (RW Data + ZI Data)             30680 (  29.96kB)
    Total ROM Size (Code + RO Data + RW Data)      40412 (  39.46kB)

==============================================================================

