Component: ARM Compiler 5.06 update 1 (build 61) Tool: armlink [4d35a8]

==============================================================================

Section Cross References

    main.o(.text) refers to stm32f10x_rcc.o(.text) for RCC_APB2PeriphClockCmd
    main.o(.text) refers to stm32f10x_gpio.o(.text) for GPIO_Init
    main.o(.text) refers to gpio.o(.text) for gpio_config
    main.o(.text) refers to delay.o(.text) for delay_init
    main.o(.text) refers to misc.o(.text) for NVIC_PriorityGroupConfig
    main.o(.text) refers to usart.o(.text) for uart_init
    main.o(.text) refers to usart1.o(.text) for usart3_init
    main.o(.text) refers to __2printf.o(.text) for __2printf
    main.o(.text) refers to esp8266.o(.text) for esp8266_Config
    main.o(.text) refers to h1_alloc.o(.text) for malloc
    main.o(.text) refers to h1_free.o(.text) for free
    main.o(.text) refers to usart.o(.data) for USART_RX_STA
    main.o(.text) refers to usart.o(.bss) for USART_RX_BUF
    main.o(.text) refers to usart1.o(.data) for USART3_RX_STA
    main.o(.text) refers to usart1.o(.bss) for USART3_RX_BUF
    system_stm32f10x.o(.text) refers to system_stm32f10x.o(.data) for SystemCoreClock
    startup_stm32f10x_hd.o(STACK) refers (Special) to heapauxi.o(.text) for __use_two_region_memory
    startup_stm32f10x_hd.o(HEAP) refers (Special) to heapauxi.o(.text) for __use_two_region_memory
    startup_stm32f10x_hd.o(RESET) refers (Special) to heapauxi.o(.text) for __use_two_region_memory
    startup_stm32f10x_hd.o(RESET) refers to startup_stm32f10x_hd.o(STACK) for __initial_sp
    startup_stm32f10x_hd.o(RESET) refers to startup_stm32f10x_hd.o(.text) for Reset_Handler
    startup_stm32f10x_hd.o(RESET) refers to stm32f10x_it.o(.text) for NMI_Handler
    startup_stm32f10x_hd.o(RESET) refers to usart.o(.text) for USART1_IRQHandler
    startup_stm32f10x_hd.o(RESET) refers to usart1.o(.text) for USART3_IRQHandler
    startup_stm32f10x_hd.o(RESET) refers to timer7.o(.text) for TIM7_IRQHandler
    startup_stm32f10x_hd.o(.text) refers (Special) to heapauxi.o(.text) for __use_two_region_memory
    startup_stm32f10x_hd.o(.text) refers to system_stm32f10x.o(.text) for SystemInit
    startup_stm32f10x_hd.o(.text) refers to __main.o(!!!main) for __main
    startup_stm32f10x_hd.o(.text) refers to startup_stm32f10x_hd.o(HEAP) for Heap_Mem
    startup_stm32f10x_hd.o(.text) refers to startup_stm32f10x_hd.o(STACK) for Stack_Mem
    stm32f10x_adc.o(.text) refers to stm32f10x_rcc.o(.text) for RCC_APB2PeriphResetCmd
    stm32f10x_bkp.o(.text) refers to stm32f10x_rcc.o(.text) for RCC_BackupResetCmd
    stm32f10x_can.o(.text) refers to stm32f10x_rcc.o(.text) for RCC_APB1PeriphResetCmd
    stm32f10x_cec.o(.text) refers to stm32f10x_rcc.o(.text) for RCC_APB1PeriphResetCmd
    stm32f10x_dac.o(.text) refers to stm32f10x_rcc.o(.text) for RCC_APB1PeriphResetCmd
    stm32f10x_gpio.o(.text) refers to stm32f10x_rcc.o(.text) for RCC_APB2PeriphResetCmd
    stm32f10x_i2c.o(.text) refers to stm32f10x_rcc.o(.text) for RCC_APB1PeriphResetCmd
    stm32f10x_pwr.o(.text) refers to stm32f10x_rcc.o(.text) for RCC_APB1PeriphResetCmd
    stm32f10x_rcc.o(.text) refers to stm32f10x_rcc.o(.data) for APBAHBPrescTable
    stm32f10x_spi.o(.text) refers to stm32f10x_rcc.o(.text) for RCC_APB2PeriphResetCmd
    stm32f10x_tim.o(.text) refers to stm32f10x_rcc.o(.text) for RCC_APB2PeriphResetCmd
    stm32f10x_usart.o(.text) refers to stm32f10x_rcc.o(.text) for RCC_APB2PeriphResetCmd
    stm32f10x_wwdg.o(.text) refers to stm32f10x_rcc.o(.text) for RCC_APB1PeriphResetCmd
    delay.o(.text) refers to misc.o(.text) for SysTick_CLKSourceConfig
    delay.o(.text) refers to system_stm32f10x.o(.data) for SystemCoreClock
    delay.o(.text) refers to delay.o(.data) for fac_us
    usart.o(.text) refers to stm32f10x_rcc.o(.text) for RCC_APB2PeriphClockCmd
    usart.o(.text) refers to stm32f10x_gpio.o(.text) for GPIO_Init
    usart.o(.text) refers to misc.o(.text) for NVIC_Init
    usart.o(.text) refers to stm32f10x_usart.o(.text) for USART_Init
    usart.o(.text) refers to usart.o(.data) for USART_RX_STA
    usart.o(.text) refers to usart.o(.bss) for USART_RX_BUF
    esp8266.o(.text) refers to _printf_percent.o(.ARM.Collect$$_printf_percent$$00000000) for _printf_percent
    esp8266.o(.text) refers to _printf_s.o(.ARM.Collect$$_printf_percent$$00000014) for _printf_s
    esp8266.o(.text) refers to _printf_str.o(.text) for _printf_str
    esp8266.o(.text) refers to strstr.o(.text) for strstr
    esp8266.o(.text) refers to __2printf.o(.text) for __2printf
    esp8266.o(.text) refers to strlen.o(.text) for strlen
    esp8266.o(.text) refers to usart.o(.text) for uart_send_buff
    esp8266.o(.text) refers to usart1.o(.text) for u3_printf
    esp8266.o(.text) refers to delay.o(.text) for delay_ms
    esp8266.o(.text) refers to usart1.o(.data) for USART3_RX_STA
    esp8266.o(.text) refers to usart1.o(.bss) for USART3_RX_BUF
    timer7.o(.text) refers to stm32f10x_tim.o(.text) for TIM_GetITStatus
[...]
    SetSysClockTo72                          0x08000525   Thumb Code   214  system_stm32f10x.o(.text)
    SetSysClock                              0x080005fb   Thumb Code     8  system_stm32f10x.o(.text)
    .text                                    0x08000704   Section       64  startup_stm32f10x_hd.o(.text)
    .text                                    0x08000744   Section        0  misc.o(.text)
    .text                                    0x08000820   Section        0  stm32f10x_gpio.o(.text)
    .text                                    0x08000b7c   Section        0  stm32f10x_rcc.o(.text)
    .text                                    0x08000f20   Section        0  stm32f10x_tim.o(.text)
    TI4_Config                               0x080013c7   Thumb Code   130  stm32f10x_tim.o(.text)
    TI3_Config                               0x0800145b   Thumb Code   122  stm32f10x_tim.o(.text)
    TI2_Config                               0x080014ef   Thumb Code   130  stm32f10x_tim.o(.text)
    TI1_Config                               0x08001583   Thumb Code   108  stm32f10x_tim.o(.text)
    .text                                    0x08001d3c   Section        0  stm32f10x_usart.o(.text)
    .text                                    0x08002144   Section        0  delay.o(.text)
    .text                                    0x08002218   Section        0  usart.o(.text)
    .text                                    0x08002380   Section        0  esp8266.o(.text)
    .text                                    0x080027a8   Section        0  timer7.o(.text)
    .text                                    0x08002834   Section        0  usart1.o(.text)
    .text                                    0x080029e0   Section        0  gpio.o(.text)
    .text                                    0x08002a60   Section        0  h1_alloc.o(.text)
    .text                                    0x08002abe   Section        0  h1_free.o(.text)
    .text                                    0x08002b0c   Section        0  vsprintf.o(.text)
    .text                                    0x08002b30   Section        0  __2printf.o(.text)
    .text                                    0x08002b48   Section        0  _printf_str.o(.text)
    .text                                    0x08002b9c   Section        0  __printf_flags_ss_wp.o(.text)
    .text                                    0x08002d24   Section        0  strstr.o(.text)
    .text                                    0x08002d48   Section        0  strlen.o(.text)
    .text                                    0x08002d86   Section       68  rt_memclr.o(.text)
    .text                                    0x08002dca   Section        0  heapauxi.o(.text)
    .text                                    0x08002dd0   Section        8  rt_heap_descriptor_intlibspace.o(.text)
    .text                                    0x08002dd8   Section        0  hguard.o(.text)
    .text                                    0x08002ddc   Section        0  init_alloc.o(.text)
    .text                                    0x08002e66   Section        0  h1_init.o(.text)
    .text                                    0x08002e74   Section        0  _printf_pad.o(.text)
    .text                                    0x08002ec2   Section        0  _printf_truncate.o(.text)
    .text                                    0x08002ee8   Section        0  _printf_dec.o(.text)
    .text                                    0x08002f60   Section        0  _printf_charcount.o(.text)
    .text                                    0x08002f88   Section        0  _printf_char_common.o(.text)
    _printf_input_char                       0x08002f89   Thumb Code    10  _printf_char_common.o(.text)
    .text                                    0x08002fb8   Section        0  _sputc.o(.text)
    .text                                    0x08002fc2   Section        0  _printf_char.o(.text)
    .text                                    0x08002ff0   Section        0  _printf_char_file.o(.text)
    .text                                    0x08003014   Section        0  _printf_wctomb.o(.text)
    .text                                    0x080030d0   Section        0  _printf_longlong_dec.o(.text)
    .text                                    0x0800314c   Section        0  _printf_oct_int_ll.o(.text)
    _printf_longlong_oct_internal            0x0800314d   Thumb Code     0  _printf_oct_int_ll.o(.text)
    .text                                    0x080031bc   Section        0  _printf_hex_int_ll_ptr.o(.text)
    _printf_hex_common                       0x080031bd   Thumb Code     0  _printf_hex_int_ll_ptr.o(.text)
    .text                                    0x08003250   Section       78  rt_memclr_w.o(.text)
    .text                                    0x080032a0   Section        8  libspace.o(.text)
    .text                                    0x080032a8   Section        0  h1_extend.o(.text)
    .text                                    0x080032dc   Section      138  lludiv10.o(.text)
    .text                                    0x08003366   Section        0  _printf_intcommon.o(.text)
    .text                                    0x08003418   Section        0  _printf_fp_dec.o(.text)
    _fp_digits                               0x0800341b   Thumb Code   428  _printf_fp_dec.o(.text)
    .text                                    0x08003834   Section        0  _printf_fp_hex.o(.text)
    .text                                    0x08003b30   Section        0  _printf_wchar.o(.text)
    .text                                    0x08003b5c   Section        0  ferror.o(.text)
    .text                                    0x08003b64   Section        0  _wcrtomb.o(.text)
    .text                                    0x08003ba4   Section        0  defsig_rtmem_outer.o(.text)
    .text                                    0x08003bb2   Section        2  use_no_semi.o(.text)
    .text                                    0x08003bb4   Section        0  indicate_semi.o(.text)
    .text                                    0x08003bb4   Section       74  sys_stackheap_outer.o(.text)
    .text                                    0x08003c00   Section       16  rt_ctype_table.o(.text)
    .text                                    0x08003c10   Section        8  rt_locale_intlibspace.o(.text)
    .text                                    0x08003c18   Section        0  _printf_fp_infnan.o(.text)
    .text                                    0x08003c98   Section        0  bigflt0.o(.text)
    .text                                    0x08003d74   Section        0  exit.o(.text)
    .text                                    0x08003d86   Section        0  defsig_exit.o(.text)
    .text                                    0x08003d90   Section        0  defsig_rtmem_inner.o(.text)
    .text                                    0x08003de0   Section        0  defsig_general.o(.text)
    .text                                    0x08003e14   Section      128  strcmpv7m.o(.text)
    .text                                    0x08003e94   Section        0  sys_wrch.o(.text)
    CL$$btod_d2e                             0x08003ea2   Section       62  btod.o(CL$$btod_d2e)
    CL$$btod_d2e_denorm_low                  0x08003ee0   Section       70  btod.o(CL$$btod_d2e_denorm_low)
    CL$$btod_d2e_norm_op1                    0x08003f26   Section       96  btod.o(CL$$btod_d2e_norm_op1)
    CL$$btod_div_common                      0x08003f86   Section      824  btod.o(CL$$btod_div_common)
    CL$$btod_e2e                             0x080042be   Section      198  btod.o(CL$$btod_e2e)
    CL$$btod_ediv                            0x08004384   Section       40  btod.o(CL$$btod_ediv)
    CL$$btod_emul                            0x080043ac   Section       40  btod.o(CL$$btod_emul)
    CL$$btod_mult_common                     0x080043d4   Section      580  btod.o(CL$$btod_mult_common)
    i.__ARM_fpclassify                       0x08004618   Section        0  fpclassify.o(i.__ARM_fpclassify)
    i._is_digit                              0x08004640   Section        0  __printf_wp.o(i._is_digit)
    locale$$code                             0x08004650   Section       44  lc_numeric_c.o(locale$$code)
    locale$$code                             0x0800467c   Section       44  lc_ctype_c.o(locale$$code)
    x$fpl$printf1                            0x080046a8   Section        4  printf1.o(x$fpl$printf1)
    x$fpl$printf2                            0x080046ac   Section        4  printf2.o(x$fpl$printf2)
    .constdata                               0x080046b0   Section       17  __printf_flags_ss_wp.o(.constdata)
    x$fpl$usenofp                            0x080046b0   Section        0  usenofp.o(x$fpl$usenofp)
    maptable                                 0x080046b0   Data          17  __printf_flags_ss_wp.o(.constdata)
    .constdata                               0x080046c4   Section        8  _printf_wctomb.o(.constdata)
    initial_mbstate                          0x080046c4   Data           8  _printf_wctomb.o(.constdata)
    .constdata                               0x080046cc   Section       40  _printf_hex_int_ll_ptr.o(.constdata)
    uc_hextab                                0x080046cc   Data          20  _printf_hex_int_ll_ptr.o(.constdata)
    lc_hextab                                0x080046e0   Data          20  _printf_hex_int_ll_ptr.o(.constdata)
    .constdata                               0x080046f4   Section       38  _printf_fp_hex.o(.constdata)
    lc_hextab                                0x080046f4   Data          19  _printf_fp_hex.o(.constdata)
    uc_hextab                                0x08004707   Data          19  _printf_fp_hex.o(.constdata)
    .constdata                               0x0800471c   Section      148  bigflt0.o(.constdata)
    tenpwrs_x                                0x0800471c   Data          60  bigflt0.o(.constdata)
    tenpwrs_i                                0x08004758   Data          64  bigflt0.o(.constdata)
    locale$$data                             0x080047d0   Section       28  lc_numeric_c.o(locale$$data)
    __lcnum_c_name                           0x080047d4   Data           2  lc_numeric_c.o(locale$$data)
    __lcnum_c_start                          0x080047dc   Data           0  lc_numeric_c.o(locale$$data)
    __lcnum_c_point                          0x080047e8   Data           0  lc_numeric_c.o(locale$$data)
    __lcnum_c_thousands                      0x080047ea   Data           0  lc_numeric_c.o(locale$$data)
    __lcnum_c_grouping                       0x080047eb   Data           0  lc_numeric_c.o(locale$$data)
    locale$$data                             0x080047ec   Section      272  lc_ctype_c.o(locale$$data)
    __lcnum_c_end                            0x080047ec   Data           0  lc_numeric_c.o(locale$$data)
    __lcctype_c_name                         0x080047f0   Data           2  lc_ctype_c.o(locale$$data)
    __lcctype_c_start                        0x080047f8   Data           0  lc_ctype_c.o(locale$$data)
    __lcctype_c_end                          0x080048fc   Data           0  lc_ctype_c.o(locale$$data)
    .data                                    0x20000000   Section       20  system_stm32f10x.o(.data)
    .data                                    0x20000014   Section       20  stm32f10x_rcc.o(.data)
    APBAHBPrescTable                         0x20000014   Data          16  stm32f10x_rcc.o(.data)
    ADCPrescTable                            0x20000024   Data           4  stm32f10x_rcc.o(.data)
    .data                                    0x20000028   Section        4  delay.o(.data)
    fac_us                                   0x20000028   Data           1  delay.o(.data)
    fac_ms                                   0x2000002a   Data           2  delay.o(.data)
    .data                                    0x2000002c   Section        6  usart.o(.data)
    .data                                    0x20000032   Section        2  usart1.o(.data)
    .bss                                     0x20000034   Section      200  usart.o(.bss)
    .bss                                     0x200000fc   Section     1200  usart1.o(.bss)
    .bss                                     0x200005ac   Section       96  libspace.o(.bss)
    HEAP                                     0x20000610   Section      512  startup_stm32f10x_hd.o(HEAP)
    Heap_Mem                                 0x20000610   Data         512  startup_stm32f10x_hd.o(HEAP)
    STACK                                    0x20000810   Section     1024  startup_stm32f10x_hd.o(STACK)
    Stack_Mem                                0x20000810   Data        1024  startup_stm32f10x_hd.o(STACK)
    __initial_sp                             0x20000c10   Data           0  startup_stm32f10x_hd.o(STACK)

    Global Symbols

    Symbol Name                              Value     Ov Type        Size  Object(Section)

    BuildAttributes$$THM_ISAv4$P$D$K$B$S$PE$A:L22UL41UL21$X:L11$S22US41US21$IEEE1$IW$USESV6$~STKCKD$USESV7$~SHL$OTIME$ROPI$IEEEJ$EBA8$UX$STANDARDLIB$REQ8$PRES8$EABIv2 0x00000000   Number         0  anon$$obj.o ABSOLUTE
    __ARM_use_no_argv                        0x00000000   Number         0  main.o ABSOLUTE
    _printf_flags                            0x00000000   Number         0  printf_stubs.o ABSOLUTE
    _printf_return_value                     0x00000000   Number         0  printf_stubs.o ABSOLUTE
    _printf_sizespec                         0x00000000   Number         0  printf_stubs.o ABSOLUTE
    _printf_widthprec                        0x00000000   Number         0  printf_stubs.o ABSOLUTE
    __ARM_exceptions_init                     - Undefined Weak Reference
    __alloca_initialize                       - Undefined Weak Reference
    __arm_preinit_                            - Undefined Weak Reference
    __cpp_initialize__aeabi_                  - Undefined Weak Reference
    __cxa_finalize                            - Undefined Weak Reference
    __sigvec_lookup                           - Undefined Weak Reference
    __user_heap_extent                        - Undefined Weak Reference
    _atexit_init                              - Undefined Weak Reference
    _call_atexit_fns                          - Undefined Weak Reference
    _clock_init                               - Undefined Weak Reference
    _fp_trap_init                             - Undefined Weak Reference
    _fp_trap_shutdown                         - Undefined Weak Reference
    _get_lc_collate                           - Undefined Weak Reference
    _get_lc_monetary                          - Undefined Weak Reference
    _get_lc_time                              - Undefined Weak Reference
    _getenv_init                              - Undefined Weak Reference
    _handle_redirection                       - Undefined Weak Reference
    _initio                                   - Undefined Weak Reference
    _mutex_acquire                            - Undefined Weak Reference
    _mutex_free                               - Undefined Weak Reference
    _mutex_release                            - Undefined Weak Reference
    _printf_mbtowc                            - Undefined Weak Reference
    _printf_wc                                - Undefined Weak Reference
    _rand_init                                - Undefined Weak Reference
    _signal_finish                            - Undefined Weak Reference
    _signal_init                              - Undefined Weak Reference
    _terminateio                              - Undefined Weak Reference
    __Vectors_Size                           0x00000130   Number         0  startup_stm32f10x_hd.o ABSOLUTE
    __Vectors                                0x08000000   Data           4  startup_stm32f10x_hd.o(RESET)
    __Vectors_End                            0x08000130   Data           0  startup_stm32f10x_hd.o(RESET)
    __main                                   0x08000131   Thumb Code     8  __main.o(!!!main)
    __scatterload                            0x08000139   Thumb Code     0  __scatter.o(!!!scatter)
    __scatterload_rt2                        0x08000139   Thumb Code    44  __scatter.o(!!!scatter)
    __scatterload_rt2_thumb_only             0x08000139   Thumb Code     0  __scatter.o(!!!scatter)
    __scatterload_null                       0x08000147   Thumb Code     0  __scatter.o(!!!scatter)
    __scatterload_copy                       0x0800016d   Thumb Code    26  __scatter_copy.o(!!handler_copy)
    __scatterload_zeroinit                   0x08000189   Thumb Code    28  __scatter_zi.o(!!handler_zi)
    _printf_n                                0x080001a5   Thumb Code     0  _printf_n.o(.ARM.Collect$$_printf_percent$$00000001)
    _printf_percent                          0x080001a5   Thumb Code     0  _printf_percent.o(.ARM.Collect$$_printf_percent$$00000000)
    _printf_p                                0x080001ab   Thumb Code     0  _printf_p.o(.ARM.Collect$$_printf_percent$$00000002)
    _printf_f                                0x080001b1   Thumb Code     0  _printf_f.o(.ARM.Collect$$_printf_percent$$00000003)
    _printf_e                                0x080001b7   Thumb Code     0  _printf_e.o(.ARM.Collect$$_printf_percent$$00000004)
    _printf_g                                0x080001bd   Thumb Code     0  _printf_g.o(.ARM.Collect$$_printf_percent$$00000005)
    _printf_a                                0x080001c3   Thumb Code     0  _printf_a.o(.ARM.Collect$$_printf_percent$$00000006)
    _printf_ll                               0x080001c9   Thumb Code     0  _printf_ll.o(.ARM.Collect$$_printf_percent$$00000007)
    _printf_i                                0x080001d3   Thumb Code     0  _printf_i.o(.ARM.Collect$$_printf_percent$$00000008)
    _printf_d                                0x080001d9   Thumb Code     0  _printf_d.o(.ARM.Collect$$_printf_percent$$00000009)
    _printf_u                                0x080001df   Thumb Code     0  _printf_u.o(.ARM.Collect$$_printf_percent$$0000000A)
    _printf_o                                0x080001e5   Thumb Code     0  _printf_o.o(.ARM.Collect$$_printf_percent$$0000000B)
    _printf_x                                0x080001eb   Thumb Code     0  _printf_x.o(.ARM.Collect$$_printf_percent$$0000000C)
    _printf_lli                              0x080001f1   Thumb Code     0  _printf_lli.o(.ARM.Collect$$_printf_percent$$0000000D)
    _printf_lld                              0x080001f7   Thumb Code     0  _printf_lld.o(.ARM.Collect$$_printf_percent$$0000000E)
    _printf_llu                              0x080001fd   Thumb Code     0  _printf_llu.o(.ARM.Collect$$_printf_percent$$0000000F)
    _printf_llo                              0x08000203   Thumb Code     0  _printf_llo.o(.ARM.Collect$$_printf_percent$$00000010)
    _printf_llx                              0x08000209   Thumb Code     0  _printf_llx.o(.ARM.Collect$$_printf_percent$$00000011)
    _printf_l                                0x0800020f   Thumb Code     0  _printf_l.o(.ARM.Collect$$_printf_percent$$00000012)
    _printf_c                                0x08000219   Thumb Code     0  _printf_c.o(.ARM.Collect$$_printf_percent$$00000013)
    _printf_s                                0x0800021f   Thumb Code     0  _printf_s.o(.ARM.Collect$$_printf_percent$$00000014)
    _printf_lc                               0x08000225   Thumb Code     0  _printf_lc.o(.ARM.Collect$$_printf_percent$$00000015)
    _printf_ls                               0x0800022b   Thumb Code     0  _printf_ls.o(.ARM.Collect$$_printf_percent$$00000016)
    _printf_percent_end                      0x08000231   Thumb Code     0  _printf_percent_end.o(.ARM.Collect$$_printf_percent$$00000017)
    __rt_lib_init                            0x08000235   Thumb Code     0  libinit.o(.ARM.Collect$$libinit$$00000000)
    __rt_lib_init_fp_1                       0x08000237   Thumb Code     0  libinit2.o(.ARM.Collect$$libinit$$00000002)
    __rt_lib_init_heap_2                     0x08000237   Thumb Code     0  libinit2.o(.ARM.Collect$$libinit$$00000005)
    __rt_lib_init_preinit_1                  0x08000237   Thumb Code     0  libinit2.o(.ARM.Collect$$libinit$$00000004)
    __rt_lib_init_heap_1                     0x0800023f   Thumb Code     0  libinit2.o(.ARM.Collect$$libinit$$0000000A)
    __rt_lib_init_lc_common                  0x0800023f   Thumb Code     0  libinit2.o(.ARM.Collect$$libinit$$0000000F)
    __rt_lib_init_rand_1                     0x0800023f   Thumb Code     0  libinit2.o(.ARM.Collect$$libinit$$0000000E)
    __rt_lib_init_user_alloc_1               0x0800023f   Thumb Code     0  libinit2.o(.ARM.Collect$$libinit$$0000000C)
    __rt_lib_init_lc_collate_1               0x08000245   Thumb Code     0  libinit2.o(.ARM.Collect$$libinit$$00000011)
    __rt_lib_init_lc_ctype_2                 0x08000245   Thumb Code     0  libinit2.o(.ARM.Collect$$libinit$$00000012)
    __rt_lib_init_lc_ctype_1                 0x08000251   Thumb Code     0  libinit2.o(.ARM.Collect$$libinit$$00000013)
    __rt_lib_init_lc_monetary_1              0x08000251   Thumb Code     0  libinit2.o(.ARM.Collect$$libinit$$00000015)
    __rt_lib_init_lc_numeric_2               0x08000251   Thumb Code     0  libinit2.o(.ARM.Collect$$libinit$$00000016)
    __rt_lib_init_alloca_1                   0x0800025b   Thumb Code     0  libinit2.o(.ARM.Collect$$libinit$$0000002E)
    __rt_lib_init_argv_1                     0x0800025b   Thumb Code     0  libinit2.o(.ARM.Collect$$libinit$$0000002C)
    __rt_lib_init_atexit_1                   0x0800025b   Thumb Code     0  libinit2.o(.ARM.Collect$$libinit$$0000001B)
    __rt_lib_init_clock_1                    0x0800025b   Thumb Code     0  libinit2.o(.ARM.Collect$$libinit$$00000021)
    __rt_lib_init_cpp_1                      0x0800025b   Thumb Code     0  libinit2.o(.ARM.Collect$$libinit$$00000032)
    __rt_lib_init_exceptions_1               0x0800025b   Thumb Code     0  libinit2.o(.ARM.Collect$$libinit$$00000030)
    __rt_lib_init_fp_trap_1                  0x0800025b   Thumb Code     0  libinit2.o(.ARM.Collect$$libinit$$0000001F)
    __rt_lib_init_getenv_1                   0x0800025b   Thumb Code     0  libinit2.o(.ARM.Collect$$libinit$$00000023)
    __rt_lib_init_lc_numeric_1               0x0800025b   Thumb Code     0  libinit2.o(.ARM.Collect$$libinit$$00000017)
    __rt_lib_init_lc_time_1                  0x0800025b   Thumb Code     0  libinit2.o(.ARM.Collect$$libinit$$00000019)
    __rt_lib_init_return                     0x0800025b   Thumb Code     0  libinit2.o(.ARM.Collect$$libinit$$00000033)
    __rt_lib_init_signal_1                   0x0800025b   Thumb Code     0  libinit2.o(.ARM.Collect$$libinit$$0000001D)
    __rt_lib_init_stdio_1                    0x0800025b   Thumb Code     0  libinit2.o(.ARM.Collect$$libinit$$00000025)
    __rt_lib_shutdown                        0x0800025d   Thumb Code     0  libshutdown.o(.ARM.Collect$$libshutdown$$00000000)
    __rt_lib_shutdown_cpp_1                  0x0800025f   Thumb Code     0  libshutdown2.o(.ARM.Collect$$libshutdown$$00000002)
    __rt_lib_shutdown_fp_trap_1              0x0800025f   Thumb Code     0  libshutdown2.o(.ARM.Collect$$libshutdown$$00000007)
    __rt_lib_shutdown_heap_1                 0x0800025f   Thumb Code     0  libshutdown2.o(.ARM.Collect$$libshutdown$$0000000F)
    __rt_lib_shutdown_return                 0x0800025f   Thumb Code     0  libshutdown2.o(.ARM.Collect$$libshutdown$$00000010)
    __rt_lib_shutdown_signal_1               0x0800025f   Thumb Code     0  libshutdown2.o(.ARM.Collect$$libshutdown$$0000000A)
    __rt_lib_shutdown_stdio_1                0x0800025f   Thumb Code     0  libshutdown2.o(.ARM.Collect$$libshutdown$$00000004)
    __rt_lib_shutdown_user_alloc_1           0x0800025f   Thumb Code     0  libshutdown2.o(.ARM.Collect$$libshutdown$$0000000C)
    __rt_entry                               0x08000261   Thumb Code     0  __rtentry.o(.ARM.Collect$$rtentry$$00000000)
    __rt_entry_presh_1                       0x08000261   Thumb Code     0  __rtentry2.o(.ARM.Collect$$rtentry$$00000002)
    __rt_entry_sh                            0x08000261   Thumb Code     0  __rtentry4.o(.ARM.Collect$$rtentry$$00000004)
    __rt_entry_li                            0x08000267   Thumb Code     0  __rtentry2.o(.ARM.Collect$$rtentry$$0000000A)
    __rt_entry_postsh_1                      0x08000267   Thumb Code     0  __rtentry2.o(.ARM.Collect$$rtentry$$00000009)
    __rt_entry_main                          0x0800026b   Thumb Code     0  __rtentry2.o(.ARM.Collect$$rtentry$$0000000D)
    __rt_entry_postli_1                      0x0800026b   Thumb Code     0  __rtentry2.o(.ARM.Collect$$rtentry$$0000000C)
    __rt_exit                                0x08000273   Thumb Code     0  rtexit.o(.ARM.Collect$$rtexit$$00000000)
    __rt_exit_ls                             0x08000275   Thumb Code     0  rtexit2.o(.ARM.Collect$$rtexit$$00000003)
    __rt_exit_prels_1                        0x08000275   Thumb Code     0  rtexit2.o(.ARM.Collect$$rtexit$$00000002)
    __rt_exit_exit                           0x08000279   Thumb Code     0  rtexit2.o(.ARM.Collect$$rtexit$$00000004)
    _maybe_terminate_alloc                   0x08000281   Thumb Code     0  maybetermalloc1.o(.emb_text)
    main                                     0x08000281   Thumb Code   438  main.o(.text)
    NMI_Handler                              0x08000509   Thumb Code     2  stm32f10x_it.o(.text)
    HardFault_Handler                        0x0800050b   Thumb Code     4  stm32f10x_it.o(.text)
    MemManage_Handler                        0x0800050f   Thumb Code     4  stm32f10x_it.o(.text)
    BusFault_Handler                         0x08000513   Thumb Code     4  stm32f10x_it.o(.text)
    UsageFault_Handler                       0x08000517   Thumb Code     4  stm32f10x_it.o(.text)
    SVC_Handler                              0x0800051b   Thumb Code     2  stm32f10x_it.o(.text)
    DebugMon_Handler                         0x0800051d   Thumb Code     2  stm32f10x_it.o(.text)
    PendSV_Handler                           0x0800051f   Thumb Code     2  stm32f10x_it.o(.text)
    SysTick_Handler                          0x08000521   Thumb Code     2  stm32f10x_it.o(.text)
    SystemInit                               0x08000603   Thumb Code    78  system_stm32f10x.o(.text)
    SystemCoreClockUpdate                    0x08000651   Thumb Code   142  system_stm32f10x.o(.text)
    Reset_Handler                            0x08000705   Thumb Code     8  startup_stm32f10x_hd.o(.text)
    ADC1_2_IRQHandler                        0x0800071f   Thumb Code     0  startup_stm32f10x_hd.o(.text)
    ADC3_IRQHandler                          0x0800071f   Thumb Code     0  startup_stm32f10x_hd.o(.text)
    CAN1_RX1_IRQHandler                      0x0800071f   Thumb Code     0  startup_stm32f10x_hd.o(.text)
    CAN1_SCE_IRQHandler                      0x0800071f   Thumb Code     0  startup_stm32f10x_hd.o(.text)
    DMA1_Channel1_IRQHandler                 0x0800071f   Thumb Code     0  startup_stm32f10x_hd.o(.text)
    DMA1_Channel2_IRQHandler                 0x0800071f   Thumb Code     0  startup_stm32f10x_hd.o(.text)
    DMA1_Channel3_IRQHandler                 0x0800071f   Thumb Code     0  startup_stm32f10x_hd.o(.text)
    DMA1_Channel4_IRQHandler                 0x0800071f   Thumb Code     0  startup_stm32f10x_hd.o(.text)
    DMA1_Channel5_IRQHandler                 0x0800071f   Thumb Code     0  startup_stm32f10x_hd.o(.text)
    DMA1_Channel6_IRQHandler                 0x0800071f   Thumb Code     0  startup_stm32f10x_hd.o(.text)
    DMA1_Channel7_IRQHandler                 0x0800071f   Thumb Code     0  startup_stm32f10x_hd.o(.text)
    DMA2_Channel1_IRQHandler                 0x0800071f   Thumb Code     0  startup_stm32f10x_hd.o(.text)
    DMA2_Channel2_IRQHandler                 0x0800071f   Thumb Code     0  startup_stm32f10x_hd.o(.text)
    DMA2_Channel3_IRQHandler                 0x0800071f   Thumb Code     0  startup_stm32f10x_hd.o(.text)
    DMA2_Channel4_5_IRQHandler               0x0800071f   Thumb Code     0  startup_stm32f10x_hd.o(.text)
    EXTI0_IRQHandler                         0x0800071f   Thumb Code     0  startup_stm32f10x_hd.o(.text)
    EXTI15_10_IRQHandler                     0x0800071f   Thumb Code     0  startup_stm32f10x_hd.o(.text)
    EXTI1_IRQHandler                         0x0800071f   Thumb Code     0  startup_stm32f10x_hd.o(.text)
    EXTI2_IRQHandler                         0x0800071f   Thumb Code     0  startup_stm32f10x_hd.o(.text)
    EXTI3_IRQHandler                         0x0800071f   Thumb Code     0  startup_stm32f10x_hd.o(.text)
    EXTI4_IRQHandler                         0x0800071f   Thumb Code     0  startup_stm32f10x_hd.o(.text)
    EXTI9_5_IRQHandler                       0x0800071f   Thumb Code     0  startup_stm32f10x_hd.o(.text)
    FLASH_IRQHandler                         0x0800071f   Thumb Code     0  startup_stm32f10x_hd.o(.text)
    FSMC_IRQHandler                          0x0800071f   Thumb Code     0  startup_stm32f10x_hd.o(.text)
    I2C1_ER_IRQHandler                       0x0800071f   Thumb Code     0  startup_stm32f10x_hd.o(.text)
    I2C1_EV_IRQHandler                       0x0800071f   Thumb Code     0  startup_stm32f10x_hd.o(.text)
    I2C2_ER_IRQHandler                       0x0800071f   Thumb Code     0  startup_stm32f10x_hd.o(.text)
    I2C2_EV_IRQHandler                       0x0800071f   Thumb Code     0  startup_stm32f10x_hd.o(.text)
    PVD_IRQHandler                           0x0800071f   Thumb Code     0  startup_stm32f10x_hd.o(.text)
    RCC_IRQHandler                           0x0800071f   Thumb Code     0  startup_stm32f10x_hd.o(.text)
    RTCAlarm_IRQHandler                      0x0800071f   Thumb Code     0  startup_stm32f10x_hd.o(.text)
    RTC_IRQHandler                           0x0800071f   Thumb Code     0  startup_stm32f10x_hd.o(.text)
    SDIO_IRQHandler                          0x0800071f   Thumb Code     0  startup_stm32f10x_hd.o(.text)
    SPI1_IRQHandler                          0x0800071f   Thumb Code     0  startup_stm32f10x_hd.o(.text)
    SPI2_IRQHandler                          0x0800071f   Thumb Code     0  startup_stm32f10x_hd.o(.text)
    SPI3_IRQHandler                          0x0800071f   Thumb Code     0  startup_stm32f10x_hd.o(.text)
    TAMPER_IRQHandler                        0x0800071f   Thumb Code     0  startup_stm32f10x_hd.o(.text)
    TIM1_BRK_IRQHandler                      0x0800071f   Thumb Code     0  startup_stm32f10x_hd.o(.text)
    TIM1_CC_IRQHandler                       0x0800071f   Thumb Code     0  startup_stm32f10x_hd.o(.text)
    TIM1_TRG_COM_IRQHandler                  0x0800071f   Thumb Code     0  startup_stm32f10x_hd.o(.text)
    TIM1_UP_IRQHandler                       0x0800071f   Thumb Code     0  startup_stm32f10x_hd.o(.text)
    TIM2_IRQHandler                          0x0800071f   Thumb Code     0  startup_stm32f10x_hd.o(.text)
    TIM3_IRQHandler                          0x0800071f   Thumb Code     0  startup_stm32f10x_hd.o(.text)
    TIM4_IRQHandler                          0x0800071f   Thumb Code     0  startup_stm32f10x_hd.o(.text)
    TIM5_IRQHandler                          0x0800071f   Thumb Code     0  startup_stm32f10x_hd.o(.text)
    TIM6_IRQHandler                          0x0800071f   Thumb Code     0  startup_stm32f10x_hd.o(.text)
    TIM8_BRK_IRQHandler                      0x0800071f   Thumb Code     0  startup_stm32f10x_hd.o(.text)
    TIM8_CC_IRQHandler                       0x0800071f   Thumb Code     0  startup_stm32f10x_hd.o(.text)
    TIM8_TRG_COM_IRQHandler                  0x0800071f   Thumb Code     0  startup_stm32f10x_hd.o(.text)
    TIM8_UP_IRQHandler                       0x0800071f   Thumb Code     0  startup_stm32f10x_hd.o(.text)
    UART4_IRQHandler                         0x0800071f   Thumb Code     0  startup_stm32f10x_hd.o(.text)
    UART5_IRQHandler                         0x0800071f   Thumb Code     0  startup_stm32f10x_hd.o(.text)
    USART2_IRQHandler                        0x0800071f   Thumb Code     0  startup_stm32f10x_hd.o(.text)
    USBWakeUp_IRQHandler                     0x0800071f   Thumb Code     0  startup_stm32f10x_hd.o(.text)
    USB_HP_CAN1_TX_IRQHandler                0x0800071f   Thumb Code     0  startup_stm32f10x_hd.o(.text)
    USB_LP_CAN1_RX0_IRQHandler               0x0800071f   Thumb Code     0  startup_stm32f10x_hd.o(.text)
    WWDG_IRQHandler                          0x0800071f   Thumb Code     0  startup_stm32f10x_hd.o(.text)
    __user_initial_stackheap                 0x08000721   Thumb Code     0  startup_stm32f10x_hd.o(.text)
    NVIC_PriorityGroupConfig                 0x08000745   Thumb Code    10  misc.o(.text)
    NVIC_Init                                0x0800074f   Thumb Code   100  misc.o(.text)
    NVIC_SetVectorTable                      0x080007b3   Thumb Code    14  misc.o(.text)
    NVIC_SystemLPConfig                      0x080007c1   Thumb Code    34  misc.o(.text)
    SysTick_CLKSourceConfig                  0x080007e3   Thumb Code    40  misc.o(.text)
    GPIO_DeInit                              0x08000821   Thumb Code   172  stm32f10x_gpio.o(.text)
    GPIO_AFIODeInit                          0x080008cd   Thumb Code    20  stm32f10x_gpio.o(.text)
    GPIO_Init                                0x080008e1   Thumb Code   278  stm32f10x_gpio.o(.text)
    GPIO_StructInit                          0x080009f7   Thumb Code    16  stm32f10x_gpio.o(.text)
    GPIO_ReadInputDataBit                    0x08000a07   Thumb Code    18  stm32f10x_gpio.o(.text)
    GPIO_ReadInputData                       0x08000a19   Thumb Code     8  stm32f10x_gpio.o(.text)
    GPIO_ReadOutputDataBit                   0x08000a21   Thumb Code    18  stm32f10x_gpio.o(.text)
    GPIO_ReadOutputData                      0x08000a33   Thumb Code     8  stm32f10x_gpio.o(.text)
    GPIO_SetBits                             0x08000a3b   Thumb Code     4  stm32f10x_gpio.o(.text)
    GPIO_ResetBits                           0x08000a3f   Thumb Code     4  stm32f10x_gpio.o(.text)
    GPIO_WriteBit                            0x08000a43   Thumb Code    10  stm32f10x_gpio.o(.text)
    GPIO_Write                               0x08000a4d   Thumb Code     4  stm32f10x_gpio.o(.text)
    GPIO_PinLockConfig                       0x08000a51   Thumb Code    18  stm32f10x_gpio.o(.text)
    GPIO_EventOutputConfig                   0x08000a63   Thumb Code    26  stm32f10x_gpio.o(.text)
    GPIO_EventOutputCmd                      0x08000a7d   Thumb Code     6  stm32f10x_gpio.o(.text)
    GPIO_PinRemapConfig                      0x08000a83   Thumb Code   138  stm32f10x_gpio.o(.text)
    GPIO_EXTILineConfig                      0x08000b0d   Thumb Code    66  stm32f10x_gpio.o(.text)
    GPIO_ETH_MediaInterfaceConfig            0x08000b4f   Thumb Code     8  stm32f10x_gpio.o(.text)
    RCC_DeInit                               0x08000b7d   Thumb Code    64  stm32f10x_rcc.o(.text)
    RCC_HSEConfig                            0x08000bbd   Thumb Code    70  stm32f10x_rcc.o(.text)
    RCC_GetFlagStatus                        0x08000c03   Thumb Code    56  stm32f10x_rcc.o(.text)
    RCC_WaitForHSEStartUp                    0x08000c3b   Thumb Code    56  stm32f10x_rcc.o(.text)
    RCC_AdjustHSICalibrationValue            0x08000c73   Thumb Code    20  stm32f10x_rcc.o(.text)
    RCC_HSICmd                               0x08000c87   Thumb Code     6  stm32f10x_rcc.o(.text)
    RCC_PLLConfig                            0x08000c8d   Thumb Code    24  stm32f10x_rcc.o(.text)
    RCC_PLLCmd                               0x08000ca5   Thumb Code     6  stm32f10x_rcc.o(.text)
    RCC_SYSCLKConfig                         0x08000cab   Thumb Code    18  stm32f10x_rcc.o(.text)
    RCC_GetSYSCLKSource                      0x08000cbd   Thumb Code    10  stm32f10x_rcc.o(.text)
    RCC_HCLKConfig                           0x08000cc7   Thumb Code    18  stm32f10x_rcc.o(.text)
    RCC_PCLK1Config                          0x08000cd9   Thumb Code    18  stm32f10x_rcc.o(.text)
    RCC_PCLK2Config                          0x08000ceb   Thumb Code    20  stm32f10x_rcc.o(.text)
    RCC_ITConfig                             0x08000cff   Thumb Code    26  stm32f10x_rcc.o(.text)
    RCC_USBCLKConfig                         0x08000d19   Thumb Code     8  stm32f10x_rcc.o(.text)
    RCC_ADCCLKConfig                         0x08000d21   Thumb Code    18  stm32f10x_rcc.o(.text)
    RCC_LSEConfig                            0x08000d33   Thumb Code    50  stm32f10x_rcc.o(.text)
    RCC_LSICmd                               0x08000d65   Thumb Code     6  stm32f10x_rcc.o(.text)
    RCC_RTCCLKConfig                         0x08000d6b   Thumb Code    12  stm32f10x_rcc.o(.text)
    RCC_RTCCLKCmd                            0x08000d77   Thumb Code     8  stm32f10x_rcc.o(.text)
    RCC_GetClocksFreq                        0x08000d7f   Thumb Code   192  stm32f10x_rcc.o(.text)
    RCC_AHBPeriphClockCmd                    0x08000e3f   Thumb Code    26  stm32f10x_rcc.o(.text)
    RCC_APB2PeriphClockCmd                   0x08000e59   Thumb Code    26  stm32f10x_rcc.o(.text)
    RCC_APB1PeriphClockCmd                   0x08000e73   Thumb Code    26  stm32f10x_rcc.o(.text)
    RCC_APB2PeriphResetCmd                   0x08000e8d   Thumb Code    26  stm32f10x_rcc.o(.text)
    RCC_APB1PeriphResetCmd                   0x08000ea7   Thumb Code    26  stm32f10x_rcc.o(.text)
    RCC_BackupResetCmd                       0x08000ec1   Thumb Code     8  stm32f10x_rcc.o(.text)
    RCC_ClockSecuritySystemCmd               0x08000ec9   Thumb Code     6  stm32f10x_rcc.o(.text)
    RCC_MCOConfig                            0x08000ecf   Thumb Code     6  stm32f10x_rcc.o(.text)
    RCC_ClearFlag                            0x08000ed5   Thumb Code    14  stm32f10x_rcc.o(.text)
    RCC_GetITStatus                          0x08000ee3   Thumb Code    20  stm32f10x_rcc.o(.text)
    RCC_ClearITPendingBit                    0x08000ef7   Thumb Code     6  stm32f10x_rcc.o(.text)
    TIM_DeInit                               0x08000f21   Thumb Code   424  stm32f10x_tim.o(.text)
    TIM_TimeBaseInit                         0x080010c9   Thumb Code   122  stm32f10x_tim.o(.text)
    TIM_OC1Init                              0x08001143   Thumb Code   132  stm32f10x_tim.o(.text)
    TIM_OC2Init                              0x080011c7   Thumb Code   154  stm32f10x_tim.o(.text)
    TIM_OC3Init                              0x08001261   Thumb Code   150  stm32f10x_tim.o(.text)
    TIM_OC4Init                              0x080012f7   Thumb Code   182  stm32f10x_tim.o(.text)
    TIM_SetIC4Prescaler                      0x080013ad   Thumb Code    26  stm32f10x_tim.o(.text)
    TIM_SetIC3Prescaler                      0x08001449   Thumb Code    18  stm32f10x_tim.o(.text)
    TIM_SetIC2Prescaler                      0x080014d5   Thumb Code    26  stm32f10x_tim.o(.text)
    TIM_SetIC1Prescaler                      0x08001571   Thumb Code    18  stm32f10x_tim.o(.text)
    TIM_ICInit                               0x080015ef   Thumb Code   150  stm32f10x_tim.o(.text)
    TIM_PWMIConfig                           0x08001685   Thumb Code   124  stm32f10x_tim.o(.text)
    TIM_BDTRConfig                           0x08001701   Thumb Code    32  stm32f10x_tim.o(.text)
    TIM_TimeBaseStructInit                   0x08001721   Thumb Code    18  stm32f10x_tim.o(.text)
    TIM_OCStructInit                         0x08001733   Thumb Code    20  stm32f10x_tim.o(.text)
    TIM_ICStructInit                         0x08001747   Thumb Code    18  stm32f10x_tim.o(.text)
    TIM_BDTRStructInit                       0x08001759   Thumb Code    40  stm32f10x_tim.o(.text)
    TIM_Cmd                                  0x08001781   Thumb Code    24  stm32f10x_tim.o(.text)
    TIM_CtrlPWMOutputs                       0x08001799   Thumb Code    30  stm32f10x_tim.o(.text)
    TIM_ITConfig                             0x080017b7   Thumb Code    18  stm32f10x_tim.o(.text)
    TIM_GenerateEvent                        0x080017c9   Thumb Code     4  stm32f10x_tim.o(.text)
    TIM_DMAConfig                            0x080017cd   Thumb Code    10  stm32f10x_tim.o(.text)
    TIM_DMACmd                               0x080017d7   Thumb Code    18  stm32f10x_tim.o(.text)
    TIM_InternalClockConfig                  0x080017e9   Thumb Code    12  stm32f10x_tim.o(.text)
    TIM_SelectInputTrigger                   0x080017f5   Thumb Code    18  stm32f10x_tim.o(.text)
    TIM_ITRxExternalClockConfig              0x08001807   Thumb Code    24  stm32f10x_tim.o(.text)
    TIM_TIxExternalClockConfig               0x0800181f   Thumb Code    62  stm32f10x_tim.o(.text)
    TIM_ETRConfig                            0x0800185d   Thumb Code    28  stm32f10x_tim.o(.text)
    TIM_ETRClockMode1Config                  0x08001879   Thumb Code    54  stm32f10x_tim.o(.text)
    TIM_ETRClockMode2Config                  0x080018af   Thumb Code    32  stm32f10x_tim.o(.text)
    TIM_PrescalerConfig                      0x080018cf   Thumb Code     6  stm32f10x_tim.o(.text)
    TIM_CounterModeConfig                    0x080018d5   Thumb Code    18  stm32f10x_tim.o(.text)
    TIM_EncoderInterfaceConfig               0x080018e7   Thumb Code    66  stm32f10x_tim.o(.text)
    TIM_ForcedOC1Config                      0x08001929   Thumb Code    18  stm32f10x_tim.o(.text)
    TIM_ForcedOC2Config                      0x0800193b   Thumb Code    26  stm32f10x_tim.o(.text)
    TIM_ForcedOC3Config                      0x08001955   Thumb Code    18  stm32f10x_tim.o(.text)
    TIM_ForcedOC4Config                      0x08001967   Thumb Code    26  stm32f10x_tim.o(.text)
    TIM_ARRPreloadConfig                     0x08001981   Thumb Code    24  stm32f10x_tim.o(.text)
    TIM_SelectCOM                            0x08001999   Thumb Code    24  stm32f10x_tim.o(.text)
    TIM_SelectCCDMA                          0x080019b1   Thumb Code    24  stm32f10x_tim.o(.text)
    TIM_CCPreloadControl                     0x080019c9   Thumb Code    24  stm32f10x_tim.o(.text)
    TIM_OC1PreloadConfig                     0x080019e1   Thumb Code    18  stm32f10x_tim.o(.text)
    TIM_OC2PreloadConfig                     0x080019f3   Thumb Code    26  stm32f10x_tim.o(.text)
    TIM_OC3PreloadConfig                     0x08001a0d   Thumb Code    18  stm32f10x_tim.o(.text)
    TIM_OC4PreloadConfig                     0x08001a1f   Thumb Code    26  stm32f10x_tim.o(.text)
    TIM_OC1FastConfig                        0x08001a39   Thumb Code    18  stm32f10x_tim.o(.text)
    TIM_OC2FastConfig                        0x08001a4b   Thumb Code    26  stm32f10x_tim.o(.text)
    TIM_OC3FastConfig                        0x08001a65   Thumb Code    18  stm32f10x_tim.o(.text)
    TIM_OC4FastConfig                        0x08001a77   Thumb Code    26  stm32f10x_tim.o(.text)
    TIM_ClearOC1Ref                          0x08001a91   Thumb Code    18  stm32f10x_tim.o(.text)
    TIM_ClearOC2Ref                          0x08001aa3   Thumb Code    24  stm32f10x_tim.o(.text)
    TIM_ClearOC3Ref                          0x08001abb   Thumb Code    18  stm32f10x_tim.o(.text)
    TIM_ClearOC4Ref                          0x08001acd   Thumb Code    24  stm32f10x_tim.o(.text)
    TIM_OC1PolarityConfig                    0x08001ae5   Thumb Code    18  stm32f10x_tim.o(.text)
    TIM_OC1NPolarityConfig                   0x08001af7   Thumb Code    18  stm32f10x_tim.o(.text)
    TIM_OC2PolarityConfig                    0x08001b09   Thumb Code    26  stm32f10x_tim.o(.text)
    TIM_OC2NPolarityConfig                   0x08001b23   Thumb Code    26  stm32f10x_tim.o(.text)
    TIM_OC3PolarityConfig                    0x08001b3d   Thumb Code    26  stm32f10x_tim.o(.text)
    TIM_OC3NPolarityConfig                   0x08001b57   Thumb Code    26  stm32f10x_tim.o(.text)
    TIM_OC4PolarityConfig                    0x08001b71   Thumb Code    26  stm32f10x_tim.o(.text)
    TIM_CCxCmd                               0x08001b8b   Thumb Code    30  stm32f10x_tim.o(.text)
    TIM_CCxNCmd                              0x08001ba9   Thumb Code    30  stm32f10x_tim.o(.text)
    TIM_SelectOCxM                           0x08001bc7   Thumb Code    82  stm32f10x_tim.o(.text)
    TIM_UpdateDisableConfig                  0x08001c19   Thumb Code    24  stm32f10x_tim.o(.text)
    TIM_UpdateRequestConfig                  0x08001c31   Thumb Code    24  stm32f10x_tim.o(.text)
    TIM_SelectHallSensor                     0x08001c49   Thumb Code    24  stm32f10x_tim.o(.text)
    TIM_SelectOnePulseMode                   0x08001c61   Thumb Code    18  stm32f10x_tim.o(.text)
    TIM_SelectOutputTrigger                  0x08001c73   Thumb Code    18  stm32f10x_tim.o(.text)
    TIM_SelectSlaveMode                      0x08001c85   Thumb Code    18  stm32f10x_tim.o(.text)
    TIM_SelectMasterSlaveMode                0x08001c97   Thumb Code    18  stm32f10x_tim.o(.text)
    TIM_SetCounter                           0x08001ca9   Thumb Code     4  stm32f10x_tim.o(.text)
    TIM_SetAutoreload                        0x08001cad   Thumb Code     4  stm32f10x_tim.o(.text)
    TIM_SetCompare1                          0x08001cb1   Thumb Code     4  stm32f10x_tim.o(.text)
    TIM_SetCompare2                          0x08001cb5   Thumb Code     4  stm32f10x_tim.o(.text)
    TIM_SetCompare3                          0x08001cb9   Thumb Code     4  stm32f10x_tim.o(.text)
    TIM_SetCompare4                          0x08001cbd   Thumb Code     6  stm32f10x_tim.o(.text)
    TIM_SetClockDivision                     0x08001cc3   Thumb Code    18  stm32f10x_tim.o(.text)
    TIM_GetCapture1                          0x08001cd5   Thumb Code     6  stm32f10x_tim.o(.text)
    TIM_GetCapture2                          0x08001cdb   Thumb Code     6  stm32f10x_tim.o(.text)
    TIM_GetCapture3                          0x08001ce1   Thumb Code     6  stm32f10x_tim.o(.text)
    TIM_GetCapture4                          0x08001ce7   Thumb Code     8  stm32f10x_tim.o(.text)
    TIM_GetCounter                           0x08001cef   Thumb Code     6  stm32f10x_tim.o(.text)
    TIM_GetPrescaler                         0x08001cf5   Thumb Code     6  stm32f10x_tim.o(.text)
    TIM_GetFlagStatus                        0x08001cfb   Thumb Code    18  stm32f10x_tim.o(.text)
    TIM_ClearFlag                            0x08001d0d   Thumb Code     6  stm32f10x_tim.o(.text)
    TIM_GetITStatus                          0x08001d13   Thumb Code    34  stm32f10x_tim.o(.text)
    TIM_ClearITPendingBit                    0x08001d35   Thumb Code     6  stm32f10x_tim.o(.text)
    USART_DeInit                             0x08001d3d   Thumb Code   134  stm32f10x_usart.o(.text)
    USART_Init                               0x08001dc3   Thumb Code   210  stm32f10x_usart.o(.text)
    USART_StructInit                         0x08001e95   Thumb Code    24  stm32f10x_usart.o(.text)
    USART_ClockInit                          0x08001ead   Thumb Code    34  stm32f10x_usart.o(.text)
    USART_ClockStructInit                    0x08001ecf   Thumb Code    12  stm32f10x_usart.o(.text)
    USART_Cmd                                0x08001edb   Thumb Code    24  stm32f10x_usart.o(.text)
    USART_ITConfig                           0x08001ef3   Thumb Code    74  stm32f10x_usart.o(.text)
    USART_DMACmd                             0x08001f3d   Thumb Code    18  stm32f10x_usart.o(.text)
    USART_SetAddress                         0x08001f4f   Thumb Code    18  stm32f10x_usart.o(.text)
    USART_WakeUpConfig                       0x08001f61   Thumb Code    18  stm32f10x_usart.o(.text)
    USART_ReceiverWakeUpCmd                  0x08001f73   Thumb Code    24  stm32f10x_usart.o(.text)
    USART_LINBreakDetectLengthConfig         0x08001f8b   Thumb Code    18  stm32f10x_usart.o(.text)
    USART_LINCmd                             0x08001f9d   Thumb Code    24  stm32f10x_usart.o(.text)
    USART_SendData                           0x08001fb5   Thumb Code     8  stm32f10x_usart.o(.text)
    USART_ReceiveData                        0x08001fbd   Thumb Code    10  stm32f10x_usart.o(.text)
    USART_SendBreak                          0x08001fc7   Thumb Code    10  stm32f10x_usart.o(.text)
    USART_SetGuardTime                       0x08001fd1   Thumb Code    16  stm32f10x_usart.o(.text)
    USART_SetPrescaler                       0x08001fe1   Thumb Code    16  stm32f10x_usart.o(.text)
    USART_SmartCardCmd                       0x08001ff1   Thumb Code    24  stm32f10x_usart.o(.text)
    USART_SmartCardNACKCmd                   0x08002009   Thumb Code    24  stm32f10x_usart.o(.text)
    USART_HalfDuplexCmd                      0x08002021   Thumb Code    24  stm32f10x_usart.o(.text)
    USART_OverSampling8Cmd                   0x08002039   Thumb Code    22  stm32f10x_usart.o(.text)
    USART_OneBitMethodCmd                    0x0800204f   Thumb Code    24  stm32f10x_usart.o(.text)
    USART_IrDAConfig                         0x08002067   Thumb Code    18  stm32f10x_usart.o(.text)
    USART_IrDACmd                            0x08002079   Thumb Code    24  stm32f10x_usart.o(.text)
    USART_GetFlagStatus                      0x08002091   Thumb Code    26  stm32f10x_usart.o(.text)
    USART_ClearFlag                          0x080020ab   Thumb Code    18  stm32f10x_usart.o(.text)
    USART_GetITStatus                        0x080020bd   Thumb Code    84  stm32f10x_usart.o(.text)
    USART_ClearITPendingBit                  0x08002111   Thumb Code    52  stm32f10x_usart.o(.text)
    delay_init                               0x08002145   Thumb Code    50  delay.o(.text)
    delay_us                                 0x08002177   Thumb Code    72  delay.o(.text)
    delay_ms                                 0x080021bf   Thumb Code    72  delay.o(.text)
    _sys_exit                                0x08002219   Thumb Code     4  usart.o(.text)
    fputc                                    0x0800221d   Thumb Code    24  usart.o(.text)
    uart_init                                0x08002235   Thumb Code   152  usart.o(.text)
    USART1_IRQHandler                        0x080022cd   Thumb Code   122  usart.o(.text)
    uart_send_buff                           0x08002347   Thumb Code    40  usart.o(.text)
    Delay                                    0x08002381   Thumb Code    12  esp8266.o(.text)
    esp8266_check_cmd                        0x0800238d   Thumb Code    72  esp8266.o(.text)
    esp8266_send_cmd                         0x080023d5   Thumb Code   110  esp8266.o(.text)
    esp8266_Config                           0x08002443   Thumb Code   186  esp8266.o(.text)
    esp8266_start_trans                      0x080024fd   Thumb Code    22  esp8266.o(.text)
    esp8266_quit_trans                       0x08002513   Thumb Code    52  esp8266.o(.text)
    esp8266_send_data                        0x08002547   Thumb Code    88  esp8266.o(.text)
    TIM7_IRQHandler                          0x080027a9   Thumb Code    42  timer7.o(.text)
    TIM7_Int_Init                            0x080027d3   Thumb Code    90  timer7.o(.text)
    usart3_init                              0x08002835   Thumb Code   192  usart1.o(.text)
    USART3_IRQHandler                        0x080028f5   Thumb Code   116  usart1.o(.text)
    u3_printf                                0x08002969   Thumb Code    78  usart1.o(.text)
    gpio_control_input_config                0x080029e1   Thumb Code    32  gpio.o(.text)
    gpio_control_output_config               0x08002a01   Thumb Code    72  gpio.o(.text)
    gpio_config                              0x08002a49   Thumb Code    12  gpio.o(.text)
    malloc                                   0x08002a61   Thumb Code    94  h1_alloc.o(.text)
    free                                     0x08002abf   Thumb Code    78  h1_free.o(.text)
    vsprintf                                 0x08002b0d   Thumb Code    32  vsprintf.o(.text)
    __2printf                                0x08002b31   Thumb Code    20  __2printf.o(.text)
    _printf_str                              0x08002b49   Thumb Code    82  _printf_str.o(.text)
    __printf                                 0x08002b9d   Thumb Code   388  __printf_flags_ss_wp.o(.text)
    strstr                                   0x08002d25   Thumb Code    36  strstr.o(.text)
    strlen                                   0x08002d49   Thumb Code    62  strlen.o(.text)
    __aeabi_memclr                           0x08002d87   Thumb Code     0  rt_memclr.o(.text)
    __rt_memclr                              0x08002d87   Thumb Code    68  rt_memclr.o(.text)
    _memset                                  0x08002d8b   Thumb Code     0  rt_memclr.o(.text)
    __use_two_region_memory                  0x08002dcb   Thumb Code     2  heapauxi.o(.text)
    __rt_heap_escrow                         0x08002dcd   Thumb Code     2  heapauxi.o(.text)
    __rt_heap_expand                         0x08002dcf   Thumb Code     2  heapauxi.o(.text)
    __rt_heap_descriptor                     0x08002dd1   Thumb Code     8  rt_heap_descriptor_intlibspace.o(.text)
    __use_no_heap                            0x08002dd9   Thumb Code     2  hguard.o(.text)
    __heap$guard                             0x08002ddb   Thumb Code     2  hguard.o(.text)
    _terminate_user_alloc                    0x08002ddd   Thumb Code     2  init_alloc.o(.text)
    _init_user_alloc                         0x08002ddf   Thumb Code     2  init_alloc.o(.text)
    __Heap_Full                              0x08002de1   Thumb Code    34  init_alloc.o(.text)
    __Heap_Broken                            0x08002e03   Thumb Code     6  init_alloc.o(.text)
    _init_alloc                              0x08002e09   Thumb Code    94  init_alloc.o(.text)
    __Heap_Initialize                        0x08002e67   Thumb Code    10  h1_init.o(.text)
    __Heap_DescSize                          0x08002e71   Thumb Code     4  h1_init.o(.text)
    _printf_pre_padding                      0x08002e75   Thumb Code    44  _printf_pad.o(.text)
    _printf_post_padding                     0x08002ea1   Thumb Code    34  _printf_pad.o(.text)
    _printf_truncate_signed                  0x08002ec3   Thumb Code    18  _printf_truncate.o(.text)
    _printf_truncate_unsigned                0x08002ed5   Thumb Code    18  _printf_truncate.o(.text)
    _printf_int_dec                          0x08002ee9   Thumb Code   104  _printf_dec.o(.text)
    _printf_charcount                        0x08002f61   Thumb Code    40  _printf_charcount.o(.text)
    _printf_char_common                      0x08002f93   Thumb Code    32  _printf_char_common.o(.text)
    _sputc                                   0x08002fb9   Thumb Code    10  _sputc.o(.text)
    _printf_cs_common                        0x08002fc3   Thumb Code    20  _printf_char.o(.text)
    _printf_char                             0x08002fd7   Thumb Code    16  _printf_char.o(.text)
    _printf_string                           0x08002fe7   Thumb Code     8  _printf_char.o(.text)
    _printf_char_file                        0x08002ff1   Thumb Code    32  _printf_char_file.o(.text)
    _printf_wctomb                           0x08003015   Thumb Code   182  _printf_wctomb.o(.text)
    _printf_longlong_dec                     0x080030d1   Thumb Code   108  _printf_longlong_dec.o(.text)
    _printf_longlong_oct                     0x0800314d   Thumb Code    68  _printf_oct_int_ll.o(.text)
    _printf_int_oct                          0x08003191   Thumb Code    24  _printf_oct_int_ll.o(.text)
    _printf_ll_oct                           0x080031a9   Thumb Code    12  _printf_oct_int_ll.o(.text)
    _printf_longlong_hex                     0x080031bd   Thumb Code    86  _printf_hex_int_ll_ptr.o(.text)
    _printf_int_hex                          0x08003213   Thumb Code    28  _printf_hex_int_ll_ptr.o(.text)
    _printf_ll_hex                           0x0800322f   Thumb Code    12  _printf_hex_int_ll_ptr.o(.text)
    _printf_hex_ptr                          0x0800323b   Thumb Code    18  _printf_hex_int_ll_ptr.o(.text)
    __aeabi_memclr4                          0x08003251   Thumb Code     0  rt_memclr_w.o(.text)
    __aeabi_memclr8                          0x08003251   Thumb Code     0  rt_memclr_w.o(.text)
    __rt_memclr_w                            0x08003251   Thumb Code    78  rt_memclr_w.o(.text)
    _memset_w                                0x08003255   Thumb Code     0  rt_memclr_w.o(.text)
    __user_libspace                          0x080032a1   Thumb Code     8  libspace.o(.text)
    __user_perproc_libspace                  0x080032a1   Thumb Code     0  libspace.o(.text)
    __user_perthread_libspace                0x080032a1   Thumb Code     0  libspace.o(.text)
    __Heap_ProvideMemory                     0x080032a9   Thumb Code    52  h1_extend.o(.text)
    _ll_udiv10                               0x080032dd   Thumb Code   138  lludiv10.o(.text)
    _printf_int_common                       0x08003367   Thumb Code   178  _printf_intcommon.o(.text)
    __lib_sel_fp_printf                      0x08003419   Thumb Code     2  _printf_fp_dec.o(.text)
    _printf_fp_dec_real                      0x080035c7   Thumb Code   620  _printf_fp_dec.o(.text)
    _printf_fp_hex_real                      0x08003835   Thumb Code   754  _printf_fp_hex.o(.text)
    _printf_lcs_common                       0x08003b31   Thumb Code    20  _printf_wchar.o(.text)
    _printf_wchar                            0x08003b45   Thumb Code    16  _printf_wchar.o(.text)
    _printf_wstring                          0x08003b55   Thumb Code     8  _printf_wchar.o(.text)
    ferror                                   0x08003b5d   Thumb Code     8  ferror.o(.text)
    _wcrtomb                                 0x08003b65   Thumb Code    64  _wcrtomb.o(.text)
    __rt_SIGRTMEM                            0x08003ba5   Thumb Code    14  defsig_rtmem_outer.o(.text)
    __I$use$semihosting                      0x08003bb3   Thumb Code     0  use_no_semi.o(.text)
    __use_no_semihosting_swi                 0x08003bb3   Thumb Code     2  use_no_semi.o(.text)
    __semihosting_library_function           0x08003bb5   Thumb Code     0  indicate_semi.o(.text)
    __user_setup_stackheap                   0x08003bb5   Thumb Code    74  sys_stackheap_outer.o(.text)
    __rt_ctype_table                         0x08003c01   Thumb Code    16  rt_ctype_table.o(.text)
    __rt_locale                              0x08003c11   Thumb Code     8  rt_locale_intlibspace.o(.text)
    _printf_fp_infnan                        0x08003c19   Thumb Code   112  _printf_fp_infnan.o(.text)
    _btod_etento                             0x08003c99   Thumb Code   216  bigflt0.o(.text)
    exit                                     0x08003d75   Thumb Code    18  exit.o(.text)
    __sig_exit                               0x08003d87   Thumb Code    10  defsig_exit.o(.text)
    __rt_SIGRTMEM_inner                      0x08003d91   Thumb Code    22  defsig_rtmem_inner.o(.text)
    __default_signal_display                 0x08003de1   Thumb Code    50  defsig_general.o(.text)
    strcmp                                   0x08003e15   Thumb Code   128  strcmpv7m.o(.text)
    _ttywrch                                 0x08003e95   Thumb Code    14  sys_wrch.o(.text)
    _btod_d2e                                0x08003ea3   Thumb Code    62  btod.o(CL$$btod_d2e)
    _d2e_denorm_low                          0x08003ee1   Thumb Code    70  btod.o(CL$$btod_d2e_denorm_low)
    _d2e_norm_op1                            0x08003f27   Thumb Code    96  btod.o(CL$$btod_d2e_norm_op1)
    __btod_div_common                        0x08003f87   Thumb Code   696  btod.o(CL$$btod_div_common)
    _e2e                                     0x080042bf   Thumb Code   198  btod.o(CL$$btod_e2e)
    _btod_ediv                               0x08004385   Thumb Code    40  btod.o(CL$$btod_ediv)
    _btod_emul                               0x080043ad   Thumb Code    40  btod.o(CL$$btod_emul)
    __btod_mult_common                       0x080043d5   Thumb Code   580  btod.o(CL$$btod_mult_common)
    __ARM_fpclassify                         0x08004619   Thumb Code    40  fpclassify.o(i.__ARM_fpclassify)
    _is_digit                                0x08004641   Thumb Code    14  __printf_wp.o(i._is_digit)
    _get_lc_numeric                          0x08004651   Thumb Code    44  lc_numeric_c.o(locale$$code)
    _get_lc_ctype                            0x0800467d   Thumb Code    44  lc_ctype_c.o(locale$$code)
    _printf_fp_dec                           0x080046a9   Thumb Code     4  printf1.o(x$fpl$printf1)
    _printf_fp_hex                           0x080046ad   Thumb Code     4  printf2.o(x$fpl$printf2)
    __I$use$fp                               0x080046b0   Number         0  usenofp.o(x$fpl$usenofp)
    Region$$Table$$Base                      0x080047b0   Number         0  anon$$obj.o(Region$$Table)
    Region$$Table$$Limit                     0x080047d0   Number         0  anon$$obj.o(Region$$Table)
    __ctype                                  0x080047f9   Data           0  lc_ctype_c.o(locale$$data)
    SystemCoreClock                          0x20000000   Data           4  system_stm32f10x.o(.data)
    AHBPrescTable                            0x20000004   Data          16  system_stm32f10x.o(.data)
    __stdout                                 0x2000002c   Data           4  usart.o(.data)
    USART_RX_STA                             0x20000030   Data           2  usart.o(.data)
    USART3_RX_STA                            0x20000032   Data           2  usart1.o(.data)
    USART_RX_BUF                             0x20000034   Data         200  usart.o(.bss)
    USART3_RX_BUF                            0x200000fc   Data         600  usart1.o(.bss)
    USART3_TX_BUF                            0x20000354   Data         600  usart1.o(.bss)
    __libspace_start                         0x200005ac   Data          96  libspace.o(.bss)
    __temporary_stack_top$libspace           0x2000060c   Data           0  libspace.o(.bss)



==============================================================================

Memory Map of the image

  Image Entry point : 0x08000131

  Load Region LR_IROM1 (Base: 0x08000000, Size: 0x00004930, Max: 0x00040000, ABSOLUTE)

    Execution Region ER_IROM1 (Exec base: 0x08000000, Load base: 0x08000000, Size: 0x000048fc, Max: 0x00040000, ABSOLUTE)

    Exec Addr    Load Addr    Size         Type   Attr      Idx    E Section Name        Object

    0x08000000   0x08000000   0x00000130   Data   RO          185    RESET               startup_stm32f10x_hd.o
    0x08000130   0x08000130   0x00000008   Code   RO          753  * !!!main             c_w.l(__main.o)
    0x08000138   0x08000138   0x00000034   Code   RO         1100    !!!scatter          c_w.l(__scatter.o)
    0x0800016c   0x0800016c   0x0000001a   Code   RO         1102    !!handler_copy      c_w.l(__scatter_copy.o)
    0x08000186   0x08000186   0x00000002   PAD
    0x08000188   0x08000188   0x0000001c   Code   RO         1104    !!handler_zi        c_w.l(__scatter_zi.o)
    0x080001a4   0x080001a4   0x00000000   Code   RO          744    .ARM.Collect$$_printf_percent$$00000000  c_w.l(_printf_percent.o)
    0x080001a4   0x080001a4   0x00000006   Code   RO          832    .ARM.Collect$$_printf_percent$$00000001  c_w.l(_printf_n.o)
    0x080001aa   0x080001aa   0x00000006   Code   RO          834    .ARM.Collect$$_printf_percent$$00000002  c_w.l(_printf_p.o)
    0x080001b0   0x080001b0   0x00000006   Code   RO          839    .ARM.Collect$$_printf_percent$$00000003  c_w.l(_printf_f.o)
    0x080001b6   0x080001b6   0x00000006   Code   RO          840    .ARM.Collect$$_printf_percent$$00000004  c_w.l(_printf_e.o)
    0x080001bc   0x080001bc   0x00000006   Code   RO          841    .ARM.Collect$$_printf_percent$$00000005  c_w.l(_printf_g.o)
    0x080001c2   0x080001c2   0x00000006   Code   RO          842    .ARM.Collect$$_printf_percent$$00000006  c_w.l(_printf_a.o)
    0x080001c8   0x080001c8   0x0000000a   Code   RO          847    .ARM.Collect$$_printf_percent$$00000007  c_w.l(_printf_ll.o)
    0x080001d2   0x080001d2   0x00000006   Code   RO          836    .ARM.Collect$$_printf_percent$$00000008  c_w.l(_printf_i.o)
    0x080001d8   0x080001d8   0x00000006   Code   RO          837    .ARM.Collect$$_printf_percent$$00000009  c_w.l(_printf_d.o)
    0x080001de   0x080001de   0x00000006   Code   RO          838    .ARM.Collect$$_printf_percent$$0000000A  c_w.l(_printf_u.o)
    0x080001e4   0x080001e4   0x00000006   Code   RO          835    .ARM.Collect$$_printf_percent$$0000000B  c_w.l(_printf_o.o)
    0x080001ea   0x080001ea   0x00000006   Code   RO          833    .ARM.Collect$$_printf_percent$$0000000C  c_w.l(_printf_x.o)
    0x080001f0   0x080001f0   0x00000006   Code   RO          844    .ARM.Collect$$_printf_percent$$0000000D  c_w.l(_printf_lli.o)
    0x080001f6   0x080001f6   0x00000006   Code   RO          845    .ARM.Collect$$_printf_percent$$0000000E  c_w.l(_printf_lld.o)
    0x080001fc   0x080001fc   0x00000006   Code   RO          846    .ARM.Collect$$_printf_percent$$0000000F  c_w.l(_printf_llu.o)
    0x08000202   0x08000202   0x00000006   Code   RO          851    .ARM.Collect$$_printf_percent$$00000010  c_w.l(_printf_llo.o)
    0x08000208   0x08000208   0x00000006   Code   RO          852    .ARM.Collect$$_printf_percent$$00000011  c_w.l(_printf_llx.o)
    0x0800020e   0x0800020e   0x0000000a   Code   RO          848    .ARM.Collect$$_printf_percent$$00000012  c_w.l(_printf_l.o)
    0x08000218   0x08000218   0x00000006   Code   RO          831    .ARM.Collect$$_printf_percent$$00000013  c_w.l(_printf_c.o)
    0x0800021e   0x0800021e   0x00000006   Code   RO          743    .ARM.Collect$$_printf_percent$$00000014  c_w.l(_printf_s.o)
    0x08000224   0x08000224   0x00000006   Code   RO          849    .ARM.Collect$$_printf_percent$$00000015  c_w.l(_printf_lc.o)
    0x0800022a   0x0800022a   0x00000006   Code   RO          850    .ARM.Collect$$_printf_percent$$00000016  c_w.l(_printf_ls.o)
    0x08000230   0x08000230   0x00000004   Code   RO          843    .ARM.Collect$$_printf_percent$$00000017  c_w.l(_printf_percent_end.o)
    0x08000234   0x08000234   0x00000002   Code   RO         1031    .ARM.Collect$$libinit$$00000000  c_w.l(libinit.o)
    0x08000236   0x08000236   0x00000000   Code   RO          860    .ARM.Collect$$libinit$$00000002  c_w.l(libinit2.o)
    0x08000236   0x08000236   0x00000000   Code   RO          862    .ARM.Collect$$libinit$$00000004  c_w.l(libinit2.o)
    0x08000236   0x08000236   0x00000008   Code   RO          863    .ARM.Collect$$libinit$$00000005  c_w.l(libinit2.o)
    0x0800023e   0x0800023e   0x00000000   Code   RO          865    .ARM.Collect$$libinit$$0000000A  c_w.l(libinit2.o)
    0x0800023e   0x0800023e   0x00000000   Code   RO          867    .ARM.Collect$$libinit$$0000000C  c_w.l(libinit2.o)
    0x0800023e   0x0800023e   0x00000000   Code   RO          869    .ARM.Collect$$libinit$$0000000E  c_w.l(libinit2.o)
    0x0800023e   0x0800023e   0x00000006   Code   RO          870    .ARM.Collect$$libinit$$0000000F  c_w.l(libinit2.o)
    0x08000244   0x08000244   0x00000000   Code   RO          872    .ARM.Collect$$libinit$$00000011  c_w.l(libinit2.o)
    0x08000244   0x08000244   0x0000000c   Code   RO          873    .ARM.Collect$$libinit$$00000012  c_w.l(libinit2.o)
    0x08000250   0x08000250   0x00000000   Code   RO          874    .ARM.Collect$$libinit$$00000013  c_w.l(libinit2.o)
    0x08000250   0x08000250   0x00000000   Code   RO          876    .ARM.Collect$$libinit$$00000015  c_w.l(libinit2.o)
    0x08000250   0x08000250   0x0000000a   Code   RO          877    .ARM.Collect$$libinit$$00000016  c_w.l(libinit2.o)
    0x0800025a   0x0800025a   0x00000000   Code   RO          878    .ARM.Collect$$libinit$$00000017  c_w.l(libinit2.o)
    0x0800025a   0x0800025a   0x00000000   Code   RO          880    .ARM.Collect$$libinit$$00000019  c_w.l(libinit2.o)
    0x0800025a   0x0800025a   0x00000000   Code   RO          882    .ARM.Collect$$libinit$$0000001B  c_w.l(libinit2.o)
    0x0800025a   0x0800025a   0x00000000   Code   RO          884    .ARM.Collect$$libinit$$0000001D  c_w.l(libinit2.o)
    0x0800025a   0x0800025a   0x00000000   Code   RO          886    .ARM.Collect$$libinit$$0000001F  c_w.l(libinit2.o)
    0x0800025a   0x0800025a   0x00000000   Code   RO          888    .ARM.Collect$$libinit$$00000021  c_w.l(libinit2.o)
    0x0800025a   0x0800025a   0x00000000   Code   RO          890    .ARM.Collect$$libinit$$00000023  c_w.l(libinit2.o)
    0x0800025a   0x0800025a   0x00000000   Code   RO          892    .ARM.Collect$$libinit$$00000025  c_w.l(libinit2.o)
    0x0800025a   0x0800025a   0x00000000   Code   RO          896    .ARM.Collect$$libinit$$0000002C  c_w.l(libinit2.o)
    0x0800025a   0x0800025a   0x00000000   Code   RO          898    .ARM.Collect$$libinit$$0000002E  c_w.l(libinit2.o)
    0x0800025a   0x0800025a   0x00000000   Code   RO          900    .ARM.Collect$$libinit$$00000030  c_w.l(libinit2.o)
    0x0800025a   0x0800025a   0x00000000   Code   RO          902    .ARM.Collect$$libinit$$00000032  c_w.l(libinit2.o)
    0x0800025a   0x0800025a   0x00000002   Code   RO          903    .ARM.Collect$$libinit$$00000033  c_w.l(libinit2.o)
    0x0800025c   0x0800025c   0x00000002   Code   RO         1097    .ARM.Collect$$libshutdown$$00000000  c_w.l(libshutdown.o)
    0x0800025e   0x0800025e   0x00000000   Code   RO         1053    .ARM.Collect$$libshutdown$$00000002  c_w.l(libshutdown2.o)
    0x0800025e   0x0800025e   0x00000000   Code   RO         1055    .ARM.Collect$$libshutdown$$00000004  c_w.l(libshutdown2.o)
    0x0800025e   0x0800025e   0x00000000   Code   RO         1058    .ARM.Collect$$libshutdown$$00000007  c_w.l(libshutdown2.o)
    0x0800025e   0x0800025e   0x00000000   Code   RO         1061    .ARM.Collect$$libshutdown$$0000000A  c_w.l(libshutdown2.o)
    0x0800025e   0x0800025e   0x00000000   Code   RO         1063    .ARM.Collect$$libshutdown$$0000000C  c_w.l(libshutdown2.o)
    0x0800025e   0x0800025e   0x00000000   Code   RO         1066    .ARM.Collect$$libshutdown$$0000000F  c_w.l(libshutdown2.o)
    0x0800025e   0x0800025e   0x00000002   Code   RO         1067    .ARM.Collect$$libshutdown$$00000010  c_w.l(libshutdown2.o)
    0x08000260   0x08000260   0x00000000   Code   RO          757    .ARM.Collect$$rtentry$$00000000  c_w.l(__rtentry.o)
    0x08000260   0x08000260   0x00000000   Code   RO          918    .ARM.Collect$$rtentry$$00000002  c_w.l(__rtentry2.o)
    0x08000260   0x08000260   0x00000006   Code   RO          930    .ARM.Collect$$rtentry$$00000004  c_w.l(__rtentry4.o)
    0x08000266   0x08000266   0x00000000   Code   RO          920    .ARM.Collect$$rtentry$$00000009  c_w.l(__rtentry2.o)
    0x08000266   0x08000266   0x00000004   Code   RO          921    .ARM.Collect$$rtentry$$0000000A  c_w.l(__rtentry2.o)
    0x0800026a   0x0800026a   0x00000000   Code   RO          923    .ARM.Collect$$rtentry$$0000000C  c_w.l(__rtentry2.o)
    0x0800026a   0x0800026a   0x00000008   Code   RO          924    .ARM.Collect$$rtentry$$0000000D  c_w.l(__rtentry2.o)
    0x08000272   0x08000272   0x00000002   Code   RO         1037    .ARM.Collect$$rtexit$$00000000  c_w.l(rtexit.o)
    0x08000274   0x08000274   0x00000000   Code   RO         1071    .ARM.Collect$$rtexit$$00000002  c_w.l(rtexit2.o)
    0x08000274   0x08000274   0x00000004   Code   RO         1072    .ARM.Collect$$rtexit$$00000003  c_w.l(rtexit2.o)
    0x08000278   0x08000278   0x00000006   Code   RO         1073    .ARM.Collect$$rtexit$$00000004  c_w.l(rtexit2.o)
    0x0800027e   0x0800027e   0x00000002   PAD
    0x08000280   0x08000280   0x00000000   Code   RO          934    .emb_text           c_w.l(maybetermalloc1.o)
    0x08000280   0x08000280   0x00000288   Code   RO            1    .text               main.o
    0x08000508   0x08000508   0x0000001a   Code   RO          139    .text               stm32f10x_it.o
    0x08000522   0x08000522   0x00000002   PAD
    0x08000524   0x08000524   0x000001e0   Code   RO          154    .text               system_stm32f10x.o
    0x08000704   0x08000704   0x00000040   Code   RO          186    .text               startup_stm32f10x_hd.o
    0x08000744   0x08000744   0x000000dc   Code   RO          190    .text               misc.o
    0x08000820   0x08000820   0x0000035c   Code   RO          360    .text               stm32f10x_gpio.o
    0x08000b7c   0x08000b7c   0x000003a4   Code   RO          408    .text               stm32f10x_rcc.o
    0x08000f20   0x08000f20   0x00000e1a   Code   RO          458    .text               stm32f10x_tim.o
    0x08001d3a   0x08001d3a   0x00000002   PAD
    0x08001d3c   0x08001d3c   0x00000408   Code   RO          470    .text               stm32f10x_usart.o
    0x08002144   0x08002144   0x000000d4   Code   RO          494    .text               delay.o
    0x08002218   0x08002218   0x00000168   Code   RO          524    .text               usart.o
    0x08002380   0x08002380   0x00000428   Code   RO          550    .text               esp8266.o
    0x080027a8   0x080027a8   0x0000008c   Code   RO          570    .text               timer7.o
    0x08002834   0x08002834   0x000001ac   Code   RO          583    .text               usart1.o
    0x080029e0   0x080029e0   0x00000080   Code   RO          609    .text               gpio.o
    0x08002a60   0x08002a60   0x0000005e   Code   RO          655    .text               c_w.l(h1_alloc.o)
    0x08002abe   0x08002abe   0x0000004e   Code   RO          657    .text               c_w.l(h1_free.o)
    0x08002b0c   0x08002b0c   0x00000024   Code   RO          713    .text               c_w.l(vsprintf.o)
    0x08002b30   0x08002b30   0x00000018   Code   RO          715    .text               c_w.l(__2printf.o)
    0x08002b48   0x08002b48   0x00000052   Code   RO          721    .text               c_w.l(_printf_str.o)
    0x08002b9a   0x08002b9a   0x00000002   PAD
    0x08002b9c   0x08002b9c   0x00000188   Code   RO          740    .text               c_w.l(__printf_flags_ss_wp.o)
    0x08002d24   0x08002d24   0x00000024   Code   RO          745    .text               c_w.l(strstr.o)
    0x08002d48   0x08002d48   0x0000003e   Code   RO          747    .text               c_w.l(strlen.o)
    0x08002d86   0x08002d86   0x00000044   Code   RO          749    .text               c_w.l(rt_memclr.o)
    0x08002dca   0x08002dca   0x00000006   Code   RO          751    .text               c_w.l(heapauxi.o)
    0x08002dd0   0x08002dd0   0x00000008   Code   RO          761    .text               c_w.l(rt_heap_descriptor_intlibspace.o)
    0x08002dd8   0x08002dd8   0x00000004   Code   RO          763    .text               c_w.l(hguard.o)
    0x08002ddc   0x08002ddc   0x0000008a   Code   RO          765    .text               c_w.l(init_alloc.o)
    0x08002e66   0x08002e66   0x0000000e   Code   RO          769    .text               c_w.l(h1_init.o)
    0x08002e74   0x08002e74   0x0000004e   Code   RO          783    .text               c_w.l(_printf_pad.o)
    0x08002ec2   0x08002ec2   0x00000024   Code   RO          785    .text               c_w.l(_printf_truncate.o)
    0x08002ee6   0x08002ee6   0x00000002   PAD
    0x08002ee8   0x08002ee8   0x00000078   Code   RO          787    .text               c_w.l(_printf_dec.o)
    0x08002f60   0x08002f60   0x00000028   Code   RO          789    .text               c_w.l(_printf_charcount.o)
    0x08002f88   0x08002f88   0x00000030   Code   RO          791    .text               c_w.l(_printf_char_common.o)
    0x08002fb8   0x08002fb8   0x0000000a   Code   RO          793    .text               c_w.l(_sputc.o)
    0x08002fc2   0x08002fc2   0x0000002c   Code   RO          795    .text               c_w.l(_printf_char.o)
    0x08002fee   0x08002fee   0x00000002   PAD
    0x08002ff0   0x08002ff0   0x00000024   Code   RO          797    .text               c_w.l(_printf_char_file.o)
    0x08003014   0x08003014   0x000000bc   Code   RO          799    .text               c_w.l(_printf_wctomb.o)
    0x080030d0   0x080030d0   0x0000007c   Code   RO          802    .text               c_w.l(_printf_longlong_dec.o)
    0x0800314c   0x0800314c   0x00000070   Code   RO          808    .text               c_w.l(_printf_oct_int_ll.o)
    0x080031bc   0x080031bc   0x00000094   Code   RO          828    .text               c_w.l(_printf_hex_int_ll_ptr.o)
    0x08003250   0x08003250   0x0000004e   Code   RO          855    .text               c_w.l(rt_memclr_w.o)
    0x0800329e   0x0800329e   0x00000002   PAD
    0x080032a0   0x080032a0   0x00000008   Code   RO          914    .text               c_w.l(libspace.o)
    0x080032a8   0x080032a8   0x00000034   Code   RO          936    .text               c_w.l(h1_extend.o)
    0x080032dc   0x080032dc   0x0000008a   Code   RO          940    .text               c_w.l(lludiv10.o)
    0x08003366   0x08003366   0x000000b2   Code   RO          942    .text               c_w.l(_printf_intcommon.o)
    0x08003418   0x08003418   0x0000041a   Code   RO          944    .text               c_w.l(_printf_fp_dec.o)
    0x08003832   0x08003832   0x00000002   PAD
    0x08003834   0x08003834   0x000002fc   Code   RO          946    .text               c_w.l(_printf_fp_hex.o)
    0x08003b30   0x08003b30   0x0000002c   Code   RO          951    .text               c_w.l(_printf_wchar.o)
    0x08003b5c   0x08003b5c   0x00000008   Code   RO          953    .text               c_w.l(ferror.o)
    0x08003b64   0x08003b64   0x00000040   Code   RO          957    .text               c_w.l(_wcrtomb.o)
    0x08003ba4   0x08003ba4   0x0000000e   Code   RO          959    .text               c_w.l(defsig_rtmem_outer.o)
    0x08003bb2   0x08003bb2   0x00000002   Code   RO          970    .text               c_w.l(use_no_semi.o)
    0x08003bb4   0x08003bb4   0x00000000   Code   RO          972    .text               c_w.l(indicate_semi.o)
    0x08003bb4   0x08003bb4   0x0000004a   Code   RO          973    .text               c_w.l(sys_stackheap_outer.o)
    0x08003bfe   0x08003bfe   0x00000002   PAD
    0x08003c00   0x08003c00   0x00000010   Code   RO          975    .text               c_w.l(rt_ctype_table.o)
    0x08003c10   0x08003c10   0x00000008   Code   RO          982    .text               c_w.l(rt_locale_intlibspace.o)
    0x08003c18   0x08003c18   0x00000080   Code   RO          986    .text               c_w.l(_printf_fp_infnan.o)
    0x08003c98   0x08003c98   0x000000dc   Code   RO          988    .text               c_w.l(bigflt0.o)
    0x08003d74   0x08003d74   0x00000012   Code   RO         1016    .text               c_w.l(exit.o)
    0x08003d86   0x08003d86   0x0000000a   Code   RO         1018    .text               c_w.l(defsig_exit.o)
    0x08003d90   0x08003d90   0x00000050   Code   RO         1020    .text               c_w.l(defsig_rtmem_inner.o)
    0x08003de0   0x08003de0   0x00000032   Code   RO         1048    .text               c_w.l(defsig_general.o)
    0x08003e12   0x08003e12   0x00000002   PAD
    0x08003e14   0x08003e14   0x00000080   Code   RO         1050    .text               c_w.l(strcmpv7m.o)
    0x08003e94   0x08003e94   0x0000000e   Code   RO         1068    .text               c_w.l(sys_wrch.o)
    0x08003ea2   0x08003ea2   0x0000003e   Code   RO          991    CL$$btod_d2e        c_w.l(btod.o)
    0x08003ee0   0x08003ee0   0x00000046   Code   RO          993    CL$$btod_d2e_denorm_low  c_w.l(btod.o)
    0x08003f26   0x08003f26   0x00000060   Code   RO          992    CL$$btod_d2e_norm_op1  c_w.l(btod.o)
    0x08003f86   0x08003f86   0x00000338   Code   RO         1001    CL$$btod_div_common  c_w.l(btod.o)
    0x080042be   0x080042be   0x000000c6   Code   RO          998    CL$$btod_e2e        c_w.l(btod.o)
    0x08004384   0x08004384   0x00000028   Code   RO          995    CL$$btod_ediv       c_w.l(btod.o)
    0x080043ac   0x080043ac   0x00000028   Code   RO          994    CL$$btod_emul       c_w.l(btod.o)
    0x080043d4   0x080043d4   0x00000244   Code   RO         1000    CL$$btod_mult_common  c_w.l(btod.o)
    0x08004618   0x08004618   0x00000028   Code   RO         1035    i.__ARM_fpclassify  m_ws.l(fpclassify.o)
    0x08004640   0x08004640   0x0000000e   Code   RO          733    i._is_digit         c_w.l(__printf_wp.o)
    0x0800464e   0x0800464e   0x00000002   PAD
    0x08004650   0x08004650   0x0000002c   Code   RO         1014    locale$$code        c_w.l(lc_numeric_c.o)
    0x0800467c   0x0800467c   0x0000002c   Code   RO         1044    locale$$code        c_w.l(lc_ctype_c.o)
    0x080046a8   0x080046a8   0x00000004   Code   RO          904    x$fpl$printf1       fz_ws.l(printf1.o)
    0x080046ac   0x080046ac   0x00000004   Code   RO          906    x$fpl$printf2       fz_ws.l(printf2.o)
    0x080046b0   0x080046b0   0x00000000   Code   RO         1034    x$fpl$usenofp       fz_ws.l(usenofp.o)
    0x080046b0   0x080046b0   0x00000011   Data   RO          741    .constdata          c_w.l(__printf_flags_ss_wp.o)
    0x080046c1   0x080046c1   0x00000003   PAD
    0x080046c4   0x080046c4   0x00000008   Data   RO          800    .constdata          c_w.l(_printf_wctomb.o)
    0x080046cc   0x080046cc   0x00000028   Data   RO          829    .constdata          c_w.l(_printf_hex_int_ll_ptr.o)
    0x080046f4   0x080046f4   0x00000026   Data   RO          947    .constdata          c_w.l(_printf_fp_hex.o)
    0x0800471a   0x0800471a   0x00000002   PAD
    0x0800471c   0x0800471c   0x00000094   Data   RO          989    .constdata          c_w.l(bigflt0.o)
    0x080047b0   0x080047b0   0x00000020   Data   RO         1098    Region$$Table       anon$$obj.o
    0x080047d0   0x080047d0   0x0000001c   Data   RO         1013    locale$$data        c_w.l(lc_numeric_c.o)
    0x080047ec   0x080047ec   0x00000110   Data   RO         1043    locale$$data        c_w.l(lc_ctype_c.o)


    Execution Region RW_IRAM1 (Exec base: 0x20000000, Load base: 0x080048fc, Size: 0x00000c10, Max: 0x0000c000, ABSOLUTE)

    Exec Addr    Load Addr    Size         Type   Attr      Idx    E Section Name        Object

    0x20000000   0x080048fc   0x00000014   Data   RW          155    .data               system_stm32f10x.o
    0x20000014   0x08004910   0x00000014   Data   RW          409    .data               stm32f10x_rcc.o
    0x20000028   0x08004924   0x00000004   Data   RW          495    .data               delay.o
    0x2000002c   0x08004928   0x00000006   Data   RW          526    .data               usart.o
    0x20000032   0x0800492e   0x00000002   Data   RW          585    .data               usart1.o
    0x20000034        -       0x000000c8   Zero   RW          525    .bss                usart.o
    0x200000fc        -       0x000004b0   Zero   RW          584    .bss                usart1.o
    0x200005ac        -       0x00000060   Zero   RW          915    .bss                c_w.l(libspace.o)
    0x2000060c   0x08004930   0x00000004   PAD
    0x20000610        -       0x00000200   Zero   RW          184    HEAP                startup_stm32f10x_hd.o
    0x20000810        -       0x00000400   Zero   RW          183    STACK               startup_stm32f10x_hd.o


==============================================================================

Image component sizes


      Code (inc. data)   RO Data    RW Data    ZI Data      Debug   Object Name

         0          0          0          0          0         32   core_cm3.o
       212         18          0          4          0        971   delay.o
      1064        522          0          0          0       2511   esp8266.o
       128         12          0          0          0        839   gpio.o
       648        210          0          0          0     252287   main.o
       220         22          0          0          0     206433   misc.o
        64         26        304          0       1536        768   startup_stm32f10x_hd.o
       860         38          0          0          0       5661   stm32f10x_gpio.o
        26          0          0          0          0       1146   stm32f10x_it.o
       932         36          0         20          0       8804   stm32f10x_rcc.o
      3610         88          0          0          0      22768   stm32f10x_tim.o
      1032         22          0          0          0       8388   stm32f10x_usart.o
       480         38          0         20          0       1635   system_stm32f10x.o
       140          8          0          0          0        760   timer7.o
       360         18          0          6        200       3357   usart.o
       428         42          0          2       1200       2514   usart1.o

    ----------------------------------------------------------------------
     10208       1100        336         52       2936     518874   Object Totals
         0          0         32          0          0          0   (incl. Generated)
         4          0          0          0          0          0   (incl. Padding)

    ----------------------------------------------------------------------

      Code (inc. data)   RO Data    RW Data    ZI Data      Debug   Library Member Name

        24          4          0          0          0         84   __2printf.o
         8          0          0          0          0         68   __main.o
       392          4         17          0          0         92   __printf_flags_ss_wp.o
        14          0          0          0          0         68   __printf_wp.o
         0          0          0          0          0          0   __rtentry.o
        12          0          0          0          0          0   __rtentry2.o
         6          0          0          0          0          0   __rtentry4.o
        52          8          0          0          0          0   __scatter.o
        26          0          0          0          0          0   __scatter_copy.o
        28          0          0          0          0          0   __scatter_zi.o
         6          0          0          0          0          0   _printf_a.o
         6          0          0          0          0          0   _printf_c.o
        44          0          0          0          0        108   _printf_char.o
        48          6          0          0          0         96   _printf_char_common.o
        36          4          0          0          0         80   _printf_char_file.o
        40          0          0          0          0         68   _printf_charcount.o
         6          0          0          0          0          0   _printf_d.o
       120         16          0          0          0         92   _printf_dec.o
         6          0          0          0          0          0   _printf_e.o
         6          0          0          0          0          0   _printf_f.o
      1050          0          0          0          0        216   _printf_fp_dec.o
       764         10         38          0          0        100   _printf_fp_hex.o
       128         16          0          0          0         84   _printf_fp_infnan.o
         6          0          0          0          0          0   _printf_g.o
       148          4         40          0          0        160   _printf_hex_int_ll_ptr.o
         6          0          0          0          0          0   _printf_i.o
       178          0          0          0          0         88   _printf_intcommon.o
        10          0          0          0          0          0   _printf_l.o
         6          0          0          0          0          0   _printf_lc.o
        10          0          0          0          0          0   _printf_ll.o
         6          0          0          0          0          0   _printf_lld.o
         6          0          0          0          0          0   _printf_lli.o
         6          0          0          0          0          0   _printf_llo.o
         6          0          0          0          0          0   _printf_llu.o
         6          0          0          0          0          0   _printf_llx.o
       124         16          0          0          0         92   _printf_longlong_dec.o
         6          0          0          0          0          0   _printf_ls.o
         6          0          0          0          0          0   _printf_n.o
         6          0          0          0          0          0   _printf_o.o
       112          8          0          0          0        124   _printf_oct_int_ll.o
         6          0          0          0          0          0   _printf_p.o
        78          0          0          0          0        108   _printf_pad.o
         0          0          0          0          0          0   _printf_percent.o
         4          0          0          0          0          0   _printf_percent_end.o
         6          0          0          0          0          0   _printf_s.o
        82          0          0          0          0         80   _printf_str.o
        36          0          0          0          0         84   _printf_truncate.o
         6          0          0          0          0          0   _printf_u.o
        44          0          0          0          0        108   _printf_wchar.o
       188          6          8          0          0         92   _printf_wctomb.o
         6          0          0          0          0          0   _printf_x.o
        10          0          0          0          0         68   _sputc.o
        64          0          0          0          0         92   _wcrtomb.o
       220          4        148          0          0         96   bigflt0.o
      1910        128          0          0          0        672   btod.o
        10          0          0          0          0         68   defsig_exit.o
        50          0          0          0          0         88   defsig_general.o
        80         58          0          0          0         76   defsig_rtmem_inner.o
        14          0          0          0          0         80   defsig_rtmem_outer.o
        18          0          0          0          0         80   exit.o
         8          0          0          0          0         68   ferror.o
        94          0          0          0          0         80   h1_alloc.o
        52          0          0          0          0         68   h1_extend.o
        78          0          0          0          0         80   h1_free.o
        14          0          0          0          0         84   h1_init.o
         6          0          0          0          0        152   heapauxi.o
         4          0          0          0          0        136   hguard.o
         0          0          0          0          0          0   indicate_semi.o
       138          0          0          0          0        168   init_alloc.o
        44         10        272          0          0         76   lc_ctype_c.o
        44         10         28          0          0         76   lc_numeric_c.o
         2          0          0          0          0          0   libinit.o
        38          0          0          0          0          0   libinit2.o
         2          0          0          0          0          0   libshutdown.o
         2          0          0          0          0          0   libshutdown2.o
         8          4          0          0         96         68   libspace.o
       138          0          0          0          0         80   lludiv10.o
         0          0          0          0          0          0   maybetermalloc1.o
        16          4          0          0          0         76   rt_ctype_table.o
         8          4          0          0          0         68   rt_heap_descriptor_intlibspace.o
         8          4          0          0          0         68   rt_locale_intlibspace.o
        68          0          0          0          0         68   rt_memclr.o
        78          0          0          0          0         80   rt_memclr_w.o
         2          0          0          0          0          0   rtexit.o
        10          0          0          0          0          0   rtexit2.o
       128          0          0          0          0         68   strcmpv7m.o
        62          0          0          0          0         76   strlen.o
        36          0          0          0          0         80   strstr.o
        74          0          0          0          0         80   sys_stackheap_outer.o
        14          0          0          0          0         76   sys_wrch.o
         2          0          0          0          0         68   use_no_semi.o
        36          4          0          0          0         76   vsprintf.o
         4          0          0          0          0         68   printf1.o
         4          0          0          0          0         68   printf2.o
         0          0          0          0          0          0   usenofp.o
        40          0          0          0          0         68   fpclassify.o

    ----------------------------------------------------------------------
      7584        332        556          0        100       5636   Library Totals
        20          0          5          0          4          0   (incl. Padding)

    ----------------------------------------------------------------------

      Code (inc. data)   RO Data    RW Data    ZI Data      Debug   Library Name

      7516        332        551          0         96       5432   c_w.l
         8          0          0          0          0        136   fz_ws.l
        40          0          0          0          0         68   m_ws.l

    ----------------------------------------------------------------------
      7584        332        556          0        100       5636   Library Totals

    ----------------------------------------------------------------------

==============================================================================


      Code (inc. data)   RO Data    RW Data    ZI Data      Debug   

     17792       1432        892         52       3036     520190   Grand Totals
     17792       1432        892         52       3036     520190   ELF Image Totals
     17792       1432        892         52          0          0   ROM Totals

==============================================================================

    Total RO  Size (Code + RO Data)                18684 (  18.25kB)
    Total RW  Size (RW Data + ZI Data)              3088 (   3.02kB)
    Total ROM Size (Code + RO Data + RW Data)      18736 (  18.30kB)

==============================================================================

